Archive member included to satisfy reference by file (symbol)

D:/Programs/STM32CubeIDE_1.13.1/STM32CubeIDE/plugins/com.st.stm32cube.ide.mcu.externaltools.gnu-tools-for-stm32.12.3.rel1.win32_1.0.100.202403111256/tools/bin/../lib/gcc/arm-none-eabi/12.3.1/../../../../arm-none-eabi/lib/thumb/v7-m/nofp\libc_nano.a(libc_a-exit.o)
                              D:/Programs/STM32CubeIDE_1.13.1/STM32CubeIDE/plugins/com.st.stm32cube.ide.mcu.externaltools.gnu-tools-for-stm32.12.3.rel1.win32_1.0.100.202403111256/tools/bin/../lib/gcc/arm-none-eabi/12.3.1/../../../../arm-none-eabi/lib/thumb/v7-m/nofp/crt0.o (exit)
D:/Programs/STM32CubeIDE_1.13.1/STM32CubeIDE/plugins/com.st.stm32cube.ide.mcu.externaltools.gnu-tools-for-stm32.12.3.rel1.win32_1.0.100.202403111256/tools/bin/../lib/gcc/arm-none-eabi/12.3.1/../../../../arm-none-eabi/lib/thumb/v7-m/nofp\libc_nano.a(libc_a-findfp.o)
                              D:/Programs/STM32CubeIDE_1.13.1/STM32CubeIDE/plugins/com.st.stm32cube.ide.mcu.externaltools.gnu-tools-for-stm32.12.3.rel1.win32_1.0.100.202403111256/tools/bin/../lib/gcc/arm-none-eabi/12.3.1/../../../../arm-none-eabi/lib/thumb/v7-m/nofp\libc_nano.a(libc_a-exit.o) (__stdio_exit_handler)
D:/Programs/STM32CubeIDE_1.13.1/STM32CubeIDE/plugins/com.st.stm32cube.ide.mcu.externaltools.gnu-tools-for-stm32.12.3.rel1.win32_1.0.100.202403111256/tools/bin/../lib/gcc/arm-none-eabi/12.3.1/../../../../arm-none-eabi/lib/thumb/v7-m/nofp\libc_nano.a(libc_a-fwalk.o)
                              D:/Programs/STM32CubeIDE_1.13.1/STM32CubeIDE/plugins/com.st.stm32cube.ide.mcu.externaltools.gnu-tools-for-stm32.12.3.rel1.win32_1.0.100.202403111256/tools/bin/../lib/gcc/arm-none-eabi/12.3.1/../../../../arm-none-eabi/lib/thumb/v7-m/nofp\libc_nano.a(libc_a-findfp.o) (_fwalk_sglue)
D:/Programs/STM32CubeIDE_1.13.1/STM32CubeIDE/plugins/com.st.stm32cube.ide.mcu.externaltools.gnu-tools-for-stm32.12.3.rel1.win32_1.0.100.202403111256/tools/bin/../lib/gcc/arm-none-eabi/12.3.1/../../../../arm-none-eabi/lib/thumb/v7-m/nofp\libc_nano.a(libc_a-stdio.o)
                              D:/Programs/STM32CubeIDE_1.13.1/STM32CubeIDE/plugins/com.st.stm32cube.ide.mcu.externaltools.gnu-tools-for-stm32.12.3.rel1.win32_1.0.100.202403111256/tools/bin/../lib/gcc/arm-none-eabi/12.3.1/../../../../arm-none-eabi/lib/thumb/v7-m/nofp\libc_nano.a(libc_a-findfp.o) (__sread)
D:/Programs/STM32CubeIDE_1.13.1/STM32CubeIDE/plugins/com.st.stm32cube.ide.mcu.externaltools.gnu-tools-for-stm32.12.3.rel1.win32_1.0.100.202403111256/tools/bin/../lib/gcc/arm-none-eabi/12.3.1/../../../../arm-none-eabi/lib/thumb/v7-m/nofp\libc_nano.a(libc_a-memset.o)
                              D:/Programs/STM32CubeIDE_1.13.1/STM32CubeIDE/plugins/com.st.stm32cube.ide.mcu.externaltools.gnu-tools-for-stm32.12.3.rel1.win32_1.0.100.202403111256/tools/bin/../lib/gcc/arm-none-eabi/12.3.1/../../../../arm-none-eabi/lib/thumb/v7-m/nofp/crt0.o (memset)
D:/Programs/STM32CubeIDE_1.13.1/STM32CubeIDE/plugins/com.st.stm32cube.ide.mcu.externaltools.gnu-tools-for-stm32.12.3.rel1.win32_1.0.100.202403111256/tools/bin/../lib/gcc/arm-none-eabi/12.3.1/../../../../arm-none-eabi/lib/thumb/v7-m/nofp\libc_nano.a(libc_a-closer.o)
                              D:/Programs/STM32CubeIDE_1.13.1/STM32CubeIDE/plugins/com.st.stm32cube.ide.mcu.externaltools.gnu-tools-for-stm32.12.3.rel1.win32_1.0.100.202403111256/tools/bin/../lib/gcc/arm-none-eabi/12.3.1/../../../../arm-none-eabi/lib/thumb/v7-m/nofp\libc_nano.a(libc_a-stdio.o) (_close_r)
D:/Programs/STM32CubeIDE_1.13.1/STM32CubeIDE/plugins/com.st.stm32cube.ide.mcu.externaltools.gnu-tools-for-stm32.12.3.rel1.win32_1.0.100.202403111256/tools/bin/../lib/gcc/arm-none-eabi/12.3.1/../../../../arm-none-eabi/lib/thumb/v7-m/nofp\libc_nano.a(libc_a-reent.o)
                              D:/Programs/STM32CubeIDE_1.13.1/STM32CubeIDE/plugins/com.st.stm32cube.ide.mcu.externaltools.gnu-tools-for-stm32.12.3.rel1.win32_1.0.100.202403111256/tools/bin/../lib/gcc/arm-none-eabi/12.3.1/../../../../arm-none-eabi/lib/thumb/v7-m/nofp\libc_nano.a(libc_a-closer.o) (errno)
D:/Programs/STM32CubeIDE_1.13.1/STM32CubeIDE/plugins/com.st.stm32cube.ide.mcu.externaltools.gnu-tools-for-stm32.12.3.rel1.win32_1.0.100.202403111256/tools/bin/../lib/gcc/arm-none-eabi/12.3.1/../../../../arm-none-eabi/lib/thumb/v7-m/nofp\libc_nano.a(libc_a-impure.o)
                              D:/Programs/STM32CubeIDE_1.13.1/STM32CubeIDE/plugins/com.st.stm32cube.ide.mcu.externaltools.gnu-tools-for-stm32.12.3.rel1.win32_1.0.100.202403111256/tools/bin/../lib/gcc/arm-none-eabi/12.3.1/../../../../arm-none-eabi/lib/thumb/v7-m/nofp\libc_nano.a(libc_a-reent.o) (_impure_ptr)
D:/Programs/STM32CubeIDE_1.13.1/STM32CubeIDE/plugins/com.st.stm32cube.ide.mcu.externaltools.gnu-tools-for-stm32.12.3.rel1.win32_1.0.100.202403111256/tools/bin/../lib/gcc/arm-none-eabi/12.3.1/../../../../arm-none-eabi/lib/thumb/v7-m/nofp\libc_nano.a(libc_a-lseekr.o)
[...]
Memory Configuration

Name             Origin             Length             Attributes
RAM              0x20000000         0x00005000         xrw
FLASH            0x08000000         0x00010000         xr
*default*        0x00000000         0xffffffff

Linker script and memory map

LOAD D:/Programs/STM32CubeIDE_1.13.1/STM32CubeIDE/plugins/com.st.stm32cube.ide.mcu.externaltools.gnu-tools-for-stm32.12.3.rel1.win32_1.0.100.202403111256/tools/bin/../lib/gcc/arm-none-eabi/12.3.1/thumb/v7-m/nofp/crti.o
LOAD D:/Programs/STM32CubeIDE_1.13.1/STM32CubeIDE/plugins/com.st.stm32cube.ide.mcu.externaltools.gnu-tools-for-stm32.12.3.rel1.win32_1.0.100.202403111256/tools/bin/../lib/gcc/arm-none-eabi/12.3.1/thumb/v7-m/nofp/crtbegin.o
LOAD D:/Programs/STM32CubeIDE_1.13.1/STM32CubeIDE/plugins/com.st.stm32cube.ide.mcu.externaltools.gnu-tools-for-stm32.12.3.rel1.win32_1.0.100.202403111256/tools/bin/../lib/gcc/arm-none-eabi/12.3.1/../../../../arm-none-eabi/lib/thumb/v7-m/nofp/crt0.o
LOAD ./Core/Src/main.o
LOAD ./Core/Src/stm32f1xx_hal_msp.o
LOAD ./Core/Src/stm32f1xx_it.o
LOAD ./Core/Src/syscalls.o
LOAD ./Core/Src/sysmem.o
LOAD ./Core/Src/system_stm32f1xx.o
LOAD ./Core/Startup/startup_stm32f103c8tx.o
LOAD ./Drivers/STM32F1xx_HAL_Driver/Src/stm32f1xx_hal.o
LOAD ./Drivers/STM32F1xx_HAL_Driver/Src/stm32f1xx_hal_adc.o
LOAD ./Drivers/STM32F1xx_HAL_Driver/Src/stm32f1xx_hal_adc_ex.o
LOAD ./Drivers/STM32F1xx_HAL_Driver/Src/stm32f1xx_hal_cortex.o
LOAD ./Drivers/STM32F1xx_HAL_Driver/Src/stm32f1xx_hal_dma.o
LOAD ./Drivers/STM32F1xx_HAL_Driver/Src/stm32f1xx_hal_exti.o
LOAD ./Drivers/STM32F1xx_HAL_Driver/Src/stm32f1xx_hal_flash.o
LOAD ./Drivers/STM32F1xx_HAL_Driver/Src/stm32f1xx_hal_flash_ex.o
LOAD ./Drivers/STM32F1xx_HAL_Driver/Src/stm32f1xx_hal_gpio.o
LOAD ./Drivers/STM32F1xx_HAL_Driver/Src/stm32f1xx_hal_gpio_ex.o
LOAD ./Drivers/STM32F1xx_HAL_Driver/Src/stm32f1xx_hal_i2c.o
LOAD ./Drivers/STM32F1xx_HAL_Driver/Src/stm32f1xx_hal_pcd.o
LOAD ./Drivers/STM32F1xx_HAL_Driver/Src/stm32f1xx_hal_pcd_ex.o
LOAD ./Drivers/STM32F1xx_HAL_Driver/Src/stm32f1xx_hal_pwr.o
LOAD ./Drivers/STM32F1xx_HAL_Driver/Src/stm32f1xx_hal_rcc.o
LOAD ./Drivers/STM32F1xx_HAL_Driver/Src/stm32f1xx_hal_rcc_ex.o
LOAD ./Drivers/STM32F1xx_HAL_Driver/Src/stm32f1xx_hal_tim.o
LOAD ./Drivers/STM32F1xx_HAL_Driver/Src/stm32f1xx_hal_tim_ex.o
LOAD ./Drivers/STM32F1xx_HAL_Driver/Src/stm32f1xx_hal_uart.o
LOAD ./Drivers/STM32F1xx_HAL_Driver/Src/stm32f1xx_ll_usb.o
LOAD ./Middlewares/ST/STM32_USB_Device_Library/Class/CDC/Src/usbd_cdc.o
LOAD ./Middlewares/ST/STM32_USB_Device_Library/Core/Src/usbd_core.o
LOAD ./Middlewares/ST/STM32_USB_Device_Library/Core/Src/usbd_ctlreq.o
LOAD ./Middlewares/ST/STM32_USB_Device_Library/Core/Src/usbd_ioreq.o
LOAD ./USB_DEVICE/App/usb_device.o
LOAD ./USB_DEVICE/App/usbd_cdc_if.o
LOAD ./USB_DEVICE/App/usbd_desc.o
LOAD ./USB_DEVICE/Target/usbd_conf.o
START GROUP
LOAD D:/Programs/STM32CubeIDE_1.13.1/STM32CubeIDE/plugins/com.st.stm32cube.ide.mcu.externaltools.gnu-tools-for-stm32.12.3.rel1.win32_1.0.100.202403111256/tools/bin/../lib/gcc/arm-none-eabi/12.3.1/../../../../arm-none-eabi/lib/thumb/v7-m/nofp\libc_nano.a
LOAD D:/Programs/STM32CubeIDE_1.13.1/STM32CubeIDE/plugins/com.st.stm32cube.ide.mcu.externaltools.gnu-tools-for-stm32.12.3.rel1.win32_1.0.100.202403111256/tools/bin/../lib/gcc/arm-none-eabi/12.3.1/../../../../arm-none-eabi/lib/thumb/v7-m/nofp\libm.a
END GROUP
START GROUP
LOAD D:/Programs/STM32CubeIDE_1.13.1/STM32CubeIDE/plugins/com.st.stm32cube.ide.mcu.externaltools.gnu-tools-for-stm32.12.3.rel1.win32_1.0.100.202403111256/tools/bin/../lib/gcc/arm-none-eabi/12.3.1/thumb/v7-m/nofp\libgcc.a
LOAD D:/Programs/STM32CubeIDE_1.13.1/STM32CubeIDE/plugins/com.st.stm32cube.ide.mcu.externaltools.gnu-tools-for-stm32.12.3.rel1.win32_1.0.100.202403111256/tools/bin/../lib/gcc/arm-none-eabi/12.3.1/../../../../arm-none-eabi/lib/thumb/v7-m/nofp\libc_nano.a
END GROUP
START GROUP
LOAD D:/Programs/STM32CubeIDE_1.13.1/STM32CubeIDE/plugins/com.st.stm32cube.ide.mcu.externaltools.gnu-tools-for-stm32.12.3.rel1.win32_1.0.100.202403111256/tools/bin/../lib/gcc/arm-none-eabi/12.3.1/thumb/v7-m/nofp\libgcc.a
LOAD D:/Programs/STM32CubeIDE_1.13.1/STM32CubeIDE/plugins/com.st.stm32cube.ide.mcu.externaltools.gnu-tools-for-stm32.12.3.rel1.win32_1.0.100.202403111256/tools/bin/../lib/gcc/arm-none-eabi/12.3.1/../../../../arm-none-eabi/lib/thumb/v7-m/nofp\libc_nano.a
LOAD D:/Programs/STM32CubeIDE_1.13.1/STM32CubeIDE/plugins/com.st.stm32cube.ide.mcu.externaltools.gnu-tools-for-stm32.12.3.rel1.win32_1.0.100.202403111256/tools/bin/../lib/gcc/arm-none-eabi/12.3.1/../../../../arm-none-eabi/lib/thumb/v7-m/nofp\libnosys.a
END GROUP
START GROUP
LOAD D:/Programs/STM32CubeIDE_1.13.1/STM32CubeIDE/plugins/com.st.stm32cube.ide.mcu.externaltools.gnu-tools-for-stm32.12.3.rel1.win32_1.0.100.202403111256/tools/bin/../lib/gcc/arm-none-eabi/12.3.1/thumb/v7-m/nofp\libgcc.a
LOAD D:/Programs/STM32CubeIDE_1.13.1/STM32CubeIDE/plugins/com.st.stm32cube.ide.mcu.externaltools.gnu-tools-for-stm32.12.3.rel1.win32_1.0.100.202403111256/tools/bin/../lib/gcc/arm-none-eabi/12.3.1/../../../../arm-none-eabi/lib/thumb/v7-m/nofp\libc_nano.a
LOAD D:/Programs/STM32CubeIDE_1.13.1/STM32CubeIDE/plugins/com.st.stm32cube.ide.mcu.externaltools.gnu-tools-for-stm32.12.3.rel1.win32_1.0.100.202403111256/tools/bin/../lib/gcc/arm-none-eabi/12.3.1/../../../../arm-none-eabi/lib/thumb/v7-m/nofp\libnosys.a
END GROUP
LOAD D:/Programs/STM32CubeIDE_1.13.1/STM32CubeIDE/plugins/com.st.stm32cube.ide.mcu.externaltools.gnu-tools-for-stm32.12.3.rel1.win32_1.0.100.202403111256/tools/bin/../lib/gcc/arm-none-eabi/12.3.1/thumb/v7-m/nofp/crtend.o
LOAD D:/Programs/STM32CubeIDE_1.13.1/STM32CubeIDE/plugins/com.st.stm32cube.ide.mcu.externaltools.gnu-tools-for-stm32.12.3.rel1.win32_1.0.100.202403111256/tools/bin/../lib/gcc/arm-none-eabi/12.3.1/thumb/v7-m/nofp/crtn.o
                0x20005000                        _estack = (ORIGIN (RAM) + LENGTH (RAM))
                0x00000200                        _Min_Heap_Size = 0x200
                0x00000400                        _Min_Stack_Size = 0x400

.isr_vector     0x08000000      0x10c
                0x08000000                        . = ALIGN (0x4)
 *(.isr_vector)
 .isr_vector    0x08000000      0x10c ./Core/Startup/startup_stm32f103c8tx.o
                0x08000000                g_pfnVectors
                0x0800010c                        . = ALIGN (0x4)

.text           0x0800010c     0xa84c
                0x0800010c                        . = ALIGN (0x4)
 *(.text)
 .text          0x0800010c       0x40 D:/Programs/STM32CubeIDE_1.13.1/STM32CubeIDE/plugins/com.st.stm32cube.ide.mcu.externaltools.gnu-tools-for-stm32.12.3.rel1.win32_1.0.100.202403111256/tools/bin/../lib/gcc/arm-none-eabi/12.3.1/thumb/v7-m/nofp/crtbegin.o
 *(.text*)
 .text.HAL_ADC_ConvCpltCallback
                0x0800014c       0x5c ./Core/Src/main.o
                0x0800014c                HAL_ADC_ConvCpltCallback
 .text.HAL_TIM_PeriodElapsedCallback
                0x080001a8       0x74 ./Core/Src/main.o
                0x080001a8                HAL_TIM_PeriodElapsedCallback
 .text.HAL_UART_RxCpltCallback
                0x0800021c       0x44 ./Core/Src/main.o
                0x0800021c                HAL_UART_RxCpltCallback
 .text.USBReceive
                0x08000260       0x44 ./Core/Src/main.o
                0x08000260                USBReceive
 .text.decodeProtocol
                0x080002a4      0x1f4 ./Core/Src/main.o
                0x080002a4                decodeProtocol
 .text.decodeData
                0x08000498      0x164 ./Core/Src/main.o
                0x08000498                decodeData
 .text.encodeData
                0x080005fc      0x334 ./Core/Src/main.o
                0x080005fc                encodeData
 .text.main     0x08000930      0x17c ./Core/Src/main.o
                0x08000930                main
 .text.SystemClock_Config
                0x08000aac       0xba ./Core/Src/main.o
                0x08000aac                SystemClock_Config
 *fill*         0x08000b66        0x2 
 .text.MX_ADC1_Init
                0x08000b68      0x144 ./Core/Src/main.o
 .text.MX_I2C2_Init
                0x08000cac       0x5c ./Core/Src/main.o
 .text.MX_TIM1_Init
                0x08000d08       0xa0 ./Core/Src/main.o
 .text.MX_TIM4_Init
                0x08000da8       0x9c ./Core/Src/main.o
 .text.MX_USART1_UART_Init
                0x08000e44       0x54 ./Core/Src/main.o
 .text.MX_DMA_Init
                0x08000e98       0x3c ./Core/Src/main.o
 .text.MX_GPIO_Init
                0x08000ed4       0xfc ./Core/Src/main.o
 .text.Error_Handler
                0x08000fd0        0xc ./Core/Src/main.o
                0x08000fd0                Error_Handler
 .text.HAL_MspInit
                0x08000fdc       0x64 ./Core/Src/stm32f1xx_hal_msp.o
                0x08000fdc                HAL_MspInit
 .text.HAL_ADC_MspInit
                0x08001040       0xd0 ./Core/Src/stm32f1xx_hal_msp.o
                0x08001040                HAL_ADC_MspInit
 .text.HAL_I2C_MspInit
                0x08001110       0x80 ./Core/Src/stm32f1xx_hal_msp.o
                0x08001110                HAL_I2C_MspInit
 .text.HAL_TIM_Base_MspInit
                0x08001190       0x74 ./Core/Src/stm32f1xx_hal_msp.o
                0x08001190                HAL_TIM_Base_MspInit
 .text.HAL_UART_MspInit
                0x08001204       0xa8 ./Core/Src/stm32f1xx_hal_msp.o
                0x08001204                HAL_UART_MspInit
 .text.NMI_Handler
                0x080012ac        0x8 ./Core/Src/stm32f1xx_it.o
                0x080012ac                NMI_Handler
 .text.HardFault_Handler
                0x080012b4        0x8 ./Core/Src/stm32f1xx_it.o
                0x080012b4                HardFault_Handler
 .text.MemManage_Handler
                0x080012bc        0x8 ./Core/Src/stm32f1xx_it.o
                0x080012bc                MemManage_Handler
 .text.BusFault_Handler
                0x080012c4        0x8 ./Core/Src/stm32f1xx_it.o
                0x080012c4                BusFault_Handler
 .text.UsageFault_Handler
                0x080012cc        0x8 ./Core/Src/stm32f1xx_it.o
                0x080012cc                UsageFault_Handler
 .text.SVC_Handler
                0x080012d4        0xc ./Core/Src/stm32f1xx_it.o
                0x080012d4                SVC_Handler
 .text.DebugMon_Handler
                0x080012e0        0xc ./Core/Src/stm32f1xx_it.o
                0x080012e0                DebugMon_Handler
 .text.PendSV_Handler
                0x080012ec        0xc ./Core/Src/stm32f1xx_it.o
                0x080012ec                PendSV_Handler
 .text.SysTick_Handler
                0x080012f8        0xc ./Core/Src/stm32f1xx_it.o
                0x080012f8                SysTick_Handler
 .text.DMA1_Channel1_IRQHandler
                0x08001304       0x14 ./Core/Src/stm32f1xx_it.o
                0x08001304                DMA1_Channel1_IRQHandler
 .text.USB_LP_CAN1_RX0_IRQHandler
                0x08001318       0x14 ./Core/Src/stm32f1xx_it.o
                0x08001318                USB_LP_CAN1_RX0_IRQHandler
 .text.TIM1_UP_IRQHandler
                0x0800132c       0x14 ./Core/Src/stm32f1xx_it.o
                0x0800132c                TIM1_UP_IRQHandler
 .text.USART1_IRQHandler
                0x08001340       0x14 ./Core/Src/stm32f1xx_it.o
                0x08001340                USART1_IRQHandler
 .text.SystemInit
                0x08001354        0xc ./Core/Src/system_stm32f1xx.o
                0x08001354                SystemInit
 .text.Reset_Handler
                0x08001360       0x48 ./Core/Startup/startup_stm32f103c8tx.o
                0x08001360                Reset_Handler
 .text.Default_Handler
                0x080013a8        0x2 ./Core/Startup/startup_stm32f103c8tx.o
                0x080013a8                RTC_Alarm_IRQHandler
                0x080013a8                EXTI2_IRQHandler
                0x080013a8                TIM1_CC_IRQHandler
                0x080013a8                PVD_IRQHandler
                0x080013a8                EXTI3_IRQHandler
                0x080013a8                EXTI0_IRQHandler
                0x080013a8                I2C2_EV_IRQHandler
                0x080013a8                ADC1_2_IRQHandler
                0x080013a8                SPI1_IRQHandler
                0x080013a8                TAMPER_IRQHandler
                0x080013a8                DMA1_Channel4_IRQHandler
                0x080013a8                USART3_IRQHandler
                0x080013a8                RTC_IRQHandler
                0x080013a8                DMA1_Channel7_IRQHandler
                0x080013a8                CAN1_RX1_IRQHandler
                0x080013a8                TIM4_IRQHandler
                0x080013a8                I2C1_EV_IRQHandler
                0x080013a8                DMA1_Channel6_IRQHandler
                0x080013a8                TIM3_IRQHandler
                0x080013a8                RCC_IRQHandler
                0x080013a8                TIM1_TRG_COM_IRQHandler
                0x080013a8                Default_Handler
                0x080013a8                EXTI15_10_IRQHandler
                0x080013a8                EXTI9_5_IRQHandler
                0x080013a8                SPI2_IRQHandler
                0x080013a8                DMA1_Channel5_IRQHandler
                0x080013a8                EXTI4_IRQHandler
                0x080013a8                USB_HP_CAN1_TX_IRQHandler
                0x080013a8                DMA1_Channel3_IRQHandler
                0x080013a8                WWDG_IRQHandler
                0x080013a8                TIM2_IRQHandler
                0x080013a8                TIM1_BRK_IRQHandler
                0x080013a8                EXTI1_IRQHandler
                0x080013a8                USART2_IRQHandler
                0x080013a8                I2C2_ER_IRQHandler
                0x080013a8                DMA1_Channel2_IRQHandler
                0x080013a8                CAN1_SCE_IRQHandler
                0x080013a8                FLASH_IRQHandler
                0x080013a8                I2C1_ER_IRQHandler
                0x080013a8                USBWakeUp_IRQHandler
 *fill*         0x080013aa        0x2 
 .text.HAL_Init
                0x080013ac       0x2c ./Drivers/STM32F1xx_HAL_Driver/Src/stm32f1xx_hal.o
                0x080013ac                HAL_Init
 .text.HAL_InitTick
                0x080013d8       0x60 ./Drivers/STM32F1xx_HAL_Driver/Src/stm32f1xx_hal.o
                0x080013d8                HAL_InitTick
 .text.HAL_IncTick
                0x08001438       0x24 ./Drivers/STM32F1xx_HAL_Driver/Src/stm32f1xx_hal.o
                0x08001438                HAL_IncTick
 .text.HAL_GetTick
                0x0800145c       0x14 ./Drivers/STM32F1xx_HAL_Driver/Src/stm32f1xx_hal.o
                0x0800145c                HAL_GetTick
 .text.HAL_Delay
                0x08001470       0x48 ./Drivers/STM32F1xx_HAL_Driver/Src/stm32f1xx_hal.o
                0x08001470                HAL_Delay
 .text.HAL_ADC_Init
                0x080014b8      0x1b0 ./Drivers/STM32F1xx_HAL_Driver/Src/stm32f1xx_hal_adc.o
                0x080014b8                HAL_ADC_Init
 .text.HAL_ADC_Start_DMA
                0x08001668      0x1bc ./Drivers/STM32F1xx_HAL_Driver/Src/stm32f1xx_hal_adc.o
                0x08001668                HAL_ADC_Start_DMA
 .text.HAL_ADC_ConvHalfCpltCallback
                0x08001824       0x12 ./Drivers/STM32F1xx_HAL_Driver/Src/stm32f1xx_hal_adc.o
                0x08001824                HAL_ADC_ConvHalfCpltCallback
 .text.HAL_ADC_ErrorCallback
                0x08001836       0x12 ./Drivers/STM32F1xx_HAL_Driver/Src/stm32f1xx_hal_adc.o
                0x08001836                HAL_ADC_ErrorCallback
 .text.HAL_ADC_ConfigChannel
                0x08001848      0x1f0 ./Drivers/STM32F1xx_HAL_Driver/Src/stm32f1xx_hal_adc.o
                0x08001848                HAL_ADC_ConfigChannel
 .text.ADC_Enable
                0x08001a38       0xb4 ./Drivers/STM32F1xx_HAL_Driver/Src/stm32f1xx_hal_adc.o
                0x08001a38                ADC_Enable
 .text.ADC_ConversionStop_Disable
                0x08001aec       0x82 ./Drivers/STM32F1xx_HAL_Driver/Src/stm32f1xx_hal_adc.o
                0x08001aec                ADC_ConversionStop_Disable
 .text.ADC_DMAConvCplt
                0x08001b6e       0x7c ./Drivers/STM32F1xx_HAL_Driver/Src/stm32f1xx_hal_adc.o
                0x08001b6e                ADC_DMAConvCplt
 .text.ADC_DMAHalfConvCplt
                0x08001bea       0x1c ./Drivers/STM32F1xx_HAL_Driver/Src/stm32f1xx_hal_adc.o
                0x08001bea                ADC_DMAHalfConvCplt
 .text.ADC_DMAError
                0x08001c06       0x34 ./Drivers/STM32F1xx_HAL_Driver/Src/stm32f1xx_hal_adc.o
                0x08001c06                ADC_DMAError
 *fill*         0x08001c3a        0x2 
 .text.__NVIC_SetPriorityGrouping
                0x08001c3c       0x48 ./Drivers/STM32F1xx_HAL_Driver/Src/stm32f1xx_hal_cortex.o
 .text.__NVIC_GetPriorityGrouping
                0x08001c84       0x1c ./Drivers/STM32F1xx_HAL_Driver/Src/stm32f1xx_hal_cortex.o
 .text.__NVIC_EnableIRQ
                0x08001ca0       0x38 ./Drivers/STM32F1xx_HAL_Driver/Src/stm32f1xx_hal_cortex.o
 .text.__NVIC_SetPriority
                0x08001cd8       0x54 ./Drivers/STM32F1xx_HAL_Driver/Src/stm32f1xx_hal_cortex.o
 .text.NVIC_EncodePriority
                0x08001d2c       0x64 ./Drivers/STM32F1xx_HAL_Driver/Src/stm32f1xx_hal_cortex.o
 .text.SysTick_Config
                0x08001d90       0x44 ./Drivers/STM32F1xx_HAL_Driver/Src/stm32f1xx_hal_cortex.o
 .text.HAL_NVIC_SetPriorityGrouping
                0x08001dd4       0x16 ./Drivers/STM32F1xx_HAL_Driver/Src/stm32f1xx_hal_cortex.o
                0x08001dd4                HAL_NVIC_SetPriorityGrouping
 .text.HAL_NVIC_SetPriority
                0x08001dea       0x38 ./Drivers/STM32F1xx_HAL_Driver/Src/stm32f1xx_hal_cortex.o
                0x08001dea                HAL_NVIC_SetPriority
 .text.HAL_NVIC_EnableIRQ
                0x08001e22       0x1c ./Drivers/STM32F1xx_HAL_Driver/Src/stm32f1xx_hal_cortex.o
                0x08001e22                HAL_NVIC_EnableIRQ
 .text.HAL_SYSTICK_Config
                0x08001e3e       0x18 ./Drivers/STM32F1xx_HAL_Driver/Src/stm32f1xx_hal_cortex.o
                0x08001e3e                HAL_SYSTICK_Config
 *fill*         0x08001e56        0x2 
 .text.HAL_DMA_Init
                0x08001e58       0xb4 ./Drivers/STM32F1xx_HAL_Driver/Src/stm32f1xx_hal_dma.o
                0x08001e58                HAL_DMA_Init
 .text.HAL_DMA_Start_IT
                0x08001f0c       0xc0 ./Drivers/STM32F1xx_HAL_Driver/Src/stm32f1xx_hal_dma.o
                0x08001f0c                HAL_DMA_Start_IT
 .text.HAL_DMA_Abort
                0x08001fcc       0x76 ./Drivers/STM32F1xx_HAL_Driver/Src/stm32f1xx_hal_dma.o
                0x08001fcc                HAL_DMA_Abort
 *fill*         0x08002042        0x2 
 .text.HAL_DMA_Abort_IT
                0x08002044       0xf0 ./Drivers/STM32F1xx_HAL_Driver/Src/stm32f1xx_hal_dma.o
                0x08002044                HAL_DMA_Abort_IT
 .text.HAL_DMA_IRQHandler
                0x08002134      0x20c ./Drivers/STM32F1xx_HAL_Driver/Src/stm32f1xx_hal_dma.o
                0x08002134                HAL_DMA_IRQHandler
 .text.DMA_SetConfig
                0x08002340       0x5a ./Drivers/STM32F1xx_HAL_Driver/Src/stm32f1xx_hal_dma.o
 *fill*         0x0800239a        0x2 
 .text.HAL_GPIO_Init
                0x0800239c      0x308 ./Drivers/STM32F1xx_HAL_Driver/Src/stm32f1xx_hal_gpio.o
                0x0800239c                HAL_GPIO_Init
 .text.HAL_GPIO_WritePin
                0x080026a4       0x30 ./Drivers/STM32F1xx_HAL_Driver/Src/stm32f1xx_hal_gpio.o
                0x080026a4                HAL_GPIO_WritePin
 .text.HAL_GPIO_TogglePin
                0x080026d4       0x32 ./Drivers/STM32F1xx_HAL_Driver/Src/stm32f1xx_hal_gpio.o
                0x080026d4                HAL_GPIO_TogglePin
 *fill*         0x08002706        0x2 
 .text.HAL_I2C_Init
                0x08002708      0x288 ./Drivers/STM32F1xx_HAL_Driver/Src/stm32f1xx_hal_i2c.o
                0x08002708                HAL_I2C_Init
 .text.HAL_PCD_Init
                0x08002990      0x1fe ./Drivers/STM32F1xx_HAL_Driver/Src/stm32f1xx_hal_pcd.o
                0x08002990                HAL_PCD_Init
 .text.HAL_PCD_Start
                0x08002b8e       0x4c ./Drivers/STM32F1xx_HAL_Driver/Src/stm32f1xx_hal_pcd.o
                0x08002b8e                HAL_PCD_Start
 .text.HAL_PCD_IRQHandler
                0x08002bda      0x260 ./Drivers/STM32F1xx_HAL_Driver/Src/stm32f1xx_hal_pcd.o
                0x08002bda                HAL_PCD_IRQHandler
 .text.HAL_PCD_SetAddress
                0x08002e3a       0x4a ./Drivers/STM32F1xx_HAL_Driver/Src/stm32f1xx_hal_pcd.o
                0x08002e3a                HAL_PCD_SetAddress
 .text.HAL_PCD_EP_Open
                0x08002e84       0xba ./Drivers/STM32F1xx_HAL_Driver/Src/stm32f1xx_hal_pcd.o
                0x08002e84                HAL_PCD_EP_Open
 .text.HAL_PCD_EP_Close
                0x08002f3e       0x90 ./Drivers/STM32F1xx_HAL_Driver/Src/stm32f1xx_hal_pcd.o
                0x08002f3e                HAL_PCD_EP_Close
 .text.HAL_PCD_EP_Receive
                0x08002fce       0x62 ./Drivers/STM32F1xx_HAL_Driver/Src/stm32f1xx_hal_pcd.o
                0x08002fce                HAL_PCD_EP_Receive
 .text.HAL_PCD_EP_GetRxCount
                0x08003030       0x2e ./Drivers/STM32F1xx_HAL_Driver/Src/stm32f1xx_hal_pcd.o
                0x08003030                HAL_PCD_EP_GetRxCount
 .text.HAL_PCD_EP_Transmit
                0x0800305e       0x6e ./Drivers/STM32F1xx_HAL_Driver/Src/stm32f1xx_hal_pcd.o
                0x0800305e                HAL_PCD_EP_Transmit
 .text.HAL_PCD_EP_SetStall
                0x080030cc       0xc0 ./Drivers/STM32F1xx_HAL_Driver/Src/stm32f1xx_hal_pcd.o
                0x080030cc                HAL_PCD_EP_SetStall
 .text.HAL_PCD_EP_ClrStall
                0x0800318c       0xa8 ./Drivers/STM32F1xx_HAL_Driver/Src/stm32f1xx_hal_pcd.o
                0x0800318c                HAL_PCD_EP_ClrStall
 .text.PCD_EP_ISR_Handler
                0x08003234      0x7a4 ./Drivers/STM32F1xx_HAL_Driver/Src/stm32f1xx_hal_pcd.o
 .text.HAL_PCD_EP_DB_Receive
                0x080039d8      0x21a ./Drivers/STM32F1xx_HAL_Driver/Src/stm32f1xx_hal_pcd.o
 .text.HAL_PCD_EP_DB_Transmit
                0x08003bf2      0x7f4 ./Drivers/STM32F1xx_HAL_Driver/Src/stm32f1xx_hal_pcd.o
 .text.HAL_PCDEx_PMAConfig
                0x080043e6       0x84 ./Drivers/STM32F1xx_HAL_Driver/Src/stm32f1xx_hal_pcd_ex.o
                0x080043e6                HAL_PCDEx_PMAConfig
 *fill*         0x0800446a        0x2 
 .text.HAL_RCC_OscConfig
                0x0800446c      0x504 ./Drivers/STM32F1xx_HAL_Driver/Src/stm32f1xx_hal_rcc.o
                0x0800446c                HAL_RCC_OscConfig
 .text.HAL_RCC_ClockConfig
                0x08004970      0x1d4 ./Drivers/STM32F1xx_HAL_Driver/Src/stm32f1xx_hal_rcc.o
                0x08004970                HAL_RCC_ClockConfig
 .text.HAL_RCC_GetSysClockFreq
                0x08004b44       0xa8 ./Drivers/STM32F1xx_HAL_Driver/Src/stm32f1xx_hal_rcc.o
                0x08004b44                HAL_RCC_GetSysClockFreq
 .text.HAL_RCC_GetHCLKFreq
                0x08004bec       0x14 ./Drivers/STM32F1xx_HAL_Driver/Src/stm32f1xx_hal_rcc.o
                0x08004bec                HAL_RCC_GetHCLKFreq
 .text.HAL_RCC_GetPCLK1Freq
                0x08004c00       0x28 ./Drivers/STM32F1xx_HAL_Driver/Src/stm32f1xx_hal_rcc.o
                0x08004c00                HAL_RCC_GetPCLK1Freq
 .text.HAL_RCC_GetPCLK2Freq
                0x08004c28       0x28 ./Drivers/STM32F1xx_HAL_Driver/Src/stm32f1xx_hal_rcc.o
                0x08004c28                HAL_RCC_GetPCLK2Freq
 .text.RCC_Delay
                0x08004c50       0x3c ./Drivers/STM32F1xx_HAL_Driver/Src/stm32f1xx_hal_rcc.o
 .text.HAL_RCCEx_PeriphCLKConfig
                0x08004c8c      0x16c ./Drivers/STM32F1xx_HAL_Driver/Src/stm32f1xx_hal_rcc_ex.o
                0x08004c8c                HAL_RCCEx_PeriphCLKConfig
 .text.HAL_TIM_Base_Init
                0x08004df8       0x9e ./Drivers/STM32F1xx_HAL_Driver/Src/stm32f1xx_hal_tim.o
                0x08004df8                HAL_TIM_Base_Init
 *fill*         0x08004e96        0x2 
 .text.HAL_TIM_Base_Start_IT
                0x08004e98       0xa4 ./Drivers/STM32F1xx_HAL_Driver/Src/stm32f1xx_hal_tim.o
                0x08004e98                HAL_TIM_Base_Start_IT
 .text.HAL_TIM_IRQHandler
                0x08004f3c      0x210 ./Drivers/STM32F1xx_HAL_Driver/Src/stm32f1xx_hal_tim.o
                0x08004f3c                HAL_TIM_IRQHandler
 .text.HAL_TIM_ConfigClockSource
                0x0800514c      0x18e ./Drivers/STM32F1xx_HAL_Driver/Src/stm32f1xx_hal_tim.o
                0x0800514c                HAL_TIM_ConfigClockSource
 .text.HAL_TIM_OC_DelayElapsedCallback
                0x080052da       0x12 ./Drivers/STM32F1xx_HAL_Driver/Src/stm32f1xx_hal_tim.o
                0x080052da                HAL_TIM_OC_DelayElapsedCallback
 .text.HAL_TIM_IC_CaptureCallback
                0x080052ec       0x12 ./Drivers/STM32F1xx_HAL_Driver/Src/stm32f1xx_hal_tim.o
                0x080052ec                HAL_TIM_IC_CaptureCallback
 .text.HAL_TIM_PWM_PulseFinishedCallback
                0x080052fe       0x12 ./Drivers/STM32F1xx_HAL_Driver/Src/stm32f1xx_hal_tim.o
                0x080052fe                HAL_TIM_PWM_PulseFinishedCallback
 .text.HAL_TIM_TriggerCallback
                0x08005310       0x12 ./Drivers/STM32F1xx_HAL_Driver/Src/stm32f1xx_hal_tim.o
                0x08005310                HAL_TIM_TriggerCallback
 *fill*         0x08005322        0x2 
 .text.TIM_Base_SetConfig
                0x08005324       0xc4 ./Drivers/STM32F1xx_HAL_Driver/Src/stm32f1xx_hal_tim.o
                0x08005324                TIM_Base_SetConfig
 .text.TIM_TI1_ConfigInputStage
                0x080053e8       0x5c ./Drivers/STM32F1xx_HAL_Driver/Src/stm32f1xx_hal_tim.o
 .text.TIM_TI2_ConfigInputStage
                0x08005444       0x5e ./Drivers/STM32F1xx_HAL_Driver/Src/stm32f1xx_hal_tim.o
 .text.TIM_ITRx_SetConfig
                0x080054a2       0x34 ./Drivers/STM32F1xx_HAL_Driver/Src/stm32f1xx_hal_tim.o
 .text.TIM_ETR_SetConfig
                0x080054d6       0x3e ./Drivers/STM32F1xx_HAL_Driver/Src/stm32f1xx_hal_tim.o
                0x080054d6                TIM_ETR_SetConfig
 .text.HAL_TIMEx_MasterConfigSynchronization
                0x08005514       0xbc ./Drivers/STM32F1xx_HAL_Driver/Src/stm32f1xx_hal_tim_ex.o
                0x08005514                HAL_TIMEx_MasterConfigSynchronization
 .text.HAL_TIMEx_CommutCallback
                0x080055d0       0x12 ./Drivers/STM32F1xx_HAL_Driver/Src/stm32f1xx_hal_tim_ex.o
                0x080055d0                HAL_TIMEx_CommutCallback
 .text.HAL_TIMEx_BreakCallback
                0x080055e2       0x12 ./Drivers/STM32F1xx_HAL_Driver/Src/stm32f1xx_hal_tim_ex.o
                0x080055e2                HAL_TIMEx_BreakCallback
 .text.HAL_UART_Init
                0x080055f4       0xa0 ./Drivers/STM32F1xx_HAL_Driver/Src/stm32f1xx_hal_uart.o
                0x080055f4                HAL_UART_Init
 .text.HAL_UART_Receive_IT
                0x08005694       0x4a ./Drivers/STM32F1xx_HAL_Driver/Src/stm32f1xx_hal_uart.o
                0x08005694                HAL_UART_Receive_IT
 *fill*         0x080056de        0x2 
 .text.HAL_UART_IRQHandler
                0x080056e0      0x524 ./Drivers/STM32F1xx_HAL_Driver/Src/stm32f1xx_hal_uart.o
                0x080056e0                HAL_UART_IRQHandler
 .text.HAL_UART_TxCpltCallback
                0x08005c04       0x12 ./Drivers/STM32F1xx_HAL_Driver/Src/stm32f1xx_hal_uart.o
                0x08005c04                HAL_UART_TxCpltCallback
 .text.HAL_UART_ErrorCallback
                0x08005c16       0x12 ./Drivers/STM32F1xx_HAL_Driver/Src/stm32f1xx_hal_uart.o
                0x08005c16                HAL_UART_ErrorCallback
 .text.HAL_UARTEx_RxEventCallback
                0x08005c28       0x16 ./Drivers/STM32F1xx_HAL_Driver/Src/stm32f1xx_hal_uart.o
                0x08005c28                HAL_UARTEx_RxEventCallback
 .text.UART_Start_Receive_IT
                0x08005c3e       0x72 ./Drivers/STM32F1xx_HAL_Driver/Src/stm32f1xx_hal_uart.o
                0x08005c3e                UART_Start_Receive_IT
 .text.UART_EndRxTransfer
                0x08005cb0       0xc4 ./Drivers/STM32F1xx_HAL_Driver/Src/stm32f1xx_hal_uart.o
 .text.UART_DMAAbortOnError
                0x08005d74       0x28 ./Drivers/STM32F1xx_HAL_Driver/Src/stm32f1xx_hal_uart.o
 .text.UART_Transmit_IT
                0x08005d9c       0x9e ./Drivers/STM32F1xx_HAL_Driver/Src/stm32f1xx_hal_uart.o
 .text.UART_EndTransmit_IT
                0x08005e3a       0x30 ./Drivers/STM32F1xx_HAL_Driver/Src/stm32f1xx_hal_uart.o
 .text.UART_Receive_IT
                0x08005e6a      0x17c ./Drivers/STM32F1xx_HAL_Driver/Src/stm32f1xx_hal_uart.o
 *fill*         0x08005fe6        0x2 
 .text.UART_SetConfig
                0x08005fe8      0x11c ./Drivers/STM32F1xx_HAL_Driver/Src/stm32f1xx_hal_uart.o
 .text.USB_CoreInit
                0x08006104       0x20 ./Drivers/STM32F1xx_HAL_Driver/Src/stm32f1xx_ll_usb.o
                0x08006104                USB_CoreInit
 .text.USB_EnableGlobalInt
                0x08006124       0x2c ./Drivers/STM32F1xx_HAL_Driver/Src/stm32f1xx_ll_usb.o
                0x08006124                USB_EnableGlobalInt
 .text.USB_DisableGlobalInt
                0x08006150       0x34 ./Drivers/STM32F1xx_HAL_Driver/Src/stm32f1xx_ll_usb.o
                0x08006150                USB_DisableGlobalInt
 .text.USB_SetCurrentMode
                0x08006184       0x18 ./Drivers/STM32F1xx_HAL_Driver/Src/stm32f1xx_ll_usb.o
                0x08006184                USB_SetCurrentMode
 .text.USB_DevInit
                0x0800619c       0x40 ./Drivers/STM32F1xx_HAL_Driver/Src/stm32f1xx_ll_usb.o
                0x0800619c                USB_DevInit
 .text.USB_ActivateEndpoint
                0x080061dc      0x780 ./Drivers/STM32F1xx_HAL_Driver/Src/stm32f1xx_ll_usb.o
                0x080061dc                USB_ActivateEndpoint
 .text.USB_DeactivateEndpoint
                0x0800695c      0x3d8 ./Drivers/STM32F1xx_HAL_Driver/Src/stm32f1xx_ll_usb.o
                0x0800695c                USB_DeactivateEndpoint
 .text.USB_EPStartXfer
                0x08006d34     0x1762 ./Drivers/STM32F1xx_HAL_Driver/Src/stm32f1xx_ll_usb.o
                0x08006d34                USB_EPStartXfer
 .text.USB_EPSetStall
                0x08008496       0xa0 ./Drivers/STM32F1xx_HAL_Driver/Src/stm32f1xx_ll_usb.o
                0x08008496                USB_EPSetStall
 .text.USB_EPClearStall
                0x08008536      0x15a ./Drivers/STM32F1xx_HAL_Driver/Src/stm32f1xx_ll_usb.o
                0x08008536                USB_EPClearStall
 .text.USB_SetDevAddress
                0x08008690       0x26 ./Drivers/STM32F1xx_HAL_Driver/Src/stm32f1xx_ll_usb.o
                0x08008690                USB_SetDevAddress
 .text.USB_DevConnect
                0x080086b6       0x14 ./Drivers/STM32F1xx_HAL_Driver/Src/stm32f1xx_ll_usb.o
                0x080086b6                USB_DevConnect
 .text.USB_DevDisconnect
                0x080086ca       0x14 ./Drivers/STM32F1xx_HAL_Driver/Src/stm32f1xx_ll_usb.o
                0x080086ca                USB_DevDisconnect
 .text.USB_ReadInterrupts
                0x080086de       0x1e ./Drivers/STM32F1xx_HAL_Driver/Src/stm32f1xx_ll_usb.o
                0x080086de                USB_ReadInterrupts
 .text.USB_EP0_OutStart
                0x080086fc       0x16 ./Drivers/STM32F1xx_HAL_Driver/Src/stm32f1xx_ll_usb.o
                0x080086fc                USB_EP0_OutStart
 .text.USB_WritePMA
                0x08008712       0x8a ./Drivers/STM32F1xx_HAL_Driver/Src/stm32f1xx_ll_usb.o
                0x08008712                USB_WritePMA
 .text.USB_ReadPMA
                0x0800879c       0x9e ./Drivers/STM32F1xx_HAL_Driver/Src/stm32f1xx_ll_usb.o
                0x0800879c                USB_ReadPMA
 .text.USBD_CDC_Init
                0x0800883a       0xf4 ./Middlewares/ST/STM32_USB_Device_Library/Class/CDC/Src/usbd_cdc.o
 .text.USBD_CDC_DeInit
                0x0800892e       0x6e ./Middlewares/ST/STM32_USB_Device_Library/Class/CDC/Src/usbd_cdc.o
 .text.USBD_CDC_Setup
                0x0800899c      0x146 ./Middlewares/ST/STM32_USB_Device_Library/Class/CDC/Src/usbd_cdc.o
 .text.USBD_CDC_DataIn
                0x08008ae2       0xa6 ./Middlewares/ST/STM32_USB_Device_Library/Class/CDC/Src/usbd_cdc.o
 .text.USBD_CDC_DataOut
                0x08008b88       0x56 ./Middlewares/ST/STM32_USB_Device_Library/Class/CDC/Src/usbd_cdc.o
 .text.USBD_CDC_EP0_RxReady
                0x08008bde       0x4e ./Middlewares/ST/STM32_USB_Device_Library/Class/CDC/Src/usbd_cdc.o
 .text.USBD_CDC_GetFSCfgDesc
                0x08008c2c       0x20 ./Middlewares/ST/STM32_USB_Device_Library/Class/CDC/Src/usbd_cdc.o
 .text.USBD_CDC_GetHSCfgDesc
                0x08008c4c       0x20 ./Middlewares/ST/STM32_USB_Device_Library/Class/CDC/Src/usbd_cdc.o
 .text.USBD_CDC_GetOtherSpeedCfgDesc
                0x08008c6c       0x20 ./Middlewares/ST/STM32_USB_Device_Library/Class/CDC/Src/usbd_cdc.o
 .text.USBD_CDC_GetDeviceQualifierDescriptor
                0x08008c8c       0x20 ./Middlewares/ST/STM32_USB_Device_Library/Class/CDC/Src/usbd_cdc.o
                0x08008c8c                USBD_CDC_GetDeviceQualifierDescriptor
 .text.USBD_CDC_RegisterInterface
                0x08008cac       0x2c ./Middlewares/ST/STM32_USB_Device_Library/Class/CDC/Src/usbd_cdc.o
                0x08008cac                USBD_CDC_RegisterInterface
 .text.USBD_CDC_SetTxBuffer
                0x08008cd8       0x32 ./Middlewares/ST/STM32_USB_Device_Library/Class/CDC/Src/usbd_cdc.o
                0x08008cd8                USBD_CDC_SetTxBuffer
 .text.USBD_CDC_SetRxBuffer
                0x08008d0a       0x26 ./Middlewares/ST/STM32_USB_Device_Library/Class/CDC/Src/usbd_cdc.o
                0x08008d0a                USBD_CDC_SetRxBuffer
 .text.USBD_CDC_TransmitPacket
                0x08008d30       0x5e ./Middlewares/ST/STM32_USB_Device_Library/Class/CDC/Src/usbd_cdc.o
                0x08008d30                USBD_CDC_TransmitPacket
 .text.USBD_CDC_ReceivePacket
                0x08008d8e       0x54 ./Middlewares/ST/STM32_USB_Device_Library/Class/CDC/Src/usbd_cdc.o
                0x08008d8e                USBD_CDC_ReceivePacket
 .text.USBD_Init
                0x08008de2       0x56 ./Middlewares/ST/STM32_USB_Device_Library/Core/Src/usbd_core.o
                0x08008de2                USBD_Init
 .text.USBD_RegisterClass
                0x08008e38       0x32 ./Middlewares/ST/STM32_USB_Device_Library/Core/Src/usbd_core.o
                0x08008e38                USBD_RegisterClass
 .text.USBD_Start
                0x08008e6a       0x18 ./Middlewares/ST/STM32_USB_Device_Library/Core/Src/usbd_core.o
                0x08008e6a                USBD_Start
 .text.USBD_RunTestMode
                0x08008e82       0x14 ./Middlewares/ST/STM32_USB_Device_Library/Core/Src/usbd_core.o
                0x08008e82                USBD_RunTestMode
 .text.USBD_SetClassConfig
                0x08008e96       0x3e ./Middlewares/ST/STM32_USB_Device_Library/Core/Src/usbd_core.o
                0x08008e96                USBD_SetClassConfig
 .text.USBD_ClrClassConfig
                0x08008ed4       0x26 ./Middlewares/ST/STM32_USB_Device_Library/Core/Src/usbd_core.o
                0x08008ed4                USBD_ClrClassConfig
 .text.USBD_LL_SetupStage
                0x08008efa       0x9a ./Middlewares/ST/STM32_USB_Device_Library/Core/Src/usbd_core.o
                0x08008efa                USBD_LL_SetupStage
 .text.USBD_LL_DataOutStage
                0x08008f94       0xe2 ./Middlewares/ST/STM32_USB_Device_Library/Core/Src/usbd_core.o
                0x08008f94                USBD_LL_DataOutStage
 .text.USBD_LL_DataInStage
                0x08009076      0x14a ./Middlewares/ST/STM32_USB_Device_Library/Core/Src/usbd_core.o
                0x08009076                USBD_LL_DataInStage
 .text.USBD_LL_Reset
                0x080091c0       0x82 ./Middlewares/ST/STM32_USB_Device_Library/Core/Src/usbd_core.o
                0x080091c0                USBD_LL_Reset
 .text.USBD_LL_SetSpeed
                0x08009242       0x1e ./Middlewares/ST/STM32_USB_Device_Library/Core/Src/usbd_core.o
                0x08009242                USBD_LL_SetSpeed
 .text.USBD_LL_Suspend
                0x08009260       0x28 ./Middlewares/ST/STM32_USB_Device_Library/Core/Src/usbd_core.o
                0x08009260                USBD_LL_Suspend
 .text.USBD_LL_Resume
                0x08009288       0x2a ./Middlewares/ST/STM32_USB_Device_Library/Core/Src/usbd_core.o
                0x08009288                USBD_LL_Resume
 .text.USBD_LL_SOF
                0x080092b2       0x34 ./Middlewares/ST/STM32_USB_Device_Library/Core/Src/usbd_core.o
                0x080092b2                USBD_LL_SOF
 *fill*         0x080092e6        0x2 
 .text.USBD_StdDevReq
                0x080092e8       0xd4 ./Middlewares/ST/STM32_USB_Device_Library/Core/Src/usbd_ctlreq.o
                0x080092e8                USBD_StdDevReq
 .text.USBD_StdItfReq
                0x080093bc       0x90 ./Middlewares/ST/STM32_USB_Device_Library/Core/Src/usbd_ctlreq.o
                0x080093bc                USBD_StdItfReq
 .text.USBD_StdEPReq
                0x0800944c      0x2c6 ./Middlewares/ST/STM32_USB_Device_Library/Core/Src/usbd_ctlreq.o
                0x0800944c                USBD_StdEPReq
 *fill*         0x08009712        0x2 
 .text.USBD_GetDescriptor
                0x08009714      0x2d0 ./Middlewares/ST/STM32_USB_Device_Library/Core/Src/usbd_ctlreq.o
 .text.USBD_SetAddress
                0x080099e4       0x86 ./Middlewares/ST/STM32_USB_Device_Library/Core/Src/usbd_ctlreq.o
 *fill*         0x08009a6a        0x2 
 .text.USBD_SetConfig
                0x08009a6c      0x11c ./Middlewares/ST/STM32_USB_Device_Library/Core/Src/usbd_ctlreq.o
 .text.USBD_GetConfig
                0x08009b88       0x6a ./Middlewares/ST/STM32_USB_Device_Library/Core/Src/usbd_ctlreq.o
 .text.USBD_GetStatus
                0x08009bf2       0x66 ./Middlewares/ST/STM32_USB_Device_Library/Core/Src/usbd_ctlreq.o
 .text.USBD_SetFeature
                0x08009c58       0x28 ./Middlewares/ST/STM32_USB_Device_Library/Core/Src/usbd_ctlreq.o
 .text.USBD_ClrFeature
                0x08009c80       0x42 ./Middlewares/ST/STM32_USB_Device_Library/Core/Src/usbd_ctlreq.o
 .text.USBD_ParseSetupRequest
                0x08009cc2       0x72 ./Middlewares/ST/STM32_USB_Device_Library/Core/Src/usbd_ctlreq.o
                0x08009cc2                USBD_ParseSetupRequest
 .text.USBD_CtlError
                0x08009d34       0x22 ./Middlewares/ST/STM32_USB_Device_Library/Core/Src/usbd_ctlreq.o
                0x08009d34                USBD_CtlError
 .text.USBD_GetString
                0x08009d56       0x84 ./Middlewares/ST/STM32_USB_Device_Library/Core/Src/usbd_ctlreq.o
                0x08009d56                USBD_GetString
 .text.USBD_GetLen
                0x08009dda       0x2e ./Middlewares/ST/STM32_USB_Device_Library/Core/Src/usbd_ctlreq.o
 .text.USBD_CtlSendData
                0x08009e08       0x38 ./Middlewares/ST/STM32_USB_Device_Library/Core/Src/usbd_ioreq.o
                0x08009e08                USBD_CtlSendData
 .text.USBD_CtlContinueSendData
                0x08009e40       0x24 ./Middlewares/ST/STM32_USB_Device_Library/Core/Src/usbd_ioreq.o
                0x08009e40                USBD_CtlContinueSendData
 .text.USBD_CtlPrepareRx
                0x08009e64       0x3c ./Middlewares/ST/STM32_USB_Device_Library/Core/Src/usbd_ioreq.o
                0x08009e64                USBD_CtlPrepareRx
 .text.USBD_CtlContinueRx
                0x08009ea0       0x24 ./Middlewares/ST/STM32_USB_Device_Library/Core/Src/usbd_ioreq.o
                0x08009ea0                USBD_CtlContinueRx
 .text.USBD_CtlSendStatus
                0x08009ec4       0x26 ./Middlewares/ST/STM32_USB_Device_Library/Core/Src/usbd_ioreq.o
                0x08009ec4                USBD_CtlSendStatus
 .text.USBD_CtlReceiveStatus
                0x08009eea       0x26 ./Middlewares/ST/STM32_USB_Device_Library/Core/Src/usbd_ioreq.o
                0x08009eea                USBD_CtlReceiveStatus
 .text.MX_USB_DEVICE_Init
                0x08009f10       0x60 ./USB_DEVICE/App/usb_device.o
                0x08009f10                MX_USB_DEVICE_Init
 .text.CDC_Init_FS
                0x08009f70       0x28 ./USB_DEVICE/App/usbd_cdc_if.o
 .text.CDC_DeInit_FS
                0x08009f98        0xe ./USB_DEVICE/App/usbd_cdc_if.o
 *fill*         0x08009fa6        0x2 
 .text.CDC_Control_FS
                0x08009fa8      0x144 ./USB_DEVICE/App/usbd_cdc_if.o
 .text.CDC_Receive_FS
                0x0800a0ec       0x44 ./USB_DEVICE/App/usbd_cdc_if.o
 .text.CDC_Transmit_FS
                0x0800a130       0x4c ./USB_DEVICE/App/usbd_cdc_if.o
                0x0800a130                CDC_Transmit_FS
 .text.CDC_AttachRxData
                0x0800a17c       0x1c ./USB_DEVICE/App/usbd_cdc_if.o
                0x0800a17c                CDC_AttachRxData
 .text.USBD_FS_DeviceDescriptor
                0x0800a198       0x24 ./USB_DEVICE/App/usbd_desc.o
                0x0800a198                USBD_FS_DeviceDescriptor
 .text.USBD_FS_LangIDStrDescriptor
                0x0800a1bc       0x24 ./USB_DEVICE/App/usbd_desc.o
                0x0800a1bc                USBD_FS_LangIDStrDescriptor
 .text.USBD_FS_ProductStrDescriptor
                0x0800a1e0       0x3c ./USB_DEVICE/App/usbd_desc.o
                0x0800a1e0                USBD_FS_ProductStrDescriptor
 .text.USBD_FS_ManufacturerStrDescriptor
                0x0800a21c       0x28 ./USB_DEVICE/App/usbd_desc.o
                0x0800a21c                USBD_FS_ManufacturerStrDescriptor
 .text.USBD_FS_SerialStrDescriptor
                0x0800a244       0x24 ./USB_DEVICE/App/usbd_desc.o
                0x0800a244                USBD_FS_SerialStrDescriptor
 .text.USBD_FS_ConfigStrDescriptor
                0x0800a268       0x3c ./USB_DEVICE/App/usbd_desc.o
                0x0800a268                USBD_FS_ConfigStrDescriptor
 .text.USBD_FS_InterfaceStrDescriptor
                0x0800a2a4       0x3c ./USB_DEVICE/App/usbd_desc.o
                0x0800a2a4                USBD_FS_InterfaceStrDescriptor
 .text.Get_SerialNum
                0x0800a2e0       0x38 ./USB_DEVICE/App/usbd_desc.o
 .text.IntToUnicode
                0x0800a318       0x7c ./USB_DEVICE/App/usbd_desc.o
 .text.HAL_PCD_MspInit
                0x0800a394       0x4c ./USB_DEVICE/Target/usbd_conf.o
                0x0800a394                HAL_PCD_MspInit
 .text.HAL_PCD_SetupStageCallback
                0x0800a3e0       0x24 ./USB_DEVICE/Target/usbd_conf.o
                0x0800a3e0                HAL_PCD_SetupStageCallback
 .text.HAL_PCD_DataOutStageCallback
                0x0800a404       0x36 ./USB_DEVICE/Target/usbd_conf.o
                0x0800a404                HAL_PCD_DataOutStageCallback
 .text.HAL_PCD_DataInStageCallback
                0x0800a43a       0x34 ./USB_DEVICE/Target/usbd_conf.o
                0x0800a43a                HAL_PCD_DataInStageCallback
 .text.HAL_PCD_SOFCallback
                0x0800a46e       0x1c ./USB_DEVICE/Target/usbd_conf.o
                0x0800a46e                HAL_PCD_SOFCallback
 .text.HAL_PCD_ResetCallback
                0x0800a48a       0x3c ./USB_DEVICE/Target/usbd_conf.o
                0x0800a48a                HAL_PCD_ResetCallback
 *fill*         0x0800a4c6        0x2 
 .text.HAL_PCD_SuspendCallback
                0x0800a4c8       0x34 ./USB_DEVICE/Target/usbd_conf.o
                0x0800a4c8                HAL_PCD_SuspendCallback
 .text.HAL_PCD_ResumeCallback
                0x0800a4fc       0x1c ./USB_DEVICE/Target/usbd_conf.o
                0x0800a4fc                HAL_PCD_ResumeCallback
 .text.USBD_LL_Init
                0x0800a518       0xb4 ./USB_DEVICE/Target/usbd_conf.o
                0x0800a518                USBD_LL_Init
 .text.USBD_LL_Start
                0x0800a5cc       0x36 ./USB_DEVICE/Target/usbd_conf.o
                0x0800a5cc                USBD_LL_Start
 .text.USBD_LL_OpenEP
                0x0800a602       0x4c ./USB_DEVICE/Target/usbd_conf.o
                0x0800a602                USBD_LL_OpenEP
 .text.USBD_LL_CloseEP
                0x0800a64e       0x3e ./USB_DEVICE/Target/usbd_conf.o
                0x0800a64e                USBD_LL_CloseEP
 .text.USBD_LL_StallEP
                0x0800a68c       0x3e ./USB_DEVICE/Target/usbd_conf.o
                0x0800a68c                USBD_LL_StallEP
 .text.USBD_LL_ClearStallEP
                0x0800a6ca       0x3e ./USB_DEVICE/Target/usbd_conf.o
                0x0800a6ca                USBD_LL_ClearStallEP
 .text.USBD_LL_IsStallEP
                0x0800a708       0x58 ./USB_DEVICE/Target/usbd_conf.o
                0x0800a708                USBD_LL_IsStallEP
 .text.USBD_LL_SetUSBAddress
                0x0800a760       0x3e ./USB_DEVICE/Target/usbd_conf.o
                0x0800a760                USBD_LL_SetUSBAddress
 .text.USBD_LL_Transmit
                0x0800a79e       0x46 ./USB_DEVICE/Target/usbd_conf.o
                0x0800a79e                USBD_LL_Transmit
 .text.USBD_LL_PrepareReceive
                0x0800a7e4       0x46 ./USB_DEVICE/Target/usbd_conf.o
                0x0800a7e4                USBD_LL_PrepareReceive
 .text.USBD_LL_GetRxDataSize
                0x0800a82a       0x26 ./USB_DEVICE/Target/usbd_conf.o
                0x0800a82a                USBD_LL_GetRxDataSize
 .text.USBD_static_malloc
                0x0800a850       0x18 ./USB_DEVICE/Target/usbd_conf.o
                0x0800a850                USBD_static_malloc
 .text.USBD_static_free
                0x0800a868       0x12 ./USB_DEVICE/Target/usbd_conf.o
                0x0800a868                USBD_static_free
 .text.HAL_PCDEx_SetConnectionState
                0x0800a87a       0x16 ./USB_DEVICE/Target/usbd_conf.o
                0x0800a87a                HAL_PCDEx_SetConnectionState
 .text.USBD_Get_USB_Status
                0x0800a890       0x58 ./USB_DEVICE/Target/usbd_conf.o
 .text.memset   0x0800a8e8       0x10 D:/Programs/STM32CubeIDE_1.13.1/STM32CubeIDE/plugins/com.st.stm32cube.ide.mcu.externaltools.gnu-tools-for-stm32.12.3.rel1.win32_1.0.100.202403111256/tools/bin/../lib/gcc/arm-none-eabi/12.3.1/../../../../arm-none-eabi/lib/thumb/v7-m/nofp\libc_nano.a(libc_a-memset.o)
                0x0800a8e8                memset
 .text.__libc_init_array
                0x0800a8f8       0x48 D:/Programs/STM32CubeIDE_1.13.1/STM32CubeIDE/plugins/com.st.stm32cube.ide.mcu.externaltools.gnu-tools-for-stm32.12.3.rel1.win32_1.0.100.202403111256/tools/bin/../lib/gcc/arm-none-eabi/12.3.1/../../../../arm-none-eabi/lib/thumb/v7-m/nofp\libc_nano.a(libc_a-init.o)
                0x0800a8f8                __libc_init_array
 *(.glue_7)
 .glue_7        0x0800a940        0x0 linker stubs
 *(.glue_7t)
 .glue_7t       0x0800a940        0x0 linker stubs
 *(.eh_frame)
 .eh_frame      0x0800a940        0x0 D:/Programs/STM32CubeIDE_1.13.1/STM32CubeIDE/plugins/com.st.stm32cube.ide.mcu.externaltools.gnu-tools-for-stm32.12.3.rel1.win32_1.0.100.202403111256/tools/bin/../lib/gcc/arm-none-eabi/12.3.1/thumb/v7-m/nofp/crtbegin.o
 *(.init)
 .init          0x0800a940        0x4 D:/Programs/STM32CubeIDE_1.13.1/STM32CubeIDE/plugins/com.st.stm32cube.ide.mcu.externaltools.gnu-tools-for-stm32.12.3.rel1.win32_1.0.100.202403111256/tools/bin/../lib/gcc/arm-none-eabi/12.3.1/thumb/v7-m/nofp/crti.o
                0x0800a940                _init
 .init          0x0800a944        0x8 D:/Programs/STM32CubeIDE_1.13.1/STM32CubeIDE/plugins/com.st.stm32cube.ide.mcu.externaltools.gnu-tools-for-stm32.12.3.rel1.win32_1.0.100.202403111256/tools/bin/../lib/gcc/arm-none-eabi/12.3.1/thumb/v7-m/nofp/crtn.o
 *(.fini)
 .fini          0x0800a94c        0x4 D:/Programs/STM32CubeIDE_1.13.1/STM32CubeIDE/plugins/com.st.stm32cube.ide.mcu.externaltools.gnu-tools-for-stm32.12.3.rel1.win32_1.0.100.202403111256/tools/bin/../lib/gcc/arm-none-eabi/12.3.1/thumb/v7-m/nofp/crti.o
                0x0800a94c                _fini
 .fini          0x0800a950        0x8 D:/Programs/STM32CubeIDE_1.13.1/STM32CubeIDE/plugins/com.st.stm32cube.ide.mcu.externaltools.gnu-tools-for-stm32.12.3.rel1.win32_1.0.100.202403111256/tools/bin/../lib/gcc/arm-none-eabi/12.3.1/thumb/v7-m/nofp/crtn.o
                0x0800a958                        . = ALIGN (0x4)
                0x0800a958                        _etext = .

.vfp11_veneer   0x0800a958        0x0
 .vfp11_veneer  0x0800a958        0x0 linker stubs

.v4_bx          0x0800a958        0x0
 .v4_bx         0x0800a958        0x0 linker stubs

.iplt           0x0800a958        0x0
 .iplt          0x0800a958        0x0 D:/Programs/STM32CubeIDE_1.13.1/STM32CubeIDE/plugins/com.st.stm32cube.ide.mcu.externaltools.gnu-tools-for-stm32.12.3.rel1.win32_1.0.100.202403111256/tools/bin/../lib/gcc/arm-none-eabi/12.3.1/thumb/v7-m/nofp/crtbegin.o

.rodata         0x0800a958       0x74
                0x0800a958                        . = ALIGN (0x4)
 *(.rodata)
 .rodata        0x0800a958       0x46 ./USB_DEVICE/App/usbd_desc.o
 *(.rodata*)
 *fill*         0x0800a99e        0x2 
 .rodata.AHBPrescTable
                0x0800a9a0       0x10 ./Core/Src/system_stm32f1xx.o
                0x0800a9a0                AHBPrescTable
 .rodata.APBPrescTable
                0x0800a9b0        0x8 ./Core/Src/system_stm32f1xx.o
                0x0800a9b0                APBPrescTable
 .rodata.aPLLMULFactorTable.1
                0x0800a9b8       0x10 ./Drivers/STM32F1xx_HAL_Driver/Src/stm32f1xx_hal_rcc.o
 .rodata.aPredivFactorTable.0
                0x0800a9c8        0x2 ./Drivers/STM32F1xx_HAL_Driver/Src/stm32f1xx_hal_rcc.o
                0x0800a9cc                        . = ALIGN (0x4)
 *fill*         0x0800a9ca        0x2 

.rel.dyn        0x0800a9cc        0x0
 .rel.iplt      0x0800a9cc        0x0 D:/Programs/STM32CubeIDE_1.13.1/STM32CubeIDE/plugins/com.st.stm32cube.ide.mcu.externaltools.gnu-tools-for-stm32.12.3.rel1.win32_1.0.100.202403111256/tools/bin/../lib/gcc/arm-none-eabi/12.3.1/thumb/v7-m/nofp/crtbegin.o

.ARM.extab      0x0800a9cc        0x0
                0x0800a9cc                        . = ALIGN (0x4)
 *(.ARM.extab* .gnu.linkonce.armextab.*)
                0x0800a9cc                        . = ALIGN (0x4)

.ARM            0x0800a9cc        0x0
                0x0800a9cc                        . = ALIGN (0x4)
                0x0800a9cc                        __exidx_start = .
 *(.ARM.exidx*)
                0x0800a9cc                        __exidx_end = .
                0x0800a9cc                        . = ALIGN (0x4)

.preinit_array  0x0800a9cc        0x0
                0x0800a9cc                        . = ALIGN (0x4)
                0x0800a9cc                        PROVIDE (__preinit_array_start = .)
 *(.preinit_array*)
                0x0800a9cc                        PROVIDE (__preinit_array_end = .)
                0x0800a9cc                        . = ALIGN (0x4)

.init_array     0x0800a9cc        0x4
                0x0800a9cc                        . = ALIGN (0x4)
                0x0800a9cc                        PROVIDE (__init_array_start = .)
 *(SORT_BY_NAME(.init_array.*))
 *(.init_array*)
 .init_array    0x0800a9cc        0x4 D:/Programs/STM32CubeIDE_1.13.1/STM32CubeIDE/plugins/com.st.stm32cube.ide.mcu.externaltools.gnu-tools-for-stm32.12.3.rel1.win32_1.0.100.202403111256/tools/bin/../lib/gcc/arm-none-eabi/12.3.1/thumb/v7-m/nofp/crtbegin.o
                0x0800a9d0                        PROVIDE (__init_array_end = .)
                0x0800a9d0                        . = ALIGN (0x4)

.fini_array     0x0800a9d0        0x4
                0x0800a9d0                        . = ALIGN (0x4)
                [!provide]                        PROVIDE (__fini_array_start = .)
 *(SORT_BY_NAME(.fini_array.*))
 *(.fini_array*)
 .fini_array    0x0800a9d0        0x4 D:/Programs/STM32CubeIDE_1.13.1/STM32CubeIDE/plugins/com.st.stm32cube.ide.mcu.externaltools.gnu-tools-for-stm32.12.3.rel1.win32_1.0.100.202403111256/tools/bin/../lib/gcc/arm-none-eabi/12.3.1/thumb/v7-m/nofp/crtbegin.o
                [!provide]                        PROVIDE (__fini_array_end = .)
                0x0800a9d4                        . = ALIGN (0x4)
                0x0800a9d4                        _sidata = LOADADDR (.data)

.data           0x20000000      0x17c load address 0x0800a9d4
                0x20000000                        . = ALIGN (0x4)
                0x20000000                        _sdata = .
 *(.data)
 *(.data*)
 .data.SystemCoreClock
                0x20000000        0x4 ./Core/Src/system_stm32f1xx.o
                0x20000000                SystemCoreClock
 .data.uwTickPrio
                0x20000004        0x4 ./Drivers/STM32F1xx_HAL_Driver/Src/stm32f1xx_hal.o
                0x20000004                uwTickPrio
 .data.uwTickFreq
                0x20000008        0x1 ./Drivers/STM32F1xx_HAL_Driver/Src/stm32f1xx_hal.o
                0x20000008                uwTickFreq
 *fill*         0x20000009        0x3 
 .data.USBD_CDC_DeviceQualifierDesc
                0x2000000c        0xa ./Middlewares/ST/STM32_USB_Device_Library/Class/CDC/Src/usbd_cdc.o
 *fill*         0x20000016        0x2 
 .data.USBD_CDC
                0x20000018       0x38 ./Middlewares/ST/STM32_USB_Device_Library/Class/CDC/Src/usbd_cdc.o
                0x20000018                USBD_CDC
 .data.USBD_CDC_CfgHSDesc
                0x20000050       0x43 ./Middlewares/ST/STM32_USB_Device_Library/Class/CDC/Src/usbd_cdc.o
                0x20000050                USBD_CDC_CfgHSDesc
 *fill*         0x20000093        0x1 
 .data.USBD_CDC_CfgFSDesc
                0x20000094       0x43 ./Middlewares/ST/STM32_USB_Device_Library/Class/CDC/Src/usbd_cdc.o
                0x20000094                USBD_CDC_CfgFSDesc
 *fill*         0x200000d7        0x1 
 .data.USBD_CDC_OtherSpeedCfgDesc
                0x200000d8       0x43 ./Middlewares/ST/STM32_USB_Device_Library/Class/CDC/Src/usbd_cdc.o
                0x200000d8                USBD_CDC_OtherSpeedCfgDesc
 *fill*         0x2000011b        0x1 
 .data.USBD_Interface_fops_FS
                0x2000011c       0x10 ./USB_DEVICE/App/usbd_cdc_if.o
                0x2000011c                USBD_Interface_fops_FS
 .data.FS_Desc  0x2000012c       0x1c ./USB_DEVICE/App/usbd_desc.o
                0x2000012c                FS_Desc
 .data.USBD_FS_DeviceDesc
                0x20000148       0x12 ./USB_DEVICE/App/usbd_desc.o
                0x20000148                USBD_FS_DeviceDesc
 *fill*         0x2000015a        0x2 
 .data.USBD_LangIDDesc
                0x2000015c        0x4 ./USB_DEVICE/App/usbd_desc.o
                0x2000015c                USBD_LangIDDesc
 .data.USBD_StringSerial
                0x20000160       0x1a ./USB_DEVICE/App/usbd_desc.o
                0x20000160                USBD_StringSerial
 *(.RamFunc)
 *(.RamFunc*)
                0x2000017c                        . = ALIGN (0x4)
 *fill*         0x2000017a        0x2 
                0x2000017c                        _edata = .

.igot.plt       0x2000017c        0x0 load address 0x0800ab50
 .igot.plt      0x2000017c        0x0 D:/Programs/STM32CubeIDE_1.13.1/STM32CubeIDE/plugins/com.st.stm32cube.ide.mcu.externaltools.gnu-tools-for-stm32.12.3.rel1.win32_1.0.100.202403111256/tools/bin/../lib/gcc/arm-none-eabi/12.3.1/thumb/v7-m/nofp/crtbegin.o
                0x2000017c                        . = ALIGN (0x4)

.bss            0x2000017c      0xfe4 load address 0x0800ab50
                0x2000017c                        _sbss = .
                0x2000017c                        __bss_start__ = _sbss
 *(.bss)
 .bss           0x2000017c       0x1c D:/Programs/STM32CubeIDE_1.13.1/STM32CubeIDE/plugins/com.st.stm32cube.ide.mcu.externaltools.gnu-tools-for-stm32.12.3.rel1.win32_1.0.100.202403111256/tools/bin/../lib/gcc/arm-none-eabi/12.3.1/thumb/v7-m/nofp/crtbegin.o
 *(.bss*)
 .bss.estadoProtocolo
                0x20000198        0x1 ./Core/Src/main.o
                0x20000198                estadoProtocolo
 *fill*         0x20000199        0x3 
 .bss.datosComProtocol
                0x2000019c      0x208 ./Core/Src/main.o
                0x2000019c                datosComProtocol
 .bss.flags1    0x200003a4        0x1 ./Core/Src/main.o
                0x200003a4                flags1
 *fill*         0x200003a5        0x3 
 .bss.ir        0x200003a8       0x12 ./Core/Src/main.o
                0x200003a8                ir
 *fill*         0x200003ba        0x2 
 .bss.myWord    0x200003bc        0x4 ./Core/Src/main.o
                0x200003bc                myWord
 .bss.hadc1     0x200003c0       0x30 ./Core/Src/main.o
                0x200003c0                hadc1
 .bss.hdma_adc1
                0x200003f0       0x44 ./Core/Src/main.o
                0x200003f0                hdma_adc1
 .bss.hi2c2     0x20000434       0x54 ./Core/Src/main.o
                0x20000434                hi2c2
 .bss.htim1     0x20000488       0x48 ./Core/Src/main.o
                0x20000488                htim1
 .bss.htim4     0x200004d0       0x48 ./Core/Src/main.o
                0x200004d0                htim4
 .bss.huart1    0x20000518       0x48 ./Core/Src/main.o
                0x20000518                huart1
 .bss.t100ms    0x20000560        0x1 ./Core/Src/main.o
                0x20000560                t100ms
 .bss.t500ms    0x20000561        0x1 ./Core/Src/main.o
                0x20000561                t500ms
 *fill*         0x20000562        0x2 
 .bss.bufADC    0x20000564       0x10 ./Core/Src/main.o
                0x20000564                bufADC
 .bss.nBytes.0  0x20000574        0x1 ./Core/Src/main.o
 *fill*         0x20000575        0x3 
 .bss.uwTick    0x20000578        0x4 ./Drivers/STM32F1xx_HAL_Driver/Src/stm32f1xx_hal.o
                0x20000578                uwTick
 .bss.cfgidx.0  0x2000057c        0x1 ./Middlewares/ST/STM32_USB_Device_Library/Core/Src/usbd_ctlreq.o
 *fill*         0x2000057d        0x3 
 .bss.hUsbDeviceFS
                0x20000580      0x2c4 ./USB_DEVICE/App/usb_device.o
                0x20000580                hUsbDeviceFS
 .bss.UserRxBufferFS
                0x20000844      0x100 ./USB_DEVICE/App/usbd_cdc_if.o
                0x20000844                UserRxBufferFS
 .bss.UserTxBufferFS
                0x20000944      0x100 ./USB_DEVICE/App/usbd_cdc_if.o
                0x20000944                UserTxBufferFS
 .bss.mylineCodeBuf
                0x20000a44        0x7 ./USB_DEVICE/App/usbd_cdc_if.o
                0x20000a44                mylineCodeBuf
 *fill*         0x20000a4b        0x1 
 .bss.aPtrFunRx
                0x20000a4c        0x4 ./USB_DEVICE/App/usbd_cdc_if.o
 .bss.USBD_StrDesc
                0x20000a50      0x200 ./USB_DEVICE/App/usbd_desc.o
                0x20000a50                USBD_StrDesc
 .bss.hpcd_USB_FS
                0x20000c50      0x2f0 ./USB_DEVICE/Target/usbd_conf.o
                0x20000c50                hpcd_USB_FS
 .bss.mem.0     0x20000f40      0x220 ./USB_DEVICE/Target/usbd_conf.o
 *(COMMON)
                0x20001160                        . = ALIGN (0x4)
                0x20001160                        _ebss = .
                0x20001160                        __bss_end__ = _ebss

._user_heap_stack
                0x20001160      0x600 load address 0x0800ab50
                0x20001160                        . = ALIGN (0x8)
                [!provide]                        PROVIDE (end = .)
                0x20001160                        PROVIDE (_end = .)
                0x20001360                        . = (. + _Min_Heap_Size)
 *fill*         0x20001160      0x200 
                0x20001760                        . = (. + _Min_Stack_Size)
 *fill*         0x20001360      0x400 
                0x20001760                        . = ALIGN (0x8)

/DISCARD/
 libc.a(*)
 libm.a(*)
 libgcc.a(*)

.ARM.attributes
                0x00000000       0x29
 *(.ARM.attributes)
 .ARM.attributes
                0x00000000       0x1d D:/Programs/STM32CubeIDE_1.13.1/STM32CubeIDE/plugins/com.st.stm32cube.ide.mcu.externaltools.gnu-tools-for-stm32.12.3.rel1.win32_1.0.100.202403111256/tools/bin/../lib/gcc/arm-none-eabi/12.3.1/thumb/v7-m/nofp/crti.o
 .ARM.attributes
                0x0000001d       0x2d D:/Programs/STM32CubeIDE_1.13.1/STM32CubeIDE/plugins/com.st.stm32cube.ide.mcu.externaltools.gnu-tools-for-stm32.12.3.rel1.win32_1.0.100.202403111256/tools/bin/../lib/gcc/arm-none-eabi/12.3.1/thumb/v7-m/nofp/crtbegin.o
 .ARM.attributes
                0x0000004a       0x2d ./Core/Src/main.o
 .ARM.attributes
                0x00000077       0x2d ./Core/Src/stm32f1xx_hal_msp.o
 .ARM.attributes
                0x000000a4       0x2d ./Core/Src/stm32f1xx_it.o
 .ARM.attributes
                0x000000d1       0x2d ./Core/Src/system_stm32f1xx.o
 .ARM.attributes
                0x000000fe       0x21 ./Core/Startup/startup_stm32f103c8tx.o
 .ARM.attributes
                0x0000011f       0x2d ./Drivers/STM32F1xx_HAL_Driver/Src/stm32f1xx_hal.o
 .ARM.attributes
                0x0000014c       0x2d ./Drivers/STM32F1xx_HAL_Driver/Src/stm32f1xx_hal_adc.o
 .ARM.attributes
                0x00000179       0x2d ./Drivers/STM32F1xx_HAL_Driver/Src/stm32f1xx_hal_cortex.o
 .ARM.attributes
                0x000001a6       0x2d ./Drivers/STM32F1xx_HAL_Driver/Src/stm32f1xx_hal_dma.o
 .ARM.attributes
                0x000001d3       0x2d ./Drivers/STM32F1xx_HAL_Driver/Src/stm32f1xx_hal_gpio.o
 .ARM.attributes
                0x00000200       0x2d ./Drivers/STM32F1xx_HAL_Driver/Src/stm32f1xx_hal_i2c.o
 .ARM.attributes
                0x0000022d       0x2d ./Drivers/STM32F1xx_HAL_Driver/Src/stm32f1xx_hal_pcd.o
 .ARM.attributes
                0x0000025a       0x2d ./Drivers/STM32F1xx_HAL_Driver/Src/stm32f1xx_hal_pcd_ex.o
 .ARM.attributes
                0x00000287       0x2d ./Drivers/STM32F1xx_HAL_Driver/Src/stm32f1xx_hal_rcc.o
 .ARM.attributes
                0x000002b4       0x2d ./Drivers/STM32F1xx_HAL_Driver/Src/stm32f1xx_hal_rcc_ex.o
 .ARM.attributes
                0x000002e1       0x2d ./Drivers/STM32F1xx_HAL_Driver/Src/stm32f1xx_hal_tim.o
 .ARM.attributes
                0x0000030e       0x2d ./Drivers/STM32F1xx_HAL_Driver/Src/stm32f1xx_hal_tim_ex.o
 .ARM.attributes
                0x0000033b       0x2d ./Drivers/STM32F1xx_HAL_Driver/Src/stm32f1xx_hal_uart.o
 .ARM.attributes
                0x00000368       0x2d ./Drivers/STM32F1xx_HAL_Driver/Src/stm32f1xx_ll_usb.o
 .ARM.attributes
                0x00000395       0x2d ./Middlewares/ST/STM32_USB_Device_Library/Class/CDC/Src/usbd_cdc.o
 .ARM.attributes
                0x000003c2       0x2d ./Middlewares/ST/STM32_USB_Device_Library/Core/Src/usbd_core.o
 .ARM.attributes
                0x000003ef       0x2d ./Middlewares/ST/STM32_USB_Device_Library/Core/Src/usbd_ctlreq.o
 .ARM.attributes
                0x0000041c       0x2d ./Middlewares/ST/STM32_USB_Device_Library/Core/Src/usbd_ioreq.o
 .ARM.attributes
                0x00000449       0x2d ./USB_DEVICE/App/usb_device.o
 .ARM.attributes
                0x00000476       0x2d ./USB_DEVICE/App/usbd_cdc_if.o
 .ARM.attributes
                0x000004a3       0x2d ./USB_DEVICE/App/usbd_desc.o
 .ARM.attributes
                0x000004d0       0x2d ./USB_DEVICE/Target/usbd_conf.o
 .ARM.attributes
                0x000004fd       0x2d D:/Programs/STM32CubeIDE_1.13.1/STM32CubeIDE/plugins/com.st.stm32cube.ide.mcu.externaltools.gnu-tools-for-stm32.12.3.rel1.win32_1.0.100.202403111256/tools/bin/../lib/gcc/arm-none-eabi/12.3.1/../../../../arm-none-eabi/lib/thumb/v7-m/nofp\libc_nano.a(libc_a-memset.o)
 .ARM.attributes
                0x0000052a       0x2d D:/Programs/STM32CubeIDE_1.13.1/STM32CubeIDE/plugins/com.st.stm32cube.ide.mcu.externaltools.gnu-tools-for-stm32.12.3.rel1.win32_1.0.100.202403111256/tools/bin/../lib/gcc/arm-none-eabi/12.3.1/../../../../arm-none-eabi/lib/thumb/v7-m/nofp\libc_nano.a(libc_a-init.o)
 .ARM.attributes
                0x00000557       0x1d D:/Programs/STM32CubeIDE_1.13.1/STM32CubeIDE/plugins/com.st.stm32cube.ide.mcu.externaltools.gnu-tools-for-stm32.12.3.rel1.win32_1.0.100.202403111256/tools/bin/../lib/gcc/arm-none-eabi/12.3.1/thumb/v7-m/nofp/crtn.o
OUTPUT(1-BluePill.elf elf32-littlearm)
LOAD linker stubs
LOAD D:/Programs/STM32CubeIDE_1.13.1/STM32CubeIDE/plugins/com.st.stm32cube.ide.mcu.externaltools.gnu-tools-for-stm32.12.3.rel1.win32_1.0.100.202403111256/tools/bin/../lib/gcc/arm-none-eabi/12.3.1/../../../../arm-none-eabi/lib/thumb/v7-m/nofp\libc.a
LOAD D:/Programs/STM32CubeIDE_1.13.1/STM32CubeIDE/plugins/com.st.stm32cube.ide.mcu.externaltools.gnu-tools-for-stm32.12.3.rel1.win32_1.0.100.202403111256/tools/bin/../lib/gcc/arm-none-eabi/12.3.1/../../../../arm-none-eabi/lib/thumb/v7-m/nofp\libm.a
LOAD D:/Programs/STM32CubeIDE_1.13.1/STM32CubeIDE/plugins/com.st.stm32cube.ide.mcu.externaltools.gnu-tools-for-stm32.12.3.rel1.win32_1.0.100.202403111256/tools/bin/../lib/gcc/arm-none-eabi/12.3.1/thumb/v7-m/nofp\libgcc.a

.debug_info     0x00000000    0x19366
 .debug_info    0x00000000     0x1c5b ./Core/Src/main.o
 .debug_info    0x00001c5b     0x1387 ./Core/Src/stm32f1xx_hal_msp.o
 .debug_info    0x00002fe2      0xe0f ./Core/Src/stm32f1xx_it.o
 .debug_info    0x00003df1      0x222 ./Core/Src/system_stm32f1xx.o
 .debug_info    0x00004013       0x30 ./Core/Startup/startup_stm32f103c8tx.o
 .debug_info    0x00004043      0x704 ./Drivers/STM32F1xx_HAL_Driver/Src/stm32f1xx_hal.o
 .debug_info    0x00004747      0xc50 ./Drivers/STM32F1xx_HAL_Driver/Src/stm32f1xx_hal_adc.o
 .debug_info    0x00005397      0xa87 ./Drivers/STM32F1xx_HAL_Driver/Src/stm32f1xx_hal_cortex.o
 .debug_info    0x00005e1e      0x6d2 ./Drivers/STM32F1xx_HAL_Driver/Src/stm32f1xx_hal_dma.o
 .debug_info    0x000064f0      0x5ab ./Drivers/STM32F1xx_HAL_Driver/Src/stm32f1xx_hal_gpio.o
 .debug_info    0x00006a9b     0x2515 ./Drivers/STM32F1xx_HAL_Driver/Src/stm32f1xx_hal_i2c.o
 .debug_info    0x00008fb0     0x16cf ./Drivers/STM32F1xx_HAL_Driver/Src/stm32f1xx_hal_pcd.o
 .debug_info    0x0000a67f      0x6b6 ./Drivers/STM32F1xx_HAL_Driver/Src/stm32f1xx_hal_pcd_ex.o
 .debug_info    0x0000ad35      0x7d5 ./Drivers/STM32F1xx_HAL_Driver/Src/stm32f1xx_hal_rcc.o
 .debug_info    0x0000b50a      0x3c0 ./Drivers/STM32F1xx_HAL_Driver/Src/stm32f1xx_hal_rcc_ex.o
 .debug_info    0x0000b8ca     0x293b ./Drivers/STM32F1xx_HAL_Driver/Src/stm32f1xx_hal_tim.o
 .debug_info    0x0000e205     0x149b ./Drivers/STM32F1xx_HAL_Driver/Src/stm32f1xx_hal_tim_ex.o
 .debug_info    0x0000f6a0     0x2fa8 ./Drivers/STM32F1xx_HAL_Driver/Src/stm32f1xx_hal_uart.o
 .debug_info    0x00012648     0x17a2 ./Drivers/STM32F1xx_HAL_Driver/Src/stm32f1xx_ll_usb.o
 .debug_info    0x00013dea     0x1036 ./Middlewares/ST/STM32_USB_Device_Library/Class/CDC/Src/usbd_cdc.o
 .debug_info    0x00014e20      0xa52 ./Middlewares/ST/STM32_USB_Device_Library/Core/Src/usbd_core.o
 .debug_info    0x00015872      0x91c ./Middlewares/ST/STM32_USB_Device_Library/Core/Src/usbd_ctlreq.o
 .debug_info    0x0001618e      0x6a0 ./Middlewares/ST/STM32_USB_Device_Library/Core/Src/usbd_ioreq.o
 .debug_info    0x0001682e      0x63d ./USB_DEVICE/App/usb_device.o
 .debug_info    0x00016e6b      0x85a ./USB_DEVICE/App/usbd_cdc_if.o
 .debug_info    0x000176c5      0x44a ./USB_DEVICE/App/usbd_desc.o
 .debug_info    0x00017b0f     0x1857 ./USB_DEVICE/Target/usbd_conf.o

.debug_abbrev   0x00000000     0x3bbe
 .debug_abbrev  0x00000000      0x3dc ./Core/Src/main.o
 .debug_abbrev  0x000003dc      0x25d ./Core/Src/stm32f1xx_hal_msp.o
 .debug_abbrev  0x00000639      0x1cd ./Core/Src/stm32f1xx_it.o
 .debug_abbrev  0x00000806      0x13f ./Core/Src/system_stm32f1xx.o
 .debug_abbrev  0x00000945       0x24 ./Core/Startup/startup_stm32f103c8tx.o
 .debug_abbrev  0x00000969      0x201 ./Drivers/STM32F1xx_HAL_Driver/Src/stm32f1xx_hal.o
 .debug_abbrev  0x00000b6a      0x225 ./Drivers/STM32F1xx_HAL_Driver/Src/stm32f1xx_hal_adc.o
 .debug_abbrev  0x00000d8f      0x2f8 ./Drivers/STM32F1xx_HAL_Driver/Src/stm32f1xx_hal_cortex.o
 .debug_abbrev  0x00001087      0x20b ./Drivers/STM32F1xx_HAL_Driver/Src/stm32f1xx_hal_dma.o
 .debug_abbrev  0x00001292      0x1ca ./Drivers/STM32F1xx_HAL_Driver/Src/stm32f1xx_hal_gpio.o
 .debug_abbrev  0x0000145c      0x2a3 ./Drivers/STM32F1xx_HAL_Driver/Src/stm32f1xx_hal_i2c.o
 .debug_abbrev  0x000016ff      0x2d6 ./Drivers/STM32F1xx_HAL_Driver/Src/stm32f1xx_hal_pcd.o
 .debug_abbrev  0x000019d5      0x189 ./Drivers/STM32F1xx_HAL_Driver/Src/stm32f1xx_hal_pcd_ex.o
 .debug_abbrev  0x00001b5e      0x2b3 ./Drivers/STM32F1xx_HAL_Driver/Src/stm32f1xx_hal_rcc.o
 .debug_abbrev  0x00001e11      0x188 ./Drivers/STM32F1xx_HAL_Driver/Src/stm32f1xx_hal_rcc_ex.o
 .debug_abbrev  0x00001f99      0x277 ./Drivers/STM32F1xx_HAL_Driver/Src/stm32f1xx_hal_tim.o
 .debug_abbrev  0x00002210      0x282 ./Drivers/STM32F1xx_HAL_Driver/Src/stm32f1xx_hal_tim_ex.o
 .debug_abbrev  0x00002492      0x2f8 ./Drivers/STM32F1xx_HAL_Driver/Src/stm32f1xx_hal_uart.o
 .debug_abbrev  0x0000278a      0x1de ./Drivers/STM32F1xx_HAL_Driver/Src/stm32f1xx_ll_usb.o
 .debug_abbrev  0x00002968      0x2d3 ./Middlewares/ST/STM32_USB_Device_Library/Class/CDC/Src/usbd_cdc.o
 .debug_abbrev  0x00002c3b      0x24a ./Middlewares/ST/STM32_USB_Device_Library/Core/Src/usbd_core.o
 .debug_abbrev  0x00002e85      0x26b ./Middlewares/ST/STM32_USB_Device_Library/Core/Src/usbd_ctlreq.o
 .debug_abbrev  0x000030f0      0x192 ./Middlewares/ST/STM32_USB_Device_Library/Core/Src/usbd_ioreq.o
 .debug_abbrev  0x00003282      0x18d ./USB_DEVICE/App/usb_device.o
 .debug_abbrev  0x0000340f      0x29a ./USB_DEVICE/App/usbd_cdc_if.o
 .debug_abbrev  0x000036a9      0x1ff ./USB_DEVICE/App/usbd_desc.o
 .debug_abbrev  0x000038a8      0x316 ./USB_DEVICE/Target/usbd_conf.o

.debug_aranges  0x00000000     0x1690
 .debug_aranges
                0x00000000       0xa0 ./Core/Src/main.o
 .debug_aranges
                0x000000a0       0x60 ./Core/Src/stm32f1xx_hal_msp.o
 .debug_aranges
                0x00000100       0x80 ./Core/Src/stm32f1xx_it.o
 .debug_aranges
                0x00000180       0x28 ./Core/Src/system_stm32f1xx.o
 .debug_aranges
                0x000001a8       0x28 ./Core/Startup/startup_stm32f103c8tx.o
 .debug_aranges
                0x000001d0       0xe0 ./Drivers/STM32F1xx_HAL_Driver/Src/stm32f1xx_hal.o
 .debug_aranges
                0x000002b0       0xf0 ./Drivers/STM32F1xx_HAL_Driver/Src/stm32f1xx_hal_adc.o
 .debug_aranges
                0x000003a0      0x100 ./Drivers/STM32F1xx_HAL_Driver/Src/stm32f1xx_hal_cortex.o
 .debug_aranges
                0x000004a0       0x80 ./Drivers/STM32F1xx_HAL_Driver/Src/stm32f1xx_hal_dma.o
 .debug_aranges
                0x00000520       0x58 ./Drivers/STM32F1xx_HAL_Driver/Src/stm32f1xx_hal_gpio.o
 .debug_aranges
                0x00000578      0x2a8 ./Drivers/STM32F1xx_HAL_Driver/Src/stm32f1xx_hal_i2c.o
 .debug_aranges
                0x00000820      0x140 ./Drivers/STM32F1xx_HAL_Driver/Src/stm32f1xx_hal_pcd.o
 .debug_aranges
                0x00000960       0x38 ./Drivers/STM32F1xx_HAL_Driver/Src/stm32f1xx_hal_pcd_ex.o
 .debug_aranges
                0x00000998       0x90 ./Drivers/STM32F1xx_HAL_Driver/Src/stm32f1xx_hal_rcc.o
 .debug_aranges
                0x00000a28       0x30 ./Drivers/STM32F1xx_HAL_Driver/Src/stm32f1xx_hal_rcc_ex.o
 .debug_aranges
                0x00000a58      0x3d0 ./Drivers/STM32F1xx_HAL_Driver/Src/stm32f1xx_hal_tim.o
 .debug_aranges
                0x00000e28      0x168 ./Drivers/STM32F1xx_HAL_Driver/Src/stm32f1xx_hal_tim_ex.o
 .debug_aranges
                0x00000f90      0x208 ./Drivers/STM32F1xx_HAL_Driver/Src/stm32f1xx_hal_uart.o
 .debug_aranges
                0x00001198       0xf8 ./Drivers/STM32F1xx_HAL_Driver/Src/stm32f1xx_ll_usb.o
 .debug_aranges
                0x00001290       0x90 ./Middlewares/ST/STM32_USB_Device_Library/Class/CDC/Src/usbd_cdc.o
 .debug_aranges
                0x00001320       0xb8 ./Middlewares/ST/STM32_USB_Device_Library/Core/Src/usbd_core.o
 .debug_aranges
                0x000013d8       0x88 ./Middlewares/ST/STM32_USB_Device_Library/Core/Src/usbd_ctlreq.o
 .debug_aranges
                0x00001460       0x50 ./Middlewares/ST/STM32_USB_Device_Library/Core/Src/usbd_ioreq.o
 .debug_aranges
                0x000014b0       0x20 ./USB_DEVICE/App/usb_device.o
 .debug_aranges
                0x000014d0       0x48 ./USB_DEVICE/App/usbd_cdc_if.o
 .debug_aranges
                0x00001518       0x60 ./USB_DEVICE/App/usbd_desc.o
 .debug_aranges
                0x00001578      0x118 ./USB_DEVICE/Target/usbd_conf.o

.debug_rnglists
                0x00000000     0x1190
 .debug_rnglists
                0x00000000       0x7c ./Core/Src/main.o
 .debug_rnglists
                0x0000007c       0x46 ./Core/Src/stm32f1xx_hal_msp.o
 .debug_rnglists
                0x000000c2       0x5b ./Core/Src/stm32f1xx_it.o
 .debug_rnglists
                0x0000011d       0x1a ./Core/Src/system_stm32f1xx.o
 .debug_rnglists
                0x00000137       0x19 ./Core/Startup/startup_stm32f103c8tx.o
 .debug_rnglists
                0x00000150       0xa3 ./Drivers/STM32F1xx_HAL_Driver/Src/stm32f1xx_hal.o
 .debug_rnglists
                0x000001f3       0xbc ./Drivers/STM32F1xx_HAL_Driver/Src/stm32f1xx_hal_adc.o
 .debug_rnglists
                0x000002af       0xbb ./Drivers/STM32F1xx_HAL_Driver/Src/stm32f1xx_hal_cortex.o
 .debug_rnglists
                0x0000036a       0x64 ./Drivers/STM32F1xx_HAL_Driver/Src/stm32f1xx_hal_dma.o
 .debug_rnglists
                0x000003ce       0x3f ./Drivers/STM32F1xx_HAL_Driver/Src/stm32f1xx_hal_gpio.o
 .debug_rnglists
                0x0000040d      0x23c ./Drivers/STM32F1xx_HAL_Driver/Src/stm32f1xx_hal_i2c.o
 .debug_rnglists
                0x00000649       0xf4 ./Drivers/STM32F1xx_HAL_Driver/Src/stm32f1xx_hal_pcd.o
 .debug_rnglists
                0x0000073d       0x26 ./Drivers/STM32F1xx_HAL_Driver/Src/stm32f1xx_hal_pcd_ex.o
 .debug_rnglists
                0x00000763       0x6c ./Drivers/STM32F1xx_HAL_Driver/Src/stm32f1xx_hal_rcc.o
 .debug_rnglists
                0x000007cf       0x21 ./Drivers/STM32F1xx_HAL_Driver/Src/stm32f1xx_hal_rcc_ex.o
 .debug_rnglists
                0x000007f0      0x31a ./Drivers/STM32F1xx_HAL_Driver/Src/stm32f1xx_hal_tim.o
 .debug_rnglists
                0x00000b0a      0x125 ./Drivers/STM32F1xx_HAL_Driver/Src/stm32f1xx_hal_tim_ex.o
 .debug_rnglists
                0x00000c2f      0x1bc ./Drivers/STM32F1xx_HAL_Driver/Src/stm32f1xx_hal_uart.o
 .debug_rnglists
                0x00000deb       0xbd ./Drivers/STM32F1xx_HAL_Driver/Src/stm32f1xx_ll_usb.o
 .debug_rnglists
                0x00000ea8       0x6a ./Middlewares/ST/STM32_USB_Device_Library/Class/CDC/Src/usbd_cdc.o
 .debug_rnglists
                0x00000f12       0x89 ./Middlewares/ST/STM32_USB_Device_Library/Core/Src/usbd_core.o
 .debug_rnglists
                0x00000f9b       0x68 ./Middlewares/ST/STM32_USB_Device_Library/Core/Src/usbd_ctlreq.o
 .debug_rnglists
                0x00001003       0x37 ./Middlewares/ST/STM32_USB_Device_Library/Core/Src/usbd_ioreq.o
 .debug_rnglists
                0x0000103a       0x13 ./USB_DEVICE/App/usb_device.o
 .debug_rnglists
                0x0000104d       0x32 ./USB_DEVICE/App/usbd_cdc_if.o
 .debug_rnglists
                0x0000107f       0x43 ./USB_DEVICE/App/usbd_desc.o
 .debug_rnglists
                0x000010c2       0xce ./USB_DEVICE/Target/usbd_conf.o

.debug_macro    0x00000000    0x1b5b0
 .debug_macro   0x00000000      0x3b0 ./Core/Src/main.o
 .debug_macro   0x000003b0      0xaa8 ./Core/Src/main.o
 .debug_macro   0x00000e58      0x233 ./Core/Src/main.o
 .debug_macro   0x0000108b       0x2e ./Core/Src/main.o
 .debug_macro   0x000010b9       0x22 ./Core/Src/main.o
 .debug_macro   0x000010db       0x22 ./Core/Src/main.o
 .debug_macro   0x000010fd       0x8e ./Core/Src/main.o
 .debug_macro   0x0000118b       0x51 ./Core/Src/main.o
 .debug_macro   0x000011dc      0x103 ./Core/Src/main.o
 .debug_macro   0x000012df       0x6a ./Core/Src/main.o
 .debug_macro   0x00001349      0x1df ./Core/Src/main.o
 .debug_macro   0x00001528       0x1c ./Core/Src/main.o
 .debug_macro   0x00001544       0x22 ./Core/Src/main.o
 .debug_macro   0x00001566       0xbd ./Core/Src/main.o
 .debug_macro   0x00001623      0xd23 ./Core/Src/main.o
 .debug_macro   0x00002346     0xe09e ./Core/Src/main.o
 .debug_macro   0x000103e4       0x6d ./Core/Src/main.o
 .debug_macro   0x00010451     0x348d ./Core/Src/main.o
 .debug_macro   0x000138de      0x189 ./Core/Src/main.o
 .debug_macro   0x00013a67       0x5c ./Core/Src/main.o
 .debug_macro   0x00013ac3      0x5bc ./Core/Src/main.o
 .debug_macro   0x0001407f      0x289 ./Core/Src/main.o
 .debug_macro   0x00014308      0x1cb ./Core/Src/main.o
 .debug_macro   0x000144d3      0x114 ./Core/Src/main.o
 .debug_macro   0x000145e7      0x1b2 ./Core/Src/main.o
 .debug_macro   0x00014799       0x27 ./Core/Src/main.o
 .debug_macro   0x000147c0      0x136 ./Core/Src/main.o
 .debug_macro   0x000148f6      0x1bc ./Core/Src/main.o
 .debug_macro   0x00014ab2       0x34 ./Core/Src/main.o
 .debug_macro   0x00014ae6       0x3c ./Core/Src/main.o
 .debug_macro   0x00014b22       0x57 ./Core/Src/main.o
 .debug_macro   0x00014b79      0x46a ./Core/Src/main.o
 .debug_macro   0x00014fe3      0x1b5 ./Core/Src/main.o
 .debug_macro   0x00015198       0x87 ./Core/Src/main.o
 .debug_macro   0x0001521f      0x240 ./Core/Src/main.o
 .debug_macro   0x0001545f      0x287 ./Core/Src/main.o
 .debug_macro   0x000156e6      0x140 ./Core/Src/main.o
 .debug_macro   0x00015826      0x8ed ./Core/Src/main.o
 .debug_macro   0x00016113      0x28e ./Core/Src/main.o
 .debug_macro   0x000163a1       0xab ./Core/Src/main.o
 .debug_macro   0x0001644c      0x242 ./Core/Src/main.o
 .debug_macro   0x0001668e       0x83 ./Core/Src/main.o
 .debug_macro   0x00016711       0x1c ./Core/Src/main.o
 .debug_macro   0x0001672d       0x61 ./Core/Src/main.o
 .debug_macro   0x0001678e       0x24 ./Core/Src/main.o
 .debug_macro   0x000167b2       0x43 ./Core/Src/main.o
 .debug_macro   0x000167f5       0x34 ./Core/Src/main.o
 .debug_macro   0x00016829       0x16 ./Core/Src/main.o
 .debug_macro   0x0001683f       0x35 ./Core/Src/main.o
 .debug_macro   0x00016874      0x369 ./Core/Src/main.o
 .debug_macro   0x00016bdd       0x10 ./Core/Src/main.o
 .debug_macro   0x00016bed       0x16 ./Core/Src/main.o
 .debug_macro   0x00016c03       0x43 ./Core/Src/main.o
 .debug_macro   0x00016c46       0x34 ./Core/Src/main.o
 .debug_macro   0x00016c7a       0x10 ./Core/Src/main.o
 .debug_macro   0x00016c8a       0x58 ./Core/Src/main.o
 .debug_macro   0x00016ce2       0x8e ./Core/Src/main.o
 .debug_macro   0x00016d70       0x1c ./Core/Src/main.o
 .debug_macro   0x00016d8c      0x177 ./Core/Src/main.o
 .debug_macro   0x00016f03       0x16 ./Core/Src/main.o
 .debug_macro   0x00016f19       0x16 ./Core/Src/main.o
 .debug_macro   0x00016f2f      0x146 ./Core/Src/main.o
 .debug_macro   0x00017075       0x16 ./Core/Src/main.o
 .debug_macro   0x0001708b       0x16 ./Core/Src/main.o
 .debug_macro   0x000170a1       0x29 ./Core/Src/main.o
 .debug_macro   0x000170ca       0x16 ./Core/Src/main.o
 .debug_macro   0x000170e0       0x20 ./Core/Src/main.o
 .debug_macro   0x00017100       0x5f ./Core/Src/main.o
 .debug_macro   0x0001715f      0x1c8 ./Core/Src/main.o
 .debug_macro   0x00017327       0x8f ./Core/Src/main.o
 .debug_macro   0x000173b6       0x10 ./Core/Src/main.o
 .debug_macro   0x000173c6      0x1f4 ./Core/Src/stm32f1xx_hal_msp.o
 .debug_macro   0x000175ba      0x1fe ./Core/Src/stm32f1xx_it.o
 .debug_macro   0x000177b8      0x1e5 ./Core/Src/system_stm32f1xx.o
 .debug_macro   0x0001799d      0x209 ./Drivers/STM32F1xx_HAL_Driver/Src/stm32f1xx_hal.o
 .debug_macro   0x00017ba6      0x202 ./Drivers/STM32F1xx_HAL_Driver/Src/stm32f1xx_hal_adc.o
 .debug_macro   0x00017da8      0x1e5 ./Drivers/STM32F1xx_HAL_Driver/Src/stm32f1xx_hal_cortex.o
 .debug_macro   0x00017f8d      0x1e5 ./Drivers/STM32F1xx_HAL_Driver/Src/stm32f1xx_hal_dma.o
 .debug_macro   0x00018172      0x250 ./Drivers/STM32F1xx_HAL_Driver/Src/stm32f1xx_hal_gpio.o
 .debug_macro   0x000183c2      0x233 ./Drivers/STM32F1xx_HAL_Driver/Src/stm32f1xx_hal_i2c.o
 .debug_macro   0x000185f5      0x1f1 ./Drivers/STM32F1xx_HAL_Driver/Src/stm32f1xx_hal_pcd.o
 .debug_macro   0x000187e6      0x1e5 ./Drivers/STM32F1xx_HAL_Driver/Src/stm32f1xx_hal_pcd_ex.o
 .debug_macro   0x000189cb      0x1f7 ./Drivers/STM32F1xx_HAL_Driver/Src/stm32f1xx_hal_rcc.o
 .debug_macro   0x00018bc2      0x1e5 ./Drivers/STM32F1xx_HAL_Driver/Src/stm32f1xx_hal_rcc_ex.o
 .debug_macro   0x00018da7      0x1e6 ./Drivers/STM32F1xx_HAL_Driver/Src/stm32f1xx_hal_tim.o
 .debug_macro   0x00018f8d      0x1e5 ./Drivers/STM32F1xx_HAL_Driver/Src/stm32f1xx_hal_tim_ex.o
 .debug_macro   0x00019172      0x1e6 ./Drivers/STM32F1xx_HAL_Driver/Src/stm32f1xx_hal_uart.o
 .debug_macro   0x00019358      0x1e5 ./Drivers/STM32F1xx_HAL_Driver/Src/stm32f1xx_ll_usb.o
 .debug_macro   0x0001953d      0x383 ./Middlewares/ST/STM32_USB_Device_Library/Class/CDC/Src/usbd_cdc.o
 .debug_macro   0x000198c0       0x9e ./Middlewares/ST/STM32_USB_Device_Library/Class/CDC/Src/usbd_cdc.o
 .debug_macro   0x0001995e      0x10b ./Middlewares/ST/STM32_USB_Device_Library/Class/CDC/Src/usbd_cdc.o
 .debug_macro   0x00019a69       0x56 ./Middlewares/ST/STM32_USB_Device_Library/Class/CDC/Src/usbd_cdc.o
 .debug_macro   0x00019abf      0x36a ./Middlewares/ST/STM32_USB_Device_Library/Core/Src/usbd_core.o
 .debug_macro   0x00019e29      0x1ce ./Middlewares/ST/STM32_USB_Device_Library/Core/Src/usbd_core.o
 .debug_macro   0x00019ff7      0x374 ./Middlewares/ST/STM32_USB_Device_Library/Core/Src/usbd_ctlreq.o
 .debug_macro   0x0001a36b      0x370 ./Middlewares/ST/STM32_USB_Device_Library/Core/Src/usbd_ioreq.o
 .debug_macro   0x0001a6db      0x3a3 ./USB_DEVICE/App/usb_device.o
 .debug_macro   0x0001aa7e       0x22 ./USB_DEVICE/App/usb_device.o
 .debug_macro   0x0001aaa0       0x22 ./USB_DEVICE/App/usb_device.o
 .debug_macro   0x0001aac2       0x16 ./USB_DEVICE/App/usb_device.o
 .debug_macro   0x0001aad8      0x38e ./USB_DEVICE/App/usbd_cdc_if.o
 .debug_macro   0x0001ae66      0x3a7 ./USB_DEVICE/App/usbd_desc.o
 .debug_macro   0x0001b20d       0x1c ./USB_DEVICE/App/usbd_desc.o
 .debug_macro   0x0001b229      0x387 ./USB_DEVICE/Target/usbd_conf.o

.debug_line     0x00000000    0x1d287
 .debug_line    0x00000000     0x1249 ./Core/Src/main.o
 .debug_line    0x00001249      0x8e5 ./Core/Src/stm32f1xx_hal_msp.o
 .debug_line    0x00001b2e      0x89e ./Core/Src/stm32f1xx_it.o
 .debug_line    0x000023cc      0x7fa ./Core/Src/system_stm32f1xx.o
 .debug_line    0x00002bc6       0x78 ./Core/Startup/startup_stm32f103c8tx.o
 .debug_line    0x00002c3e      0xa27 ./Drivers/STM32F1xx_HAL_Driver/Src/stm32f1xx_hal.o
 .debug_line    0x00003665     0x10a4 ./Drivers/STM32F1xx_HAL_Driver/Src/stm32f1xx_hal_adc.o
 .debug_line    0x00004709      0xc13 ./Drivers/STM32F1xx_HAL_Driver/Src/stm32f1xx_hal_cortex.o
 .debug_line    0x0000531c      0xe80 ./Drivers/STM32F1xx_HAL_Driver/Src/stm32f1xx_hal_dma.o
 .debug_line    0x0000619c      0xac0 ./Drivers/STM32F1xx_HAL_Driver/Src/stm32f1xx_hal_gpio.o
 .debug_line    0x00006c5c     0x3c94 ./Drivers/STM32F1xx_HAL_Driver/Src/stm32f1xx_hal_i2c.o
 .debug_line    0x0000a8f0     0x1482 ./Drivers/STM32F1xx_HAL_Driver/Src/stm32f1xx_hal_pcd.o
 .debug_line    0x0000bd72      0x7f5 ./Drivers/STM32F1xx_HAL_Driver/Src/stm32f1xx_hal_pcd_ex.o
 .debug_line    0x0000c567      0xe30 ./Drivers/STM32F1xx_HAL_Driver/Src/stm32f1xx_hal_rcc.o
 .debug_line    0x0000d397      0x971 ./Drivers/STM32F1xx_HAL_Driver/Src/stm32f1xx_hal_rcc_ex.o
 .debug_line    0x0000dd08     0x3531 ./Drivers/STM32F1xx_HAL_Driver/Src/stm32f1xx_hal_tim.o
 .debug_line    0x00011239     0x1986 ./Drivers/STM32F1xx_HAL_Driver/Src/stm32f1xx_hal_tim_ex.o
 .debug_line    0x00012bbf     0x2970 ./Drivers/STM32F1xx_HAL_Driver/Src/stm32f1xx_hal_uart.o
 .debug_line    0x0001552f     0x10f8 ./Drivers/STM32F1xx_HAL_Driver/Src/stm32f1xx_ll_usb.o
 .debug_line    0x00016627      0xe6e ./Middlewares/ST/STM32_USB_Device_Library/Class/CDC/Src/usbd_cdc.o
 .debug_line    0x00017495      0xeea ./Middlewares/ST/STM32_USB_Device_Library/Core/Src/usbd_core.o
 .debug_line    0x0001837f     0x112a ./Middlewares/ST/STM32_USB_Device_Library/Core/Src/usbd_ctlreq.o
 .debug_line    0x000194a9      0xb80 ./Middlewares/ST/STM32_USB_Device_Library/Core/Src/usbd_ioreq.o
 .debug_line    0x0001a029      0xb40 ./USB_DEVICE/App/usb_device.o
 .debug_line    0x0001ab69      0xbfd ./USB_DEVICE/App/usbd_cdc_if.o
 .debug_line    0x0001b766      0xbf9 ./USB_DEVICE/App/usbd_desc.o
 .debug_line    0x0001c35f      0xf28 ./USB_DEVICE/Target/usbd_conf.o

.debug_str      0x00000000    0x968fb
 .debug_str     0x00000000    0x9184e ./Core/Src/main.o
                              0x91de0 (size before relaxing)
 .debug_str     0x0009184e      0x13d ./Core/Src/stm32f1xx_hal_msp.o
                              0x8d262 (size before relaxing)
 .debug_str     0x0009198b      0x432 ./Core/Src/stm32f1xx_it.o
                              0x8ce20 (size before relaxing)
 .debug_str     0x00091dbd       0x7e ./Core/Src/system_stm32f1xx.o
                              0x8c326 (size before relaxing)
 .debug_str     0x00091e3b       0x44 ./Core/Startup/startup_stm32f103c8tx.o
                                 0x99 (size before relaxing)
 .debug_str     0x00091e7f      0x384 ./Drivers/STM32F1xx_HAL_Driver/Src/stm32f1xx_hal.o
                              0x8ca59 (size before relaxing)
 .debug_str     0x00092203      0x35d ./Drivers/STM32F1xx_HAL_Driver/Src/stm32f1xx_hal_adc.o
                              0x8ca0a (size before relaxing)
 .debug_str     0x00092560      0x262 ./Drivers/STM32F1xx_HAL_Driver/Src/stm32f1xx_hal_cortex.o
                              0x8c9a5 (size before relaxing)
 .debug_str     0x000927c2      0x1e7 ./Drivers/STM32F1xx_HAL_Driver/Src/stm32f1xx_hal_dma.o
                              0x8c6cf (size before relaxing)
 .debug_str     0x000929a9      0x2ce ./Drivers/STM32F1xx_HAL_Driver/Src/stm32f1xx_hal_gpio.o
                              0x8c6ac (size before relaxing)
 .debug_str     0x00092c77      0xb85 ./Drivers/STM32F1xx_HAL_Driver/Src/stm32f1xx_hal_i2c.o
                              0x8d3ed (size before relaxing)
 .debug_str     0x000937fc      0x5bd ./Drivers/STM32F1xx_HAL_Driver/Src/stm32f1xx_hal_pcd.o
                              0x8cc38 (size before relaxing)
 .debug_str     0x00093db9      0x170 ./Drivers/STM32F1xx_HAL_Driver/Src/stm32f1xx_hal_pcd_ex.o
                              0x8c79a (size before relaxing)
 .debug_str     0x00093f29      0x209 ./Drivers/STM32F1xx_HAL_Driver/Src/stm32f1xx_hal_rcc.o
                              0x8c755 (size before relaxing)
 .debug_str     0x00094132       0x84 ./Drivers/STM32F1xx_HAL_Driver/Src/stm32f1xx_hal_rcc_ex.o
                              0x8c4a5 (size before relaxing)
 .debug_str     0x000941b6      0xd95 ./Drivers/STM32F1xx_HAL_Driver/Src/stm32f1xx_hal_tim.o
                              0x8d747 (size before relaxing)
 .debug_str     0x00094f4b      0x493 ./Drivers/STM32F1xx_HAL_Driver/Src/stm32f1xx_hal_tim_ex.o
                              0x8cf63 (size before relaxing)
 .debug_str     0x000953de      0x5c3 ./Drivers/STM32F1xx_HAL_Driver/Src/stm32f1xx_hal_uart.o
                              0x8cdc6 (size before relaxing)
 .debug_str     0x000959a1      0x129 ./Drivers/STM32F1xx_HAL_Driver/Src/stm32f1xx_ll_usb.o
                              0x8c7ec (size before relaxing)
 .debug_str     0x00095aca      0x619 ./Middlewares/ST/STM32_USB_Device_Library/Class/CDC/Src/usbd_cdc.o
                              0x91240 (size before relaxing)
 .debug_str     0x000960e3      0x281 ./Middlewares/ST/STM32_USB_Device_Library/Core/Src/usbd_core.o
                              0x90b7b (size before relaxing)
 .debug_str     0x00096364      0x120 ./Middlewares/ST/STM32_USB_Device_Library/Core/Src/usbd_ctlreq.o
                              0x90a95 (size before relaxing)
 .debug_str     0x00096484       0x51 ./Middlewares/ST/STM32_USB_Device_Library/Core/Src/usbd_ioreq.o
                              0x909c2 (size before relaxing)
 .debug_str     0x000964d5       0xc6 ./USB_DEVICE/App/usb_device.o
                              0x90d4b (size before relaxing)
 .debug_str     0x0009659b       0x9a ./USB_DEVICE/App/usbd_cdc_if.o
                              0x90da6 (size before relaxing)
 .debug_str     0x00096635      0x259 ./USB_DEVICE/App/usbd_desc.o
                              0x908ff (size before relaxing)
 .debug_str     0x0009688e       0x6d ./USB_DEVICE/Target/usbd_conf.o
                              0x917cd (size before relaxing)

.comment        0x00000000       0x43
 .comment       0x00000000       0x43 ./Core/Src/main.o
                                 0x44 (size before relaxing)
 .comment       0x00000043       0x44 ./Core/Src/stm32f1xx_hal_msp.o
 .comment       0x00000043       0x44 ./Core/Src/stm32f1xx_it.o
 .comment       0x00000043       0x44 ./Core/Src/system_stm32f1xx.o
 .comment       0x00000043       0x44 ./Drivers/STM32F1xx_HAL_Driver/Src/stm32f1xx_hal.o
 .comment       0x00000043       0x44 ./Drivers/STM32F1xx_HAL_Driver/Src/stm32f1xx_hal_adc.o
 .comment       0x00000043       0x44 ./Drivers/STM32F1xx_HAL_Driver/Src/stm32f1xx_hal_cortex.o
 .comment       0x00000043       0x44 ./Drivers/STM32F1xx_HAL_Driver/Src/stm32f1xx_hal_dma.o
 .comment       0x00000043       0x44 ./Drivers/STM32F1xx_HAL_Driver/Src/stm32f1xx_hal_gpio.o
 .comment       0x00000043       0x44 ./Drivers/STM32F1xx_HAL_Driver/Src/stm32f1xx_hal_i2c.o
 .comment       0x00000043       0x44 ./Drivers/STM32F1xx_HAL_Driver/Src/stm32f1xx_hal_pcd.o
 .comment       0x00000043       0x44 ./Drivers/STM32F1xx_HAL_Driver/Src/stm32f1xx_hal_pcd_ex.o
 .comment       0x00000043       0x44 ./Drivers/STM32F1xx_HAL_Driver/Src/stm32f1xx_hal_rcc.o
 .comment       0x00000043       0x44 ./Drivers/STM32F1xx_HAL_Driver/Src/stm32f1xx_hal_rcc_ex.o
 .comment       0x00000043       0x44 ./Drivers/STM32F1xx_HAL_Driver/Src/stm32f1xx_hal_tim.o
 .comment       0x00000043       0x44 ./Drivers/STM32F1xx_HAL_Driver/Src/stm32f1xx_hal_tim_ex.o
 .comment       0x00000043       0x44 ./Drivers/STM32F1xx_HAL_Driver/Src/stm32f1xx_hal_uart.o
 .comment       0x00000043       0x44 ./Drivers/STM32F1xx_HAL_Driver/Src/stm32f1xx_ll_usb.o
 .comment       0x00000043       0x44 ./Middlewares/ST/STM32_USB_Device_Library/Class/CDC/Src/usbd_cdc.o
 .comment       0x00000043       0x44 ./Middlewares/ST/STM32_USB_Device_Library/Core/Src/usbd_core.o
 .comment       0x00000043       0x44 ./Middlewares/ST/STM32_USB_Device_Library/Core/Src/usbd_ctlreq.o
 .comment       0x00000043       0x44 ./Middlewares/ST/STM32_USB_Device_Library/Core/Src/usbd_ioreq.o
 .comment       0x00000043       0x44 ./USB_DEVICE/App/usb_device.o
 .comment       0x00000043       0x44 ./USB_DEVICE/App/usbd_cdc_if.o
 .comment       0x00000043       0x44 ./USB_DEVICE/App/usbd_desc.o
 .comment       0x00000043       0x44 ./USB_DEVICE/Target/usbd_conf.o

.debug_frame    0x00000000     0x5f28
 .debug_frame   0x00000000      0x264 ./Core/Src/main.o
 .debug_frame   0x00000264      0x158 ./Core/Src/stm32f1xx_hal_msp.o
 .debug_frame   0x000003bc      0x174 ./Core/Src/stm32f1xx_it.o
 .debug_frame   0x00000530       0x58 ./Core/Src/system_stm32f1xx.o
 .debug_frame   0x00000588      0x334 ./Drivers/STM32F1xx_HAL_Driver/Src/stm32f1xx_hal.o
 .debug_frame   0x000008bc      0x40c ./Drivers/STM32F1xx_HAL_Driver/Src/stm32f1xx_hal_adc.o
 .debug_frame   0x00000cc8      0x428 ./Drivers/STM32F1xx_HAL_Driver/Src/stm32f1xx_hal_cortex.o
 .debug_frame   0x000010f0      0x208 ./Drivers/STM32F1xx_HAL_Driver/Src/stm32f1xx_hal_dma.o
 .debug_frame   0x000012f8      0x14c ./Drivers/STM32F1xx_HAL_Driver/Src/stm32f1xx_hal_gpio.o
 .debug_frame   0x00001444      0xc84 ./Drivers/STM32F1xx_HAL_Driver/Src/stm32f1xx_hal_i2c.o
 .debug_frame   0x000020c8      0x59c ./Drivers/STM32F1xx_HAL_Driver/Src/stm32f1xx_hal_pcd.o
 .debug_frame   0x00002664       0xb0 ./Drivers/STM32F1xx_HAL_Driver/Src/stm32f1xx_hal_pcd_ex.o
 .debug_frame   0x00002714      0x218 ./Drivers/STM32F1xx_HAL_Driver/Src/stm32f1xx_hal_rcc.o
 .debug_frame   0x0000292c       0x80 ./Drivers/STM32F1xx_HAL_Driver/Src/stm32f1xx_hal_rcc_ex.o
 .debug_frame   0x000029ac     0x11bc ./Drivers/STM32F1xx_HAL_Driver/Src/stm32f1xx_hal_tim.o
 .debug_frame   0x00003b68      0x638 ./Drivers/STM32F1xx_HAL_Driver/Src/stm32f1xx_hal_tim_ex.o
 .debug_frame   0x000041a0      0x944 ./Drivers/STM32F1xx_HAL_Driver/Src/stm32f1xx_hal_uart.o
 .debug_frame   0x00004ae4      0x478 ./Drivers/STM32F1xx_HAL_Driver/Src/stm32f1xx_ll_usb.o
 .debug_frame   0x00004f5c      0x248 ./Middlewares/ST/STM32_USB_Device_Library/Class/CDC/Src/usbd_cdc.o
 .debug_frame   0x000051a4      0x300 ./Middlewares/ST/STM32_USB_Device_Library/Core/Src/usbd_core.o
 .debug_frame   0x000054a4      0x218 ./Middlewares/ST/STM32_USB_Device_Library/Core/Src/usbd_ctlreq.o
 .debug_frame   0x000056bc      0x10c ./Middlewares/ST/STM32_USB_Device_Library/Core/Src/usbd_ioreq.o
 .debug_frame   0x000057c8       0x2c ./USB_DEVICE/App/usb_device.o
 .debug_frame   0x000057f4       0xe4 ./USB_DEVICE/App/usbd_cdc_if.o
 .debug_frame   0x000058d8      0x160 ./USB_DEVICE/App/usbd_desc.o
 .debug_frame   0x00005a38      0x4a4 ./USB_DEVICE/Target/usbd_conf.o
 .debug_frame   0x00005edc       0x20 D:/Programs/STM32CubeIDE_1.13.1/STM32CubeIDE/plugins/com.st.stm32cube.ide.mcu.externaltools.gnu-tools-for-stm32.12.3.rel1.win32_1.0.100.202403111256/tools/bin/../lib/gcc/arm-none-eabi/12.3.1/../../../../arm-none-eabi/lib/thumb/v7-m/nofp\libc_nano.a(libc_a-memset.o)
 .debug_frame   0x00005efc       0x2c D:/Programs/STM32CubeIDE_1.13.1/STM32CubeIDE/plugins/com.st.stm32cube.ide.mcu.externaltools.gnu-tools-for-stm32.12.3.rel1.win32_1.0.100.202403111256/tools/bin/../lib/gcc/arm-none-eabi/12.3.1/../../../../arm-none-eabi/lib/thumb/v7-m/nofp\libc_nano.a(libc_a-init.o)

.debug_line_str
                0x00000000       0x7d
 .debug_line_str
                0x00000000       0x7d ./Core/Startup/startup_stm32f103c8tx.o