../Core/Src/main.c:222:6:USBReceive	8	static
../Core/Src/main.c:168:6:HAL_ADC_ConvCpltCallback	0	static
../Core/Src/main.c:195:6:HAL_TIM_PeriodElapsedCallback	0	static
../Core/Src/main.c:214:6:HAL_UART_RxCpltCallback	0	static
../Core/Src/main.c:332:6:decodeData	80	static
../Core/Src/main.c:254:6:decodeProtocol	16	static
../Core/Src/main.c:366:6:encodeData	80	static
../Core/Src/main.c:557:6:SystemClock_Config	88	static,ignoring_inline_asm
../Core/Src/main.c:441:5:main	56	static,ignoring_inline_asm
../Core/Src/main.c:939:6:Error_Handler	0	static,ignoring_inline_asm
