../Core/Src/main.c:173:6:HAL_ADC_ConvCpltCallback	16	static
../Core/Src/main.c:200:6:HAL_TIM_PeriodElapsedCallback	16	static
../Core/Src/main.c:230:6:HAL_UART_RxCpltCallback	16	static
../Core/Src/main.c:238:6:USBReceive	24	static
../Core/Src/main.c:270:6:decodeProtocol	16	static
../Core/Src/main.c:348:6:decodeData	72	static
../Core/Src/main.c:382:6:encodeData	72	static
../Core/Src/main.c:457:5:main	16	static
../Core/Src/main.c:575:6:SystemClock_Config	88	static
../Core/Src/main.c:623:13:MX_ADC1_Init	24	static
../Core/Src/main.c:733:13:MX_I2C2_Init	8	static
../Core/Src/main.c:767:13:MX_TIM1_Init	32	static
../Core/Src/main.c:813:13:MX_TIM4_Init	32	static
../Core/Src/main.c:858:13:MX_USART1_UART_Init	8	static
../Core/Src/main.c:889:13:MX_DMA_Init	16	static
../Core/Src/main.c:907:13:MX_GPIO_Init	40	static
../Core/Src/main.c:957:6:Error_Handler	4	static,ignoring_inline_asm
