../Core/Src/main.c:168:6:HAL_ADC_ConvCpltCallback	16	static
../Core/Src/main.c:195:6:HAL_TIM_PeriodElapsedCallback	16	static
../Core/Src/main.c:214:6:HAL_UART_RxCpltCallback	16	static
../Core/Src/main.c:222:6:USBReceive	24	static
../Core/Src/main.c:254:6:decodeProtocol	16	static
../Core/Src/main.c:332:6:decodeData	72	static
../Core/Src/main.c:366:6:encodeData	72	static
../Core/Src/main.c:433:5:main	16	static
../Core/Src/main.c:548:6:SystemClock_Config	88	static
../Core/Src/main.c:596:13:MX_ADC1_Init	24	static
../Core/Src/main.c:706:13:MX_I2C2_Init	8	static
../Core/Src/main.c:740:13:MX_TIM1_Init	32	static
../Core/Src/main.c:786:13:MX_TIM4_Init	32	static
../Core/Src/main.c:831:13:MX_USART1_UART_Init	8	static
../Core/Src/main.c:862:13:MX_DMA_Init	16	static
../Core/Src/main.c:880:13:MX_GPIO_Init	40	static
../Core/Src/main.c:930:6:Error_Handler	4	static,ignoring_inline_asm
