Archive member included to satisfy reference by file (symbol)

D:/Programs/STM32CubeIDE_1.13.1/STM32CubeIDE/plugins/com.st.stm32cube.ide.mcu.externaltools.gnu-tools-for-stm32.12.3.rel1.win32_1.0.100.202403111256/tools/bin/../lib/gcc/arm-none-eabi/12.3.1/../../../../arm-none-eabi/lib/thumb/v7-m/nofp\libc_nano.a(libc_a-exit.o)
                              D:/Programs/STM32CubeIDE_1.13.1/STM32CubeIDE/plugins/com.st.stm32cube.ide.mcu.externaltools.gnu-tools-for-stm32.12.3.rel1.win32_1.0.100.202403111256/tools/bin/../lib/gcc/arm-none-eabi/12.3.1/../../../../arm-none-eabi/lib/thumb/v7-m/nofp/crt0.o (exit)
D:/Programs/STM32CubeIDE_1.13.1/STM32CubeIDE/plugins/com.st.stm32cube.ide.mcu.externaltools.gnu-tools-for-stm32.12.3.rel1.win32_1.0.100.202403111256/tools/bin/../lib/gcc/arm-none-eabi/12.3.1/../../../../arm-none-eabi/lib/thumb/v7-m/nofp\libc_nano.a(libc_a-findfp.o)
                              D:/Programs/STM32CubeIDE_1.13.1/STM32CubeIDE/plugins/com.st.stm32cube.ide.mcu.externaltools.gnu-tools-for-stm32.12.3.rel1.win32_1.0.100.202403111256/tools/bin/../lib/gcc/arm-none-eabi/12.3.1/../../../../arm-none-eabi/lib/thumb/v7-m/nofp\libc_nano.a(libc_a-exit.o) (__stdio_exit_handler)
D:/Programs/STM32CubeIDE_1.13.1/STM32CubeIDE/plugins/com.st.stm32cube.ide.mcu.externaltools.gnu-tools-for-stm32.12.3.rel1.win32_1.0.100.202403111256/tools/bin/../lib/gcc/arm-none-eabi/12.3.1/../../../../arm-none-eabi/lib/thumb/v7-m/nofp\libc_nano.a(libc_a-fwalk.o)
                              D:/Programs/STM32CubeIDE_1.13.1/STM32CubeIDE/plugins/com.st.stm32cube.ide.mcu.externaltools.gnu-tools-for-stm32.12.3.rel1.win32_1.0.100.202403111256/tools/bin/../lib/gcc/arm-none-eabi/12.3.1/../../../../arm-none-eabi/lib/thumb/v7-m/nofp\libc_nano.a(libc_a-findfp.o) (_fwalk_sglue)
D:/Programs/STM32CubeIDE_1.13.1/STM32CubeIDE/plugins/com.st.stm32cube.ide.mcu.externaltools.gnu-tools-for-stm32.12.3.rel1.win32_1.0.100.202403111256/tools/bin/../lib/gcc/arm-none-eabi/12.3.1/../../../../arm-none-eabi/lib/thumb/v7-m/nofp\libc_nano.a(libc_a-stdio.o)
                              D:/Programs/STM32CubeIDE_1.13.1/STM32CubeIDE/plugins/com.st.stm32cube.ide.mcu.externaltools.gnu-tools-for-stm32.12.3.rel1.win32_1.0.100.202403111256/tools/bin/../lib/gcc/arm-none-eabi/12.3.1/../../../../arm-none-eabi/lib/thumb/v7-m/nofp\libc_nano.a(libc_a-findfp.o) (__sread)
D:/Programs/STM32CubeIDE_1.13.1/STM32CubeIDE/plugins/com.st.stm32cube.ide.mcu.externaltools.gnu-tools-for-stm32.12.3.rel1.win32_1.0.100.202403111256/tools/bin/../lib/gcc/arm-none-eabi/12.3.1/../../../../arm-none-eabi/lib/thumb/v7-m/nofp\libc_nano.a(libc_a-memset.o)
                              D:/Programs/STM32CubeIDE_1.13.1/STM32CubeIDE/plugins/com.st.stm32cube.ide.mcu.externaltools.gnu-tools-for-stm32.12.3.rel1.win32_1.0.100.202403111256/tools/bin/../lib/gcc/arm-none-eabi/12.3.1/../../../../arm-none-eabi/lib/thumb/v7-m/nofp/crt0.o (memset)
D:/Programs/STM32CubeIDE_1.13.1/STM32CubeIDE/plugins/com.st.stm32cube.ide.mcu.externaltools.gnu-tools-for-stm32.12.3.rel1.win32_1.0.100.202403111256/tools/bin/../lib/gcc/arm-none-eabi/12.3.1/../../../../arm-none-eabi/lib/thumb/v7-m/nofp\libc_nano.a(libc_a-closer.o)
                              D:/Programs/STM32CubeIDE_1.13.1/STM32CubeIDE/plugins/com.st.stm32cube.ide.mcu.externaltools.gnu-tools-for-stm32.12.3.rel1.win32_1.0.100.202403111256/tools/bin/../lib/gcc/arm-none-eabi/12.3.1/../../../../arm-none-eabi/lib/thumb/v7-m/nofp\libc_nano.a(libc_a-stdio.o) (_close_r)
D:/Programs/STM32CubeIDE_1.13.1/STM32CubeIDE/plugins/com.st.stm32cube.ide.mcu.externaltools.gnu-tools-for-stm32.12.3.rel1.win32_1.0.100.202403111256/tools/bin/../lib/gcc/arm-none-eabi/12.3.1/../../../../arm-none-eabi/lib/thumb/v7-m/nofp\libc_nano.a(libc_a-reent.o)
                              D:/Programs/STM32CubeIDE_1.13.1/STM32CubeIDE/plugins/com.st.stm32cube.ide.mcu.externaltools.gnu-tools-for-stm32.12.3.rel1.win32_1.0.100.202403111256/tools/bin/../lib/gcc/arm-none-eabi/12.3.1/../../../../arm-none-eabi/lib/thumb/v7-m/nofp\libc_nano.a(libc_a-closer.o) (errno)
D:/Programs/STM32CubeIDE_1.13.1/STM32CubeIDE/plugins/com.st.stm32cube.ide.mcu.externaltools.gnu-tools-for-stm32.12.3.rel1.win32_1.0.100.202403111256/tools/bin/../lib/gcc/arm-none-eabi/12.3.1/../../../../arm-none-eabi/lib/thumb/v7-m/nofp\libc_nano.a(libc_a-impure.o)
                              D:/Programs/STM32CubeIDE_1.13.1/STM32CubeIDE/plugins/com.st.stm32cube.ide.mcu.externaltools.gnu-tools-for-stm32.12.3.rel1.win32_1.0.100.202403111256/tools/bin/../lib/gcc/arm-none-eabi/12.3.1/../../../../arm-none-eabi/lib/thumb/v7-m/nofp\libc_nano.a(libc_a-reent.o) (_impure_ptr)
D:/Programs/STM32CubeIDE_1.13.1/STM32CubeIDE/plugins/com.st.stm32cube.ide.mcu.externaltools.gnu-tools-for-stm32.12.3.rel1.win32_1.0.100.202403111256/tools/bin/../lib/gcc/arm-none-eabi/12.3.1/../../../../arm-none-eabi/lib/thumb/v7-m/nofp\libc_nano.a(libc_a-lseekr.o)
[...]
Memory Configuration

Name             Origin             Length             Attributes
RAM              0x20000000         0x00005000         xrw
FLASH            0x08000000         0x00010000         xr
*default*        0x00000000         0xffffffff

Linker script and memory map

LOAD D:/Programs/STM32CubeIDE_1.13.1/STM32CubeIDE/plugins/com.st.stm32cube.ide.mcu.externaltools.gnu-tools-for-stm32.12.3.rel1.win32_1.0.100.202403111256/tools/bin/../lib/gcc/arm-none-eabi/12.3.1/thumb/v7-m/nofp/crti.o
LOAD D:/Programs/STM32CubeIDE_1.13.1/STM32CubeIDE/plugins/com.st.stm32cube.ide.mcu.externaltools.gnu-tools-for-stm32.12.3.rel1.win32_1.0.100.202403111256/tools/bin/../lib/gcc/arm-none-eabi/12.3.1/thumb/v7-m/nofp/crtbegin.o
LOAD D:/Programs/STM32CubeIDE_1.13.1/STM32CubeIDE/plugins/com.st.stm32cube.ide.mcu.externaltools.gnu-tools-for-stm32.12.3.rel1.win32_1.0.100.202403111256/tools/bin/../lib/gcc/arm-none-eabi/12.3.1/../../../../arm-none-eabi/lib/thumb/v7-m/nofp/crt0.o
LOAD ./Core/Src/main.o
LOAD ./Core/Src/stm32f1xx_hal_msp.o
LOAD ./Core/Src/stm32f1xx_it.o
LOAD ./Core/Src/syscalls.o
LOAD ./Core/Src/sysmem.o
LOAD ./Core/Src/system_stm32f1xx.o
LOAD ./Core/Startup/startup_stm32f103c8tx.o
LOAD ./Drivers/STM32F1xx_HAL_Driver/Src/stm32f1xx_hal.o
LOAD ./Drivers/STM32F1xx_HAL_Driver/Src/stm32f1xx_hal_adc.o
LOAD ./Drivers/STM32F1xx_HAL_Driver/Src/stm32f1xx_hal_adc_ex.o
LOAD ./Drivers/STM32F1xx_HAL_Driver/Src/stm32f1xx_hal_cortex.o
LOAD ./Drivers/STM32F1xx_HAL_Driver/Src/stm32f1xx_hal_dma.o
LOAD ./Drivers/STM32F1xx_HAL_Driver/Src/stm32f1xx_hal_exti.o
LOAD ./Drivers/STM32F1xx_HAL_Driver/Src/stm32f1xx_hal_flash.o
LOAD ./Drivers/STM32F1xx_HAL_Driver/Src/stm32f1xx_hal_flash_ex.o
LOAD ./Drivers/STM32F1xx_HAL_Driver/Src/stm32f1xx_hal_gpio.o
LOAD ./Drivers/STM32F1xx_HAL_Driver/Src/stm32f1xx_hal_gpio_ex.o
LOAD ./Drivers/STM32F1xx_HAL_Driver/Src/stm32f1xx_hal_i2c.o
LOAD ./Drivers/STM32F1xx_HAL_Driver/Src/stm32f1xx_hal_pcd.o
LOAD ./Drivers/STM32F1xx_HAL_Driver/Src/stm32f1xx_hal_pcd_ex.o
LOAD ./Drivers/STM32F1xx_HAL_Driver/Src/stm32f1xx_hal_pwr.o
LOAD ./Drivers/STM32F1xx_HAL_Driver/Src/stm32f1xx_hal_rcc.o
LOAD ./Drivers/STM32F1xx_HAL_Driver/Src/stm32f1xx_hal_rcc_ex.o
LOAD ./Drivers/STM32F1xx_HAL_Driver/Src/stm32f1xx_hal_tim.o
LOAD ./Drivers/STM32F1xx_HAL_Driver/Src/stm32f1xx_hal_tim_ex.o
LOAD ./Drivers/STM32F1xx_HAL_Driver/Src/stm32f1xx_hal_uart.o
LOAD ./Drivers/STM32F1xx_HAL_Driver/Src/stm32f1xx_ll_usb.o
LOAD ./Middlewares/ST/STM32_USB_Device_Library/Class/CDC/Src/usbd_cdc.o
LOAD ./Middlewares/ST/STM32_USB_Device_Library/Core/Src/usbd_core.o
LOAD ./Middlewares/ST/STM32_USB_Device_Library/Core/Src/usbd_ctlreq.o
LOAD ./Middlewares/ST/STM32_USB_Device_Library/Core/Src/usbd_ioreq.o
LOAD ./USB_DEVICE/App/usb_device.o
LOAD ./USB_DEVICE/App/usbd_cdc_if.o
LOAD ./USB_DEVICE/App/usbd_desc.o
LOAD ./USB_DEVICE/Target/usbd_conf.o
START GROUP
LOAD D:/Programs/STM32CubeIDE_1.13.1/STM32CubeIDE/plugins/com.st.stm32cube.ide.mcu.externaltools.gnu-tools-for-stm32.12.3.rel1.win32_1.0.100.202403111256/tools/bin/../lib/gcc/arm-none-eabi/12.3.1/../../../../arm-none-eabi/lib/thumb/v7-m/nofp\libc_nano.a
LOAD D:/Programs/STM32CubeIDE_1.13.1/STM32CubeIDE/plugins/com.st.stm32cube.ide.mcu.externaltools.gnu-tools-for-stm32.12.3.rel1.win32_1.0.100.202403111256/tools/bin/../lib/gcc/arm-none-eabi/12.3.1/../../../../arm-none-eabi/lib/thumb/v7-m/nofp\libm.a
END GROUP
START GROUP
LOAD D:/Programs/STM32CubeIDE_1.13.1/STM32CubeIDE/plugins/com.st.stm32cube.ide.mcu.externaltools.gnu-tools-for-stm32.12.3.rel1.win32_1.0.100.202403111256/tools/bin/../lib/gcc/arm-none-eabi/12.3.1/thumb/v7-m/nofp\libgcc.a
LOAD D:/Programs/STM32CubeIDE_1.13.1/STM32CubeIDE/plugins/com.st.stm32cube.ide.mcu.externaltools.gnu-tools-for-stm32.12.3.rel1.win32_1.0.100.202403111256/tools/bin/../lib/gcc/arm-none-eabi/12.3.1/../../../../arm-none-eabi/lib/thumb/v7-m/nofp\libc_nano.a
END GROUP
START GROUP
LOAD D:/Programs/STM32CubeIDE_1.13.1/STM32CubeIDE/plugins/com.st.stm32cube.ide.mcu.externaltools.gnu-tools-for-stm32.12.3.rel1.win32_1.0.100.202403111256/tools/bin/../lib/gcc/arm-none-eabi/12.3.1/thumb/v7-m/nofp\libgcc.a
LOAD D:/Programs/STM32CubeIDE_1.13.1/STM32CubeIDE/plugins/com.st.stm32cube.ide.mcu.externaltools.gnu-tools-for-stm32.12.3.rel1.win32_1.0.100.202403111256/tools/bin/../lib/gcc/arm-none-eabi/12.3.1/../../../../arm-none-eabi/lib/thumb/v7-m/nofp\libc_nano.a
LOAD D:/Programs/STM32CubeIDE_1.13.1/STM32CubeIDE/plugins/com.st.stm32cube.ide.mcu.externaltools.gnu-tools-for-stm32.12.3.rel1.win32_1.0.100.202403111256/tools/bin/../lib/gcc/arm-none-eabi/12.3.1/../../../../arm-none-eabi/lib/thumb/v7-m/nofp\libnosys.a
END GROUP
START GROUP
LOAD D:/Programs/STM32CubeIDE_1.13.1/STM32CubeIDE/plugins/com.st.stm32cube.ide.mcu.externaltools.gnu-tools-for-stm32.12.3.rel1.win32_1.0.100.202403111256/tools/bin/../lib/gcc/arm-none-eabi/12.3.1/thumb/v7-m/nofp\libgcc.a
LOAD D:/Programs/STM32CubeIDE_1.13.1/STM32CubeIDE/plugins/com.st.stm32cube.ide.mcu.externaltools.gnu-tools-for-stm32.12.3.rel1.win32_1.0.100.202403111256/tools/bin/../lib/gcc/arm-none-eabi/12.3.1/../../../../arm-none-eabi/lib/thumb/v7-m/nofp\libc_nano.a
LOAD D:/Programs/STM32CubeIDE_1.13.1/STM32CubeIDE/plugins/com.st.stm32cube.ide.mcu.externaltools.gnu-tools-for-stm32.12.3.rel1.win32_1.0.100.202403111256/tools/bin/../lib/gcc/arm-none-eabi/12.3.1/../../../../arm-none-eabi/lib/thumb/v7-m/nofp\libnosys.a
END GROUP
LOAD D:/Programs/STM32CubeIDE_1.13.1/STM32CubeIDE/plugins/com.st.stm32cube.ide.mcu.externaltools.gnu-tools-for-stm32.12.3.rel1.win32_1.0.100.202403111256/tools/bin/../lib/gcc/arm-none-eabi/12.3.1/thumb/v7-m/nofp/crtend.o
LOAD D:/Programs/STM32CubeIDE_1.13.1/STM32CubeIDE/plugins/com.st.stm32cube.ide.mcu.externaltools.gnu-tools-for-stm32.12.3.rel1.win32_1.0.100.202403111256/tools/bin/../lib/gcc/arm-none-eabi/12.3.1/thumb/v7-m/nofp/crtn.o
                0x20005000                        _estack = (ORIGIN (RAM) + LENGTH (RAM))
                0x00000200                        _Min_Heap_Size = 0x200
                0x00000400                        _Min_Stack_Size = 0x400

.isr_vector     0x08000000      0x10c
                0x08000000                        . = ALIGN (0x4)
 *(.isr_vector)
 .isr_vector    0x08000000      0x10c ./Core/Startup/startup_stm32f103c8tx.o
                0x08000000                g_pfnVectors
                0x0800010c                        . = ALIGN (0x4)

.text           0x0800010c     0x4b58
                0x0800010c                        . = ALIGN (0x4)
 *(.text)
 .text          0x0800010c       0x40 D:/Programs/STM32CubeIDE_1.13.1/STM32CubeIDE/plugins/com.st.stm32cube.ide.mcu.externaltools.gnu-tools-for-stm32.12.3.rel1.win32_1.0.100.202403111256/tools/bin/../lib/gcc/arm-none-eabi/12.3.1/thumb/v7-m/nofp/crtbegin.o
 .text          0x0800014c       0x10 D:/Programs/STM32CubeIDE_1.13.1/STM32CubeIDE/plugins/com.st.stm32cube.ide.mcu.externaltools.gnu-tools-for-stm32.12.3.rel1.win32_1.0.100.202403111256/tools/bin/../lib/gcc/arm-none-eabi/12.3.1/../../../../arm-none-eabi/lib/thumb/v7-m/nofp\libc_nano.a(libc_a-strlen.o)
                0x0800014c                strlen
 *(.text*)
 .text.USBReceive
                0x0800015c       0x1c ./Core/Src/main.o
                0x0800015c                USBReceive
 .text.HAL_ADC_ConvCpltCallback
                0x08000178       0x30 ./Core/Src/main.o
                0x08000178                HAL_ADC_ConvCpltCallback
 .text.HAL_TIM_PeriodElapsedCallback
                0x080001a8       0x50 ./Core/Src/main.o
                0x080001a8                HAL_TIM_PeriodElapsedCallback
 .text.HAL_UART_RxCpltCallback
                0x080001f8       0x2c ./Core/Src/main.o
                0x080001f8                HAL_UART_RxCpltCallback
 .text.decodeData
                0x08000224       0x78 ./Core/Src/main.o
                0x08000224                decodeData
 .text.decodeProtocol
                0x0800029c       0xd8 ./Core/Src/main.o
                0x0800029c                decodeProtocol
 .text.encodeData
                0x08000374       0xf0 ./Core/Src/main.o
                0x08000374                encodeData
 .text.SystemClock_Config
                0x08000464       0x82 ./Core/Src/main.o
                0x08000464                SystemClock_Config
 *fill*         0x080004e6        0x2 
 .text.startup.main
                0x080004e8      0x3f0 ./Core/Src/main.o
                0x080004e8                main
 .text.Error_Handler
                0x080008d8        0x4 ./Core/Src/main.o
                0x080008d8                Error_Handler
 .text.HAL_MspInit
                0x080008dc       0x44 ./Core/Src/stm32f1xx_hal_msp.o
                0x080008dc                HAL_MspInit
 .text.HAL_ADC_MspInit
                0x08000920       0x94 ./Core/Src/stm32f1xx_hal_msp.o
                0x08000920                HAL_ADC_MspInit
 .text.HAL_I2C_MspInit
                0x080009b4       0x64 ./Core/Src/stm32f1xx_hal_msp.o
                0x080009b4                HAL_I2C_MspInit
 .text.HAL_TIM_Base_MspInit
                0x08000a18       0x60 ./Core/Src/stm32f1xx_hal_msp.o
                0x08000a18                HAL_TIM_Base_MspInit
 .text.HAL_UART_MspInit
                0x08000a78       0x88 ./Core/Src/stm32f1xx_hal_msp.o
                0x08000a78                HAL_UART_MspInit
 .text.NMI_Handler
                0x08000b00        0x2 ./Core/Src/stm32f1xx_it.o
                0x08000b00                NMI_Handler
 .text.HardFault_Handler
                0x08000b02        0x2 ./Core/Src/stm32f1xx_it.o
                0x08000b02                HardFault_Handler
 .text.MemManage_Handler
                0x08000b04        0x2 ./Core/Src/stm32f1xx_it.o
                0x08000b04                MemManage_Handler
 .text.BusFault_Handler
                0x08000b06        0x2 ./Core/Src/stm32f1xx_it.o
                0x08000b06                BusFault_Handler
 .text.UsageFault_Handler
                0x08000b08        0x2 ./Core/Src/stm32f1xx_it.o
                0x08000b08                UsageFault_Handler
 .text.SVC_Handler
                0x08000b0a        0x2 ./Core/Src/stm32f1xx_it.o
                0x08000b0a                SVC_Handler
 .text.DebugMon_Handler
                0x08000b0c        0x2 ./Core/Src/stm32f1xx_it.o
                0x08000b0c                DebugMon_Handler
 .text.PendSV_Handler
                0x08000b0e        0x2 ./Core/Src/stm32f1xx_it.o
                0x08000b0e                PendSV_Handler
 .text.SysTick_Handler
                0x08000b10        0x4 ./Core/Src/stm32f1xx_it.o
                0x08000b10                SysTick_Handler
 .text.DMA1_Channel1_IRQHandler
                0x08000b14        0xc ./Core/Src/stm32f1xx_it.o
                0x08000b14                DMA1_Channel1_IRQHandler
 .text.USB_LP_CAN1_RX0_IRQHandler
                0x08000b20        0xc ./Core/Src/stm32f1xx_it.o
                0x08000b20                USB_LP_CAN1_RX0_IRQHandler
 .text.TIM1_UP_IRQHandler
                0x08000b2c        0xc ./Core/Src/stm32f1xx_it.o
                0x08000b2c                TIM1_UP_IRQHandler
 .text.USART1_IRQHandler
                0x08000b38        0xc ./Core/Src/stm32f1xx_it.o
                0x08000b38                USART1_IRQHandler
 .text.SystemInit
                0x08000b44        0x2 ./Core/Src/system_stm32f1xx.o
                0x08000b44                SystemInit
 *fill*         0x08000b46        0x2 
 .text.Reset_Handler
                0x08000b48       0x48 ./Core/Startup/startup_stm32f103c8tx.o
                0x08000b48                Reset_Handler
 .text.Default_Handler
                0x08000b90        0x2 ./Core/Startup/startup_stm32f103c8tx.o
                0x08000b90                RTC_Alarm_IRQHandler
                0x08000b90                EXTI2_IRQHandler
                0x08000b90                TIM1_CC_IRQHandler
                0x08000b90                PVD_IRQHandler
                0x08000b90                EXTI3_IRQHandler
                0x08000b90                EXTI0_IRQHandler
                0x08000b90                I2C2_EV_IRQHandler
                0x08000b90                ADC1_2_IRQHandler
                0x08000b90                SPI1_IRQHandler
                0x08000b90                TAMPER_IRQHandler
                0x08000b90                DMA1_Channel4_IRQHandler
                0x08000b90                USART3_IRQHandler
                0x08000b90                RTC_IRQHandler
                0x08000b90                DMA1_Channel7_IRQHandler
                0x08000b90                CAN1_RX1_IRQHandler
                0x08000b90                TIM4_IRQHandler
                0x08000b90                I2C1_EV_IRQHandler
                0x08000b90                DMA1_Channel6_IRQHandler
                0x08000b90                TIM3_IRQHandler
                0x08000b90                RCC_IRQHandler
                0x08000b90                TIM1_TRG_COM_IRQHandler
                0x08000b90                Default_Handler
                0x08000b90                EXTI15_10_IRQHandler
                0x08000b90                EXTI9_5_IRQHandler
                0x08000b90                SPI2_IRQHandler
                0x08000b90                DMA1_Channel5_IRQHandler
                0x08000b90                EXTI4_IRQHandler
                0x08000b90                USB_HP_CAN1_TX_IRQHandler
                0x08000b90                DMA1_Channel3_IRQHandler
                0x08000b90                WWDG_IRQHandler
                0x08000b90                TIM2_IRQHandler
                0x08000b90                TIM1_BRK_IRQHandler
                0x08000b90                EXTI1_IRQHandler
                0x08000b90                USART2_IRQHandler
                0x08000b90                I2C2_ER_IRQHandler
                0x08000b90                DMA1_Channel2_IRQHandler
                0x08000b90                CAN1_SCE_IRQHandler
                0x08000b90                FLASH_IRQHandler
                0x08000b90                I2C1_ER_IRQHandler
                0x08000b90                USBWakeUp_IRQHandler
 *fill*         0x08000b92        0x2 
 .text.HAL_InitTick
                0x08000b94       0x48 ./Drivers/STM32F1xx_HAL_Driver/Src/stm32f1xx_hal.o
                0x08000b94                HAL_InitTick
 .text.HAL_Init
                0x08000bdc       0x24 ./Drivers/STM32F1xx_HAL_Driver/Src/stm32f1xx_hal.o
                0x08000bdc                HAL_Init
 .text.HAL_IncTick
                0x08000c00       0x18 ./Drivers/STM32F1xx_HAL_Driver/Src/stm32f1xx_hal.o
                0x08000c00                HAL_IncTick
 .text.HAL_GetTick
                0x08000c18        0xc ./Drivers/STM32F1xx_HAL_Driver/Src/stm32f1xx_hal.o
                0x08000c18                HAL_GetTick
 .text.HAL_Delay
                0x08000c24       0x24 ./Drivers/STM32F1xx_HAL_Driver/Src/stm32f1xx_hal.o
                0x08000c24                HAL_Delay
 .text.ADC_DMAConvCplt
                0x08000c48       0x4e ./Drivers/STM32F1xx_HAL_Driver/Src/stm32f1xx_hal_adc.o
                0x08000c48                ADC_DMAConvCplt
 .text.HAL_ADC_ConvHalfCpltCallback
                0x08000c96        0x2 ./Drivers/STM32F1xx_HAL_Driver/Src/stm32f1xx_hal_adc.o
                0x08000c96                HAL_ADC_ConvHalfCpltCallback
 .text.ADC_DMAHalfConvCplt
                0x08000c98        0xa ./Drivers/STM32F1xx_HAL_Driver/Src/stm32f1xx_hal_adc.o
                0x08000c98                ADC_DMAHalfConvCplt
 .text.HAL_ADC_ErrorCallback
                0x08000ca2        0x2 ./Drivers/STM32F1xx_HAL_Driver/Src/stm32f1xx_hal_adc.o
                0x08000ca2                HAL_ADC_ErrorCallback
 .text.ADC_DMAError
                0x08000ca4       0x1a ./Drivers/STM32F1xx_HAL_Driver/Src/stm32f1xx_hal_adc.o
                0x08000ca4                ADC_DMAError
 *fill*         0x08000cbe        0x2 
 .text.HAL_ADC_ConfigChannel
                0x08000cc0       0xfc ./Drivers/STM32F1xx_HAL_Driver/Src/stm32f1xx_hal_adc.o
                0x08000cc0                HAL_ADC_ConfigChannel
 .text.ADC_Enable
                0x08000dbc       0x78 ./Drivers/STM32F1xx_HAL_Driver/Src/stm32f1xx_hal_adc.o
                0x08000dbc                ADC_Enable
 .text.HAL_ADC_Start_DMA
                0x08000e34      0x11c ./Drivers/STM32F1xx_HAL_Driver/Src/stm32f1xx_hal_adc.o
                0x08000e34                HAL_ADC_Start_DMA
 .text.ADC_ConversionStop_Disable
                0x08000f50       0x4c ./Drivers/STM32F1xx_HAL_Driver/Src/stm32f1xx_hal_adc.o
                0x08000f50                ADC_ConversionStop_Disable
 .text.HAL_ADC_Init
                0x08000f9c       0xfc ./Drivers/STM32F1xx_HAL_Driver/Src/stm32f1xx_hal_adc.o
                0x08000f9c                HAL_ADC_Init
 .text.HAL_NVIC_SetPriorityGrouping
                0x08001098       0x24 ./Drivers/STM32F1xx_HAL_Driver/Src/stm32f1xx_hal_cortex.o
                0x08001098                HAL_NVIC_SetPriorityGrouping
 .text.HAL_NVIC_SetPriority
                0x080010bc       0x60 ./Drivers/STM32F1xx_HAL_Driver/Src/stm32f1xx_hal_cortex.o
                0x080010bc                HAL_NVIC_SetPriority
 .text.HAL_NVIC_EnableIRQ
                0x0800111c       0x1c ./Drivers/STM32F1xx_HAL_Driver/Src/stm32f1xx_hal_cortex.o
                0x0800111c                HAL_NVIC_EnableIRQ
 .text.HAL_SYSTICK_Config
                0x08001138       0x28 ./Drivers/STM32F1xx_HAL_Driver/Src/stm32f1xx_hal_cortex.o
                0x08001138                HAL_SYSTICK_Config
 .text.HAL_DMA_Init
                0x08001160       0x64 ./Drivers/STM32F1xx_HAL_Driver/Src/stm32f1xx_hal_dma.o
                0x08001160                HAL_DMA_Init
 .text.HAL_DMA_Start_IT
                0x080011c4       0x78 ./Drivers/STM32F1xx_HAL_Driver/Src/stm32f1xx_hal_dma.o
                0x080011c4                HAL_DMA_Start_IT
 .text.HAL_DMA_Abort
                0x0800123c       0x3e ./Drivers/STM32F1xx_HAL_Driver/Src/stm32f1xx_hal_dma.o
                0x0800123c                HAL_DMA_Abort
 *fill*         0x0800127a        0x2 
 .text.HAL_DMA_Abort_IT
                0x0800127c       0x8c ./Drivers/STM32F1xx_HAL_Driver/Src/stm32f1xx_hal_dma.o
                0x0800127c                HAL_DMA_Abort_IT
 .text.HAL_DMA_IRQHandler
                0x08001308      0x128 ./Drivers/STM32F1xx_HAL_Driver/Src/stm32f1xx_hal_dma.o
                0x08001308                HAL_DMA_IRQHandler
 .text.HAL_GPIO_Init
                0x08001430      0x1b0 ./Drivers/STM32F1xx_HAL_Driver/Src/stm32f1xx_hal_gpio.o
                0x08001430                HAL_GPIO_Init
 .text.HAL_GPIO_WritePin
                0x080015e0        0xa ./Drivers/STM32F1xx_HAL_Driver/Src/stm32f1xx_hal_gpio.o
                0x080015e0                HAL_GPIO_WritePin
 .text.HAL_GPIO_TogglePin
                0x080015ea       0x12 ./Drivers/STM32F1xx_HAL_Driver/Src/stm32f1xx_hal_gpio.o
                0x080015ea                HAL_GPIO_TogglePin
 .text.HAL_I2C_Init
                0x080015fc      0x150 ./Drivers/STM32F1xx_HAL_Driver/Src/stm32f1xx_hal_i2c.o
                0x080015fc                HAL_I2C_Init
 .text.HAL_PCD_Init
                0x0800174c       0xe4 ./Drivers/STM32F1xx_HAL_Driver/Src/stm32f1xx_hal_pcd.o
                0x0800174c                HAL_PCD_Init
 .text.HAL_PCD_Start
                0x08001830       0x32 ./Drivers/STM32F1xx_HAL_Driver/Src/stm32f1xx_hal_pcd.o
                0x08001830                HAL_PCD_Start
 .text.HAL_PCD_SetAddress
                0x08001862       0x28 ./Drivers/STM32F1xx_HAL_Driver/Src/stm32f1xx_hal_pcd.o
                0x08001862                HAL_PCD_SetAddress
 *fill*         0x0800188a        0x2 
 .text.HAL_PCD_IRQHandler
                0x0800188c      0x9e0 ./Drivers/STM32F1xx_HAL_Driver/Src/stm32f1xx_hal_pcd.o
                0x0800188c                HAL_PCD_IRQHandler
 .text.HAL_PCD_EP_Open
                0x0800226c       0x60 ./Drivers/STM32F1xx_HAL_Driver/Src/stm32f1xx_hal_pcd.o
                0x0800226c                HAL_PCD_EP_Open
 .text.HAL_PCD_EP_Close
                0x080022cc       0x52 ./Drivers/STM32F1xx_HAL_Driver/Src/stm32f1xx_hal_pcd.o
                0x080022cc                HAL_PCD_EP_Close
 .text.HAL_PCD_EP_Receive
                0x0800231e       0x2e ./Drivers/STM32F1xx_HAL_Driver/Src/stm32f1xx_hal_pcd.o
                0x0800231e                HAL_PCD_EP_Receive
 .text.HAL_PCD_EP_GetRxCount
                0x0800234c       0x10 ./Drivers/STM32F1xx_HAL_Driver/Src/stm32f1xx_hal_pcd.o
                0x0800234c                HAL_PCD_EP_GetRxCount
 .text.HAL_PCD_EP_Transmit
                0x0800235c       0x34 ./Drivers/STM32F1xx_HAL_Driver/Src/stm32f1xx_hal_pcd.o
                0x0800235c                HAL_PCD_EP_Transmit
 .text.HAL_PCD_EP_SetStall
                0x08002390       0x68 ./Drivers/STM32F1xx_HAL_Driver/Src/stm32f1xx_hal_pcd.o
                0x08002390                HAL_PCD_EP_SetStall
 .text.HAL_PCD_EP_ClrStall
                0x080023f8       0x64 ./Drivers/STM32F1xx_HAL_Driver/Src/stm32f1xx_hal_pcd.o
                0x080023f8                HAL_PCD_EP_ClrStall
 .text.HAL_PCDEx_PMAConfig
                0x0800245c       0x32 ./Drivers/STM32F1xx_HAL_Driver/Src/stm32f1xx_hal_pcd_ex.o
                0x0800245c                HAL_PCDEx_PMAConfig
 *fill*         0x0800248e        0x2 
 .text.HAL_RCC_OscConfig
                0x08002490      0x338 ./Drivers/STM32F1xx_HAL_Driver/Src/stm32f1xx_hal_rcc.o
                0x08002490                HAL_RCC_OscConfig
 .text.HAL_RCC_GetSysClockFreq
                0x080027c8       0x4c ./Drivers/STM32F1xx_HAL_Driver/Src/stm32f1xx_hal_rcc.o
                0x080027c8                HAL_RCC_GetSysClockFreq
 .text.HAL_RCC_ClockConfig
                0x08002814      0x138 ./Drivers/STM32F1xx_HAL_Driver/Src/stm32f1xx_hal_rcc.o
                0x08002814                HAL_RCC_ClockConfig
 .text.HAL_RCC_GetPCLK1Freq
                0x0800294c       0x20 ./Drivers/STM32F1xx_HAL_Driver/Src/stm32f1xx_hal_rcc.o
                0x0800294c                HAL_RCC_GetPCLK1Freq
 .text.HAL_RCC_GetPCLK2Freq
                0x0800296c       0x20 ./Drivers/STM32F1xx_HAL_Driver/Src/stm32f1xx_hal_rcc.o
                0x0800296c                HAL_RCC_GetPCLK2Freq
 .text.HAL_RCCEx_PeriphCLKConfig
                0x0800298c       0xf4 ./Drivers/STM32F1xx_HAL_Driver/Src/stm32f1xx_hal_rcc_ex.o
                0x0800298c                HAL_RCCEx_PeriphCLKConfig
 .text.HAL_TIM_Base_Start_IT
                0x08002a80       0x54 ./Drivers/STM32F1xx_HAL_Driver/Src/stm32f1xx_hal_tim.o
                0x08002a80                HAL_TIM_Base_Start_IT
 .text.HAL_TIM_OC_DelayElapsedCallback
                0x08002ad4        0x2 ./Drivers/STM32F1xx_HAL_Driver/Src/stm32f1xx_hal_tim.o
                0x08002ad4                HAL_TIM_OC_DelayElapsedCallback
 .text.HAL_TIM_IC_CaptureCallback
                0x08002ad6        0x2 ./Drivers/STM32F1xx_HAL_Driver/Src/stm32f1xx_hal_tim.o
                0x08002ad6                HAL_TIM_IC_CaptureCallback
 .text.HAL_TIM_PWM_PulseFinishedCallback
                0x08002ad8        0x2 ./Drivers/STM32F1xx_HAL_Driver/Src/stm32f1xx_hal_tim.o
                0x08002ad8                HAL_TIM_PWM_PulseFinishedCallback
 .text.HAL_TIM_TriggerCallback
                0x08002ada        0x2 ./Drivers/STM32F1xx_HAL_Driver/Src/stm32f1xx_hal_tim.o
                0x08002ada                HAL_TIM_TriggerCallback
 .text.HAL_TIM_IRQHandler
                0x08002adc      0x144 ./Drivers/STM32F1xx_HAL_Driver/Src/stm32f1xx_hal_tim.o
                0x08002adc                HAL_TIM_IRQHandler
 .text.TIM_Base_SetConfig
                0x08002c20       0x70 ./Drivers/STM32F1xx_HAL_Driver/Src/stm32f1xx_hal_tim.o
                0x08002c20                TIM_Base_SetConfig
 .text.HAL_TIM_Base_Init
                0x08002c90       0x58 ./Drivers/STM32F1xx_HAL_Driver/Src/stm32f1xx_hal_tim.o
                0x08002c90                HAL_TIM_Base_Init
 .text.TIM_ETR_SetConfig
                0x08002ce8       0x14 ./Drivers/STM32F1xx_HAL_Driver/Src/stm32f1xx_hal_tim.o
                0x08002ce8                TIM_ETR_SetConfig
 .text.HAL_TIM_ConfigClockSource
                0x08002cfc      0x132 ./Drivers/STM32F1xx_HAL_Driver/Src/stm32f1xx_hal_tim.o
                0x08002cfc                HAL_TIM_ConfigClockSource
 *fill*         0x08002e2e        0x2 
 .text.HAL_TIMEx_MasterConfigSynchronization
                0x08002e30       0x5c ./Drivers/STM32F1xx_HAL_Driver/Src/stm32f1xx_hal_tim_ex.o
                0x08002e30                HAL_TIMEx_MasterConfigSynchronization
 .text.HAL_TIMEx_CommutCallback
                0x08002e8c        0x2 ./Drivers/STM32F1xx_HAL_Driver/Src/stm32f1xx_hal_tim_ex.o
                0x08002e8c                HAL_TIMEx_CommutCallback
 .text.HAL_TIMEx_BreakCallback
                0x08002e8e        0x2 ./Drivers/STM32F1xx_HAL_Driver/Src/stm32f1xx_hal_tim_ex.o
                0x08002e8e                HAL_TIMEx_BreakCallback
 .text.UART_EndRxTransfer
                0x08002e90       0x5c ./Drivers/STM32F1xx_HAL_Driver/Src/stm32f1xx_hal_uart.o
 .text.UART_SetConfig
                0x08002eec       0x74 ./Drivers/STM32F1xx_HAL_Driver/Src/stm32f1xx_hal_uart.o
 .text.HAL_UART_Init
                0x08002f60       0x5e ./Drivers/STM32F1xx_HAL_Driver/Src/stm32f1xx_hal_uart.o
                0x08002f60                HAL_UART_Init
 .text.HAL_UART_TxCpltCallback
                0x08002fbe        0x2 ./Drivers/STM32F1xx_HAL_Driver/Src/stm32f1xx_hal_uart.o
                0x08002fbe                HAL_UART_TxCpltCallback
 .text.HAL_UART_ErrorCallback
                0x08002fc0        0x2 ./Drivers/STM32F1xx_HAL_Driver/Src/stm32f1xx_hal_uart.o
                0x08002fc0                HAL_UART_ErrorCallback
 .text.UART_DMAAbortOnError
                0x08002fc2       0x10 ./Drivers/STM32F1xx_HAL_Driver/Src/stm32f1xx_hal_uart.o
 .text.HAL_UARTEx_RxEventCallback
                0x08002fd2        0x2 ./Drivers/STM32F1xx_HAL_Driver/Src/stm32f1xx_hal_uart.o
                0x08002fd2                HAL_UARTEx_RxEventCallback
 .text.UART_Receive_IT.isra.0
                0x08002fd4       0xb6 ./Drivers/STM32F1xx_HAL_Driver/Src/stm32f1xx_hal_uart.o
 *fill*         0x0800308a        0x2 
 .text.HAL_UART_IRQHandler
                0x0800308c      0x294 ./Drivers/STM32F1xx_HAL_Driver/Src/stm32f1xx_hal_uart.o
                0x0800308c                HAL_UART_IRQHandler
 .text.UART_Start_Receive_IT
                0x08003320       0x32 ./Drivers/STM32F1xx_HAL_Driver/Src/stm32f1xx_hal_uart.o
                0x08003320                UART_Start_Receive_IT
 .text.HAL_UART_Receive_IT
                0x08003352       0x22 ./Drivers/STM32F1xx_HAL_Driver/Src/stm32f1xx_hal_uart.o
                0x08003352                HAL_UART_Receive_IT
 .text.USB_CoreInit
                0x08003374        0xe ./Drivers/STM32F1xx_HAL_Driver/Src/stm32f1xx_ll_usb.o
                0x08003374                USB_CoreInit
 .text.USB_EnableGlobalInt
                0x08003382       0x12 ./Drivers/STM32F1xx_HAL_Driver/Src/stm32f1xx_ll_usb.o
                0x08003382                USB_EnableGlobalInt
 .text.USB_DisableGlobalInt
                0x08003394       0x14 ./Drivers/STM32F1xx_HAL_Driver/Src/stm32f1xx_ll_usb.o
                0x08003394                USB_DisableGlobalInt
 .text.USB_SetCurrentMode
                0x080033a8        0x4 ./Drivers/STM32F1xx_HAL_Driver/Src/stm32f1xx_ll_usb.o
                0x080033a8                USB_SetCurrentMode
 .text.USB_DevInit
                0x080033ac       0x28 ./Drivers/STM32F1xx_HAL_Driver/Src/stm32f1xx_ll_usb.o
                0x080033ac                USB_DevInit
 .text.USB_ActivateEndpoint
                0x080033d4      0x2c0 ./Drivers/STM32F1xx_HAL_Driver/Src/stm32f1xx_ll_usb.o
                0x080033d4                USB_ActivateEndpoint
 .text.USB_DeactivateEndpoint
                0x08003694      0x1a6 ./Drivers/STM32F1xx_HAL_Driver/Src/stm32f1xx_ll_usb.o
                0x08003694                USB_DeactivateEndpoint
 .text.USB_EPSetStall
                0x0800383a       0x40 ./Drivers/STM32F1xx_HAL_Driver/Src/stm32f1xx_ll_usb.o
                0x0800383a                USB_EPSetStall
 .text.USB_EPClearStall
                0x0800387a       0x92 ./Drivers/STM32F1xx_HAL_Driver/Src/stm32f1xx_ll_usb.o
                0x0800387a                USB_EPClearStall
 .text.USB_SetDevAddress
                0x0800390c        0xc ./Drivers/STM32F1xx_HAL_Driver/Src/stm32f1xx_ll_usb.o
                0x0800390c                USB_SetDevAddress
 .text.USB_DevConnect
                0x08003918        0x4 ./Drivers/STM32F1xx_HAL_Driver/Src/stm32f1xx_ll_usb.o
                0x08003918                USB_DevConnect
 .text.USB_DevDisconnect
                0x0800391c        0x4 ./Drivers/STM32F1xx_HAL_Driver/Src/stm32f1xx_ll_usb.o
                0x0800391c                USB_DevDisconnect
 .text.USB_ReadInterrupts
                0x08003920        0x8 ./Drivers/STM32F1xx_HAL_Driver/Src/stm32f1xx_ll_usb.o
                0x08003920                USB_ReadInterrupts
 .text.USB_EP0_OutStart
                0x08003928        0x4 ./Drivers/STM32F1xx_HAL_Driver/Src/stm32f1xx_ll_usb.o
                0x08003928                USB_EP0_OutStart
 .text.USB_WritePMA
                0x0800392c       0x20 ./Drivers/STM32F1xx_HAL_Driver/Src/stm32f1xx_ll_usb.o
                0x0800392c                USB_WritePMA
 .text.USB_EPStartXfer
                0x0800394c      0x46a ./Drivers/STM32F1xx_HAL_Driver/Src/stm32f1xx_ll_usb.o
                0x0800394c                USB_EPStartXfer
 .text.USB_ReadPMA
                0x08003db6       0x38 ./Drivers/STM32F1xx_HAL_Driver/Src/stm32f1xx_ll_usb.o
                0x08003db6                USB_ReadPMA
 .text.USBD_CDC_EP0_RxReady
                0x08003dee       0x28 ./Middlewares/ST/STM32_USB_Device_Library/Class/CDC/Src/usbd_cdc.o
 *fill*         0x08003e16        0x2 
 .text.USBD_CDC_GetFSCfgDesc
                0x08003e18        0xc ./Middlewares/ST/STM32_USB_Device_Library/Class/CDC/Src/usbd_cdc.o
 .text.USBD_CDC_GetHSCfgDesc
                0x08003e24        0xc ./Middlewares/ST/STM32_USB_Device_Library/Class/CDC/Src/usbd_cdc.o
 .text.USBD_CDC_GetOtherSpeedCfgDesc
                0x08003e30        0xc ./Middlewares/ST/STM32_USB_Device_Library/Class/CDC/Src/usbd_cdc.o
 .text.USBD_CDC_GetDeviceQualifierDescriptor
                0x08003e3c        0xc ./Middlewares/ST/STM32_USB_Device_Library/Class/CDC/Src/usbd_cdc.o
                0x08003e3c                USBD_CDC_GetDeviceQualifierDescriptor
 .text.USBD_CDC_DataOut
                0x08003e48       0x2e ./Middlewares/ST/STM32_USB_Device_Library/Class/CDC/Src/usbd_cdc.o
 .text.USBD_CDC_DataIn
                0x08003e76       0x40 ./Middlewares/ST/STM32_USB_Device_Library/Class/CDC/Src/usbd_cdc.o
 .text.USBD_CDC_Setup
                0x08003eb6       0xa2 ./Middlewares/ST/STM32_USB_Device_Library/Class/CDC/Src/usbd_cdc.o
 .text.USBD_CDC_DeInit
                0x08003f58       0x42 ./Middlewares/ST/STM32_USB_Device_Library/Class/CDC/Src/usbd_cdc.o
 .text.USBD_CDC_Init
                0x08003f9a       0x8c ./Middlewares/ST/STM32_USB_Device_Library/Class/CDC/Src/usbd_cdc.o
 .text.USBD_CDC_RegisterInterface
                0x08004026        0xe ./Middlewares/ST/STM32_USB_Device_Library/Class/CDC/Src/usbd_cdc.o
                0x08004026                USBD_CDC_RegisterInterface
 .text.USBD_CDC_SetTxBuffer
                0x08004034       0x10 ./Middlewares/ST/STM32_USB_Device_Library/Class/CDC/Src/usbd_cdc.o
                0x08004034                USBD_CDC_SetTxBuffer
 .text.USBD_CDC_SetRxBuffer
                0x08004044        0xc ./Middlewares/ST/STM32_USB_Device_Library/Class/CDC/Src/usbd_cdc.o
                0x08004044                USBD_CDC_SetRxBuffer
 .text.USBD_CDC_TransmitPacket
                0x08004050       0x32 ./Middlewares/ST/STM32_USB_Device_Library/Class/CDC/Src/usbd_cdc.o
                0x08004050                USBD_CDC_TransmitPacket
 .text.USBD_CDC_ReceivePacket
                0x08004082       0x26 ./Middlewares/ST/STM32_USB_Device_Library/Class/CDC/Src/usbd_cdc.o
                0x08004082                USBD_CDC_ReceivePacket
 .text.USBD_Init
                0x080040a8       0x2a ./Middlewares/ST/STM32_USB_Device_Library/Core/Src/usbd_core.o
                0x080040a8                USBD_Init
 .text.USBD_RegisterClass
                0x080040d2        0xe ./Middlewares/ST/STM32_USB_Device_Library/Core/Src/usbd_core.o
                0x080040d2                USBD_RegisterClass
 .text.USBD_Start
                0x080040e0        0xa ./Middlewares/ST/STM32_USB_Device_Library/Core/Src/usbd_core.o
                0x080040e0                USBD_Start
 .text.USBD_SetClassConfig
                0x080040ea       0x1a ./Middlewares/ST/STM32_USB_Device_Library/Core/Src/usbd_core.o
                0x080040ea                USBD_SetClassConfig
 .text.USBD_ClrClassConfig
                0x08004104        0xe ./Middlewares/ST/STM32_USB_Device_Library/Core/Src/usbd_core.o
                0x08004104                USBD_ClrClassConfig
 .text.USBD_LL_SetupStage
                0x08004112       0x5a ./Middlewares/ST/STM32_USB_Device_Library/Core/Src/usbd_core.o
                0x08004112                USBD_LL_SetupStage
 .text.USBD_LL_DataOutStage
                0x0800416c       0x70 ./Middlewares/ST/STM32_USB_Device_Library/Core/Src/usbd_core.o
                0x0800416c                USBD_LL_DataOutStage
 .text.USBD_LL_DataInStage
                0x080041dc       0xb8 ./Middlewares/ST/STM32_USB_Device_Library/Core/Src/usbd_core.o
                0x080041dc                USBD_LL_DataInStage
 .text.USBD_LL_Reset
                0x08004294       0x4e ./Middlewares/ST/STM32_USB_Device_Library/Core/Src/usbd_core.o
                0x08004294                USBD_LL_Reset
 .text.USBD_LL_SetSpeed
                0x080042e2        0x6 ./Middlewares/ST/STM32_USB_Device_Library/Core/Src/usbd_core.o
                0x080042e2                USBD_LL_SetSpeed
 .text.USBD_LL_Suspend
                0x080042e8       0x12 ./Middlewares/ST/STM32_USB_Device_Library/Core/Src/usbd_core.o
                0x080042e8                USBD_LL_Suspend
 .text.USBD_LL_Resume
                0x080042fa       0x14 ./Middlewares/ST/STM32_USB_Device_Library/Core/Src/usbd_core.o
                0x080042fa                USBD_LL_Resume
 .text.USBD_LL_SOF
                0x0800430e       0x18 ./Middlewares/ST/STM32_USB_Device_Library/Core/Src/usbd_core.o
                0x0800430e                USBD_LL_SOF
 .text.USBD_CtlError.constprop.0
                0x08004326       0x16 ./Middlewares/ST/STM32_USB_Device_Library/Core/Src/usbd_ctlreq.o
 .text.USBD_StdDevReq
                0x0800433c      0x250 ./Middlewares/ST/STM32_USB_Device_Library/Core/Src/usbd_ctlreq.o
                0x0800433c                USBD_StdDevReq
 .text.USBD_StdItfReq
                0x0800458c       0x48 ./Middlewares/ST/STM32_USB_Device_Library/Core/Src/usbd_ctlreq.o
                0x0800458c                USBD_StdItfReq
 .text.USBD_StdEPReq
                0x080045d4      0x110 ./Middlewares/ST/STM32_USB_Device_Library/Core/Src/usbd_ctlreq.o
                0x080045d4                USBD_StdEPReq
 .text.USBD_ParseSetupRequest
                0x080046e4       0x16 ./Middlewares/ST/STM32_USB_Device_Library/Core/Src/usbd_ctlreq.o
                0x080046e4                USBD_ParseSetupRequest
 .text.USBD_CtlError
                0x080046fa       0x16 ./Middlewares/ST/STM32_USB_Device_Library/Core/Src/usbd_ctlreq.o
                0x080046fa                USBD_CtlError
 .text.USBD_GetString
                0x08004710       0x38 ./Middlewares/ST/STM32_USB_Device_Library/Core/Src/usbd_ctlreq.o
                0x08004710                USBD_GetString
 .text.USBD_CtlSendData
                0x08004748       0x1a ./Middlewares/ST/STM32_USB_Device_Library/Core/Src/usbd_ioreq.o
                0x08004748                USBD_CtlSendData
 .text.USBD_CtlContinueSendData
                0x08004762       0x10 ./Middlewares/ST/STM32_USB_Device_Library/Core/Src/usbd_ioreq.o
                0x08004762                USBD_CtlContinueSendData
 .text.USBD_CtlPrepareRx
                0x08004772       0x1a ./Middlewares/ST/STM32_USB_Device_Library/Core/Src/usbd_ioreq.o
                0x08004772                USBD_CtlPrepareRx
 .text.USBD_CtlContinueRx
                0x0800478c       0x10 ./Middlewares/ST/STM32_USB_Device_Library/Core/Src/usbd_ioreq.o
                0x0800478c                USBD_CtlContinueRx
 .text.USBD_CtlSendStatus
                0x0800479c       0x16 ./Middlewares/ST/STM32_USB_Device_Library/Core/Src/usbd_ioreq.o
                0x0800479c                USBD_CtlSendStatus
 .text.USBD_CtlReceiveStatus
                0x080047b2       0x16 ./Middlewares/ST/STM32_USB_Device_Library/Core/Src/usbd_ioreq.o
                0x080047b2                USBD_CtlReceiveStatus
 .text.MX_USB_DEVICE_Init
                0x080047c8       0x50 ./USB_DEVICE/App/usb_device.o
                0x080047c8                MX_USB_DEVICE_Init
 .text.CDC_DeInit_FS
                0x08004818        0x4 ./USB_DEVICE/App/usbd_cdc_if.o
 .text.CDC_Receive_FS
                0x0800481c       0x28 ./USB_DEVICE/App/usbd_cdc_if.o
 .text.CDC_Init_FS
                0x08004844       0x28 ./USB_DEVICE/App/usbd_cdc_if.o
 .text.CDC_Control_FS
                0x0800486c       0x50 ./USB_DEVICE/App/usbd_cdc_if.o
 .text.CDC_Transmit_FS
                0x080048bc       0x2c ./USB_DEVICE/App/usbd_cdc_if.o
                0x080048bc                CDC_Transmit_FS
 .text.CDC_AttachRxData
                0x080048e8        0xc ./USB_DEVICE/App/usbd_cdc_if.o
                0x080048e8                CDC_AttachRxData
 .text.USBD_FS_DeviceDescriptor
                0x080048f4        0xc ./USB_DEVICE/App/usbd_desc.o
                0x080048f4                USBD_FS_DeviceDescriptor
 .text.USBD_FS_LangIDStrDescriptor
                0x08004900        0xc ./USB_DEVICE/App/usbd_desc.o
                0x08004900                USBD_FS_LangIDStrDescriptor
 .text.IntToUnicode
                0x0800490c       0x2a ./USB_DEVICE/App/usbd_desc.o
 *fill*         0x08004936        0x2 
 .text.USBD_FS_SerialStrDescriptor
                0x08004938       0x28 ./USB_DEVICE/App/usbd_desc.o
                0x08004938                USBD_FS_SerialStrDescriptor
 .text.USBD_FS_ManufacturerStrDescriptor
                0x08004960       0x1c ./USB_DEVICE/App/usbd_desc.o
                0x08004960                USBD_FS_ManufacturerStrDescriptor
 .text.USBD_FS_ProductStrDescriptor
                0x0800497c       0x1c ./USB_DEVICE/App/usbd_desc.o
                0x0800497c                USBD_FS_ProductStrDescriptor
 .text.USBD_FS_ConfigStrDescriptor
                0x08004998       0x1c ./USB_DEVICE/App/usbd_desc.o
                0x08004998                USBD_FS_ConfigStrDescriptor
 .text.USBD_FS_InterfaceStrDescriptor
                0x080049b4       0x1c ./USB_DEVICE/App/usbd_desc.o
                0x080049b4                USBD_FS_InterfaceStrDescriptor
 .text.USBD_Get_USB_Status
                0x080049d0        0xc ./USB_DEVICE/Target/usbd_conf.o
 .text.HAL_PCD_MspInit
                0x080049dc       0x40 ./USB_DEVICE/Target/usbd_conf.o
                0x080049dc                HAL_PCD_MspInit
 .text.HAL_PCD_SetupStageCallback
                0x08004a1c        0xc ./USB_DEVICE/Target/usbd_conf.o
                0x08004a1c                HAL_PCD_SetupStageCallback
 .text.HAL_PCD_DataOutStageCallback
                0x08004a28       0x12 ./USB_DEVICE/Target/usbd_conf.o
                0x08004a28                HAL_PCD_DataOutStageCallback
 .text.HAL_PCD_DataInStageCallback
                0x08004a3a       0x10 ./USB_DEVICE/Target/usbd_conf.o
                0x08004a3a                HAL_PCD_DataInStageCallback
 .text.HAL_PCD_SOFCallback
                0x08004a4a        0x8 ./USB_DEVICE/Target/usbd_conf.o
                0x08004a4a                HAL_PCD_SOFCallback
 .text.HAL_PCD_ResetCallback
                0x08004a52       0x24 ./USB_DEVICE/Target/usbd_conf.o
                0x08004a52                HAL_PCD_ResetCallback
 *fill*         0x08004a76        0x2 
 .text.HAL_PCD_SuspendCallback
                0x08004a78       0x20 ./USB_DEVICE/Target/usbd_conf.o
                0x08004a78                HAL_PCD_SuspendCallback
 .text.HAL_PCD_ResumeCallback
                0x08004a98        0x8 ./USB_DEVICE/Target/usbd_conf.o
                0x08004a98                HAL_PCD_ResumeCallback
 .text.USBD_LL_Init
                0x08004aa0       0x84 ./USB_DEVICE/Target/usbd_conf.o
                0x08004aa0                USBD_LL_Init
 .text.USBD_LL_Start
                0x08004b24       0x12 ./USB_DEVICE/Target/usbd_conf.o
                0x08004b24                USBD_LL_Start
 .text.USBD_LL_OpenEP
                0x08004b36       0x18 ./USB_DEVICE/Target/usbd_conf.o
                0x08004b36                USBD_LL_OpenEP
 .text.USBD_LL_CloseEP
                0x08004b4e       0x12 ./USB_DEVICE/Target/usbd_conf.o
                0x08004b4e                USBD_LL_CloseEP
 .text.USBD_LL_StallEP
                0x08004b60       0x12 ./USB_DEVICE/Target/usbd_conf.o
                0x08004b60                USBD_LL_StallEP
 .text.USBD_LL_ClearStallEP
                0x08004b72       0x12 ./USB_DEVICE/Target/usbd_conf.o
                0x08004b72                USBD_LL_ClearStallEP
 .text.USBD_LL_IsStallEP
                0x08004b84       0x24 ./USB_DEVICE/Target/usbd_conf.o
                0x08004b84                USBD_LL_IsStallEP
 .text.USBD_LL_SetUSBAddress
                0x08004ba8       0x12 ./USB_DEVICE/Target/usbd_conf.o
                0x08004ba8                USBD_LL_SetUSBAddress
 .text.USBD_LL_Transmit
                0x08004bba       0x12 ./USB_DEVICE/Target/usbd_conf.o
                0x08004bba                USBD_LL_Transmit
 .text.USBD_LL_PrepareReceive
                0x08004bcc       0x12 ./USB_DEVICE/Target/usbd_conf.o
                0x08004bcc                USBD_LL_PrepareReceive
 .text.USBD_LL_GetRxDataSize
                0x08004bde        0x8 ./USB_DEVICE/Target/usbd_conf.o
                0x08004bde                USBD_LL_GetRxDataSize
 *fill*         0x08004be6        0x2 
 .text.USBD_static_malloc
                0x08004be8        0x8 ./USB_DEVICE/Target/usbd_conf.o
                0x08004be8                USBD_static_malloc
 .text.USBD_static_free
                0x08004bf0        0x2 ./USB_DEVICE/Target/usbd_conf.o
                0x08004bf0                USBD_static_free
 .text.HAL_PCDEx_SetConnectionState
                0x08004bf2        0x2 ./USB_DEVICE/Target/usbd_conf.o
                0x08004bf2                HAL_PCDEx_SetConnectionState
 .text.memset   0x08004bf4       0x10 D:/Programs/STM32CubeIDE_1.13.1/STM32CubeIDE/plugins/com.st.stm32cube.ide.mcu.externaltools.gnu-tools-for-stm32.12.3.rel1.win32_1.0.100.202403111256/tools/bin/../lib/gcc/arm-none-eabi/12.3.1/../../../../arm-none-eabi/lib/thumb/v7-m/nofp\libc_nano.a(libc_a-memset.o)
                0x08004bf4                memset
 .text.__libc_init_array
                0x08004c04       0x48 D:/Programs/STM32CubeIDE_1.13.1/STM32CubeIDE/plugins/com.st.stm32cube.ide.mcu.externaltools.gnu-tools-for-stm32.12.3.rel1.win32_1.0.100.202403111256/tools/bin/../lib/gcc/arm-none-eabi/12.3.1/../../../../arm-none-eabi/lib/thumb/v7-m/nofp\libc_nano.a(libc_a-init.o)
                0x08004c04                __libc_init_array
 *(.glue_7)
 .glue_7        0x08004c4c        0x0 linker stubs
 *(.glue_7t)
 .glue_7t       0x08004c4c        0x0 linker stubs
 *(.eh_frame)
 .eh_frame      0x08004c4c        0x0 D:/Programs/STM32CubeIDE_1.13.1/STM32CubeIDE/plugins/com.st.stm32cube.ide.mcu.externaltools.gnu-tools-for-stm32.12.3.rel1.win32_1.0.100.202403111256/tools/bin/../lib/gcc/arm-none-eabi/12.3.1/thumb/v7-m/nofp/crtbegin.o
 *(.init)
 .init          0x08004c4c        0x4 D:/Programs/STM32CubeIDE_1.13.1/STM32CubeIDE/plugins/com.st.stm32cube.ide.mcu.externaltools.gnu-tools-for-stm32.12.3.rel1.win32_1.0.100.202403111256/tools/bin/../lib/gcc/arm-none-eabi/12.3.1/thumb/v7-m/nofp/crti.o
                0x08004c4c                _init
 .init          0x08004c50        0x8 D:/Programs/STM32CubeIDE_1.13.1/STM32CubeIDE/plugins/com.st.stm32cube.ide.mcu.externaltools.gnu-tools-for-stm32.12.3.rel1.win32_1.0.100.202403111256/tools/bin/../lib/gcc/arm-none-eabi/12.3.1/thumb/v7-m/nofp/crtn.o
 *(.fini)
 .fini          0x08004c58        0x4 D:/Programs/STM32CubeIDE_1.13.1/STM32CubeIDE/plugins/com.st.stm32cube.ide.mcu.externaltools.gnu-tools-for-stm32.12.3.rel1.win32_1.0.100.202403111256/tools/bin/../lib/gcc/arm-none-eabi/12.3.1/thumb/v7-m/nofp/crti.o
                0x08004c58                _fini
 .fini          0x08004c5c        0x8 D:/Programs/STM32CubeIDE_1.13.1/STM32CubeIDE/plugins/com.st.stm32cube.ide.mcu.externaltools.gnu-tools-for-stm32.12.3.rel1.win32_1.0.100.202403111256/tools/bin/../lib/gcc/arm-none-eabi/12.3.1/thumb/v7-m/nofp/crtn.o
                0x08004c64                        . = ALIGN (0x4)
                0x08004c64                        _etext = .

.vfp11_veneer   0x08004c64        0x0
 .vfp11_veneer  0x08004c64        0x0 linker stubs

.v4_bx          0x08004c64        0x0
 .v4_bx         0x08004c64        0x0 linker stubs

.iplt           0x08004c64        0x0
 .iplt          0x08004c64        0x0 D:/Programs/STM32CubeIDE_1.13.1/STM32CubeIDE/plugins/com.st.stm32cube.ide.mcu.externaltools.gnu-tools-for-stm32.12.3.rel1.win32_1.0.100.202403111256/tools/bin/../lib/gcc/arm-none-eabi/12.3.1/thumb/v7-m/nofp/crtbegin.o

.rodata         0x08004c64       0x6c
                0x08004c64                        . = ALIGN (0x4)
 *(.rodata)
 *(.rodata*)
 .rodata.APBPrescTable
                0x08004c64        0x8 ./Core/Src/system_stm32f1xx.o
                0x08004c64                APBPrescTable
 .rodata.AHBPrescTable
                0x08004c6c       0x10 ./Core/Src/system_stm32f1xx.o
                0x08004c6c                AHBPrescTable
 .rodata.aPredivFactorTable.0
                0x08004c7c        0x2 ./Drivers/STM32F1xx_HAL_Driver/Src/stm32f1xx_hal_rcc.o
 .rodata.aPLLMULFactorTable.1
                0x08004c7e       0x10 ./Drivers/STM32F1xx_HAL_Driver/Src/stm32f1xx_hal_rcc.o
 .rodata.USBD_FS_ManufacturerStrDescriptor.str1.1
                0x08004c8e       0x13 ./USB_DEVICE/App/usbd_desc.o
 .rodata.USBD_FS_ProductStrDescriptor.str1.1
                0x08004ca1       0x16 ./USB_DEVICE/App/usbd_desc.o
 .rodata.USBD_FS_ConfigStrDescriptor.str1.1
                0x08004cb7        0xb ./USB_DEVICE/App/usbd_desc.o
 .rodata.USBD_FS_InterfaceStrDescriptor.str1.1
                0x08004cc2        0xe ./USB_DEVICE/App/usbd_desc.o
                0x08004cd0                        . = ALIGN (0x4)

.ARM.extab      0x08004cd0        0x0
                0x08004cd0                        . = ALIGN (0x4)
 *(.ARM.extab* .gnu.linkonce.armextab.*)
                0x08004cd0                        . = ALIGN (0x4)

.ARM            0x08004cd0        0x8
                0x08004cd0                        . = ALIGN (0x4)
                0x08004cd0                        __exidx_start = .
 *(.ARM.exidx*)
 .ARM.exidx     0x08004cd0        0x8 D:/Programs/STM32CubeIDE_1.13.1/STM32CubeIDE/plugins/com.st.stm32cube.ide.mcu.externaltools.gnu-tools-for-stm32.12.3.rel1.win32_1.0.100.202403111256/tools/bin/../lib/gcc/arm-none-eabi/12.3.1/../../../../arm-none-eabi/lib/thumb/v7-m/nofp\libc_nano.a(libc_a-strlen.o)
                0x08004cd8                        __exidx_end = .
                0x08004cd8                        . = ALIGN (0x4)

.rel.dyn        0x08004cd8        0x0
 .rel.iplt      0x08004cd8        0x0 D:/Programs/STM32CubeIDE_1.13.1/STM32CubeIDE/plugins/com.st.stm32cube.ide.mcu.externaltools.gnu-tools-for-stm32.12.3.rel1.win32_1.0.100.202403111256/tools/bin/../lib/gcc/arm-none-eabi/12.3.1/thumb/v7-m/nofp/crtbegin.o

.preinit_array  0x08004cd8        0x0
                0x08004cd8                        . = ALIGN (0x4)
                0x08004cd8                        PROVIDE (__preinit_array_start = .)
 *(.preinit_array*)
                0x08004cd8                        PROVIDE (__preinit_array_end = .)
                0x08004cd8                        . = ALIGN (0x4)

.init_array     0x08004cd8        0x4
                0x08004cd8                        . = ALIGN (0x4)
                0x08004cd8                        PROVIDE (__init_array_start = .)
 *(SORT_BY_NAME(.init_array.*))
 *(.init_array*)
 .init_array    0x08004cd8        0x4 D:/Programs/STM32CubeIDE_1.13.1/STM32CubeIDE/plugins/com.st.stm32cube.ide.mcu.externaltools.gnu-tools-for-stm32.12.3.rel1.win32_1.0.100.202403111256/tools/bin/../lib/gcc/arm-none-eabi/12.3.1/thumb/v7-m/nofp/crtbegin.o
                0x08004cdc                        PROVIDE (__init_array_end = .)
                0x08004cdc                        . = ALIGN (0x4)

.fini_array     0x08004cdc        0x4
                0x08004cdc                        . = ALIGN (0x4)
                [!provide]                        PROVIDE (__fini_array_start = .)
 *(SORT_BY_NAME(.fini_array.*))
 *(.fini_array*)
 .fini_array    0x08004cdc        0x4 D:/Programs/STM32CubeIDE_1.13.1/STM32CubeIDE/plugins/com.st.stm32cube.ide.mcu.externaltools.gnu-tools-for-stm32.12.3.rel1.win32_1.0.100.202403111256/tools/bin/../lib/gcc/arm-none-eabi/12.3.1/thumb/v7-m/nofp/crtbegin.o
                [!provide]                        PROVIDE (__fini_array_end = .)
                0x08004ce0                        . = ALIGN (0x4)
                0x08004ce0                        _sidata = LOADADDR (.data)

.data           0x20000000      0x17c load address 0x08004ce0
                0x20000000                        . = ALIGN (0x4)
                0x20000000                        _sdata = .
 *(.data)
 *(.data*)
 .data.SystemCoreClock
                0x20000000        0x4 ./Core/Src/system_stm32f1xx.o
                0x20000000                SystemCoreClock
 .data.uwTickFreq
                0x20000004        0x1 ./Drivers/STM32F1xx_HAL_Driver/Src/stm32f1xx_hal.o
                0x20000004                uwTickFreq
 *fill*         0x20000005        0x3 
 .data.uwTickPrio
                0x20000008        0x4 ./Drivers/STM32F1xx_HAL_Driver/Src/stm32f1xx_hal.o
                0x20000008                uwTickPrio
 .data.USBD_CDC_OtherSpeedCfgDesc
                0x2000000c       0x43 ./Middlewares/ST/STM32_USB_Device_Library/Class/CDC/Src/usbd_cdc.o
                0x2000000c                USBD_CDC_OtherSpeedCfgDesc
 *fill*         0x2000004f        0x1 
 .data.USBD_CDC_CfgFSDesc
                0x20000050       0x43 ./Middlewares/ST/STM32_USB_Device_Library/Class/CDC/Src/usbd_cdc.o
                0x20000050                USBD_CDC_CfgFSDesc
 *fill*         0x20000093        0x1 
 .data.USBD_CDC_CfgHSDesc
                0x20000094       0x43 ./Middlewares/ST/STM32_USB_Device_Library/Class/CDC/Src/usbd_cdc.o
                0x20000094                USBD_CDC_CfgHSDesc
 *fill*         0x200000d7        0x1 
 .data.USBD_CDC
                0x200000d8       0x38 ./Middlewares/ST/STM32_USB_Device_Library/Class/CDC/Src/usbd_cdc.o
                0x200000d8                USBD_CDC
 .data.USBD_CDC_DeviceQualifierDesc
                0x20000110        0xa ./Middlewares/ST/STM32_USB_Device_Library/Class/CDC/Src/usbd_cdc.o
 *fill*         0x2000011a        0x2 
 .data.USBD_Interface_fops_FS
                0x2000011c       0x10 ./USB_DEVICE/App/usbd_cdc_if.o
                0x2000011c                USBD_Interface_fops_FS
 .data.USBD_StringSerial
                0x2000012c       0x1a ./USB_DEVICE/App/usbd_desc.o
                0x2000012c                USBD_StringSerial
 *fill*         0x20000146        0x2 
 .data.USBD_LangIDDesc
                0x20000148        0x4 ./USB_DEVICE/App/usbd_desc.o
                0x20000148                USBD_LangIDDesc
 .data.USBD_FS_DeviceDesc
                0x2000014c       0x12 ./USB_DEVICE/App/usbd_desc.o
                0x2000014c                USBD_FS_DeviceDesc
 *fill*         0x2000015e        0x2 
 .data.FS_Desc  0x20000160       0x1c ./USB_DEVICE/App/usbd_desc.o
                0x20000160                FS_Desc
 *(.RamFunc)
 *(.RamFunc*)
                0x2000017c                        . = ALIGN (0x4)
                0x2000017c                        _edata = .

.igot.plt       0x2000017c        0x0 load address 0x08004e5c
 .igot.plt      0x2000017c        0x0 D:/Programs/STM32CubeIDE_1.13.1/STM32CubeIDE/plugins/com.st.stm32cube.ide.mcu.externaltools.gnu-tools-for-stm32.12.3.rel1.win32_1.0.100.202403111256/tools/bin/../lib/gcc/arm-none-eabi/12.3.1/thumb/v7-m/nofp/crtbegin.o
                0x2000017c                        . = ALIGN (0x4)

.bss            0x2000017c      0xfd8 load address 0x08004e5c
                0x2000017c                        _sbss = .
                0x2000017c                        __bss_start__ = _sbss
 *(.bss)
 .bss           0x2000017c       0x1c D:/Programs/STM32CubeIDE_1.13.1/STM32CubeIDE/plugins/com.st.stm32cube.ide.mcu.externaltools.gnu-tools-for-stm32.12.3.rel1.win32_1.0.100.202403111256/tools/bin/../lib/gcc/arm-none-eabi/12.3.1/thumb/v7-m/nofp/crtbegin.o
 *(.bss*)
 .bss.nBytes.0  0x20000198        0x1 ./Core/Src/main.o
 *fill*         0x20000199        0x1 
 .bss.bufADC    0x2000019a       0x10 ./Core/Src/main.o
                0x2000019a                bufADC
 .bss.t500ms    0x200001aa        0x1 ./Core/Src/main.o
                0x200001aa                t500ms
 .bss.t100ms    0x200001ab        0x1 ./Core/Src/main.o
                0x200001ab                t100ms
 .bss.huart1    0x200001ac       0x48 ./Core/Src/main.o
                0x200001ac                huart1
 .bss.htim4     0x200001f4       0x48 ./Core/Src/main.o
                0x200001f4                htim4
 .bss.htim1     0x2000023c       0x48 ./Core/Src/main.o
                0x2000023c                htim1
 .bss.hi2c2     0x20000284       0x54 ./Core/Src/main.o
                0x20000284                hi2c2
 .bss.hdma_adc1
                0x200002d8       0x44 ./Core/Src/main.o
                0x200002d8                hdma_adc1
 .bss.hadc1     0x2000031c       0x30 ./Core/Src/main.o
                0x2000031c                hadc1
 .bss.myWord    0x2000034c        0x4 ./Core/Src/main.o
                0x2000034c                myWord
 .bss.ir        0x20000350       0x12 ./Core/Src/main.o
                0x20000350                ir
 .bss.flags1    0x20000362        0x1 ./Core/Src/main.o
                0x20000362                flags1
 .bss.datosComProtocol
                0x20000363      0x208 ./Core/Src/main.o
                0x20000363                datosComProtocol
 .bss.estadoProtocolo
                0x2000056b        0x1 ./Core/Src/main.o
                0x2000056b                estadoProtocolo
 .bss.uwTick    0x2000056c        0x4 ./Drivers/STM32F1xx_HAL_Driver/Src/stm32f1xx_hal.o
                0x2000056c                uwTick
 .bss.cfgidx.0  0x20000570        0x1 ./Middlewares/ST/STM32_USB_Device_Library/Core/Src/usbd_ctlreq.o
 *fill*         0x20000571        0x3 
 .bss.hUsbDeviceFS
                0x20000574      0x2c4 ./USB_DEVICE/App/usb_device.o
                0x20000574                hUsbDeviceFS
 .bss.aPtrFunRx
                0x20000838        0x4 ./USB_DEVICE/App/usbd_cdc_if.o
 .bss.mylineCodeBuf
                0x2000083c        0x7 ./USB_DEVICE/App/usbd_cdc_if.o
                0x2000083c                mylineCodeBuf
 .bss.UserTxBufferFS
                0x20000843      0x100 ./USB_DEVICE/App/usbd_cdc_if.o
                0x20000843                UserTxBufferFS
 .bss.UserRxBufferFS
                0x20000943      0x100 ./USB_DEVICE/App/usbd_cdc_if.o
                0x20000943                UserRxBufferFS
 *fill*         0x20000a43        0x1 
 .bss.USBD_StrDesc
                0x20000a44      0x200 ./USB_DEVICE/App/usbd_desc.o
                0x20000a44                USBD_StrDesc
 .bss.mem.0     0x20000c44      0x220 ./USB_DEVICE/Target/usbd_conf.o
 .bss.hpcd_USB_FS
                0x20000e64      0x2f0 ./USB_DEVICE/Target/usbd_conf.o
                0x20000e64                hpcd_USB_FS
 *(COMMON)
                0x20001154                        . = ALIGN (0x4)
                0x20001154                        _ebss = .
                0x20001154                        __bss_end__ = _ebss

._user_heap_stack
                0x20001154      0x604 load address 0x08004e5c
                0x20001158                        . = ALIGN (0x8)
 *fill*         0x20001154        0x4 
                [!provide]                        PROVIDE (end = .)
                0x20001158                        PROVIDE (_end = .)
                0x20001358                        . = (. + _Min_Heap_Size)
 *fill*         0x20001158      0x200 
                0x20001758                        . = (. + _Min_Stack_Size)
 *fill*         0x20001358      0x400 
                0x20001758                        . = ALIGN (0x8)

/DISCARD/
 libc.a(*)
 libm.a(*)
 libgcc.a(*)

.ARM.attributes
                0x00000000       0x29
 *(.ARM.attributes)
 .ARM.attributes
                0x00000000       0x1d D:/Programs/STM32CubeIDE_1.13.1/STM32CubeIDE/plugins/com.st.stm32cube.ide.mcu.externaltools.gnu-tools-for-stm32.12.3.rel1.win32_1.0.100.202403111256/tools/bin/../lib/gcc/arm-none-eabi/12.3.1/thumb/v7-m/nofp/crti.o
 .ARM.attributes
                0x0000001d       0x2d D:/Programs/STM32CubeIDE_1.13.1/STM32CubeIDE/plugins/com.st.stm32cube.ide.mcu.externaltools.gnu-tools-for-stm32.12.3.rel1.win32_1.0.100.202403111256/tools/bin/../lib/gcc/arm-none-eabi/12.3.1/thumb/v7-m/nofp/crtbegin.o
 .ARM.attributes
                0x0000004a       0x2d ./Core/Src/main.o
 .ARM.attributes
                0x00000077       0x2d ./Core/Src/stm32f1xx_hal_msp.o
 .ARM.attributes
                0x000000a4       0x2d ./Core/Src/stm32f1xx_it.o
 .ARM.attributes
                0x000000d1       0x2d ./Core/Src/system_stm32f1xx.o
 .ARM.attributes
                0x000000fe       0x21 ./Core/Startup/startup_stm32f103c8tx.o
 .ARM.attributes
                0x0000011f       0x2d ./Drivers/STM32F1xx_HAL_Driver/Src/stm32f1xx_hal.o
 .ARM.attributes
                0x0000014c       0x2d ./Drivers/STM32F1xx_HAL_Driver/Src/stm32f1xx_hal_adc.o
 .ARM.attributes
                0x00000179       0x2d ./Drivers/STM32F1xx_HAL_Driver/Src/stm32f1xx_hal_cortex.o
 .ARM.attributes
                0x000001a6       0x2d ./Drivers/STM32F1xx_HAL_Driver/Src/stm32f1xx_hal_dma.o
 .ARM.attributes
                0x000001d3       0x2d ./Drivers/STM32F1xx_HAL_Driver/Src/stm32f1xx_hal_gpio.o
 .ARM.attributes
                0x00000200       0x2d ./Drivers/STM32F1xx_HAL_Driver/Src/stm32f1xx_hal_i2c.o
 .ARM.attributes
                0x0000022d       0x2d ./Drivers/STM32F1xx_HAL_Driver/Src/stm32f1xx_hal_pcd.o
 .ARM.attributes
                0x0000025a       0x2d ./Drivers/STM32F1xx_HAL_Driver/Src/stm32f1xx_hal_pcd_ex.o
 .ARM.attributes
                0x00000287       0x2d ./Drivers/STM32F1xx_HAL_Driver/Src/stm32f1xx_hal_rcc.o
 .ARM.attributes
                0x000002b4       0x2d ./Drivers/STM32F1xx_HAL_Driver/Src/stm32f1xx_hal_rcc_ex.o
 .ARM.attributes
                0x000002e1       0x2d ./Drivers/STM32F1xx_HAL_Driver/Src/stm32f1xx_hal_tim.o
 .ARM.attributes
                0x0000030e       0x2d ./Drivers/STM32F1xx_HAL_Driver/Src/stm32f1xx_hal_tim_ex.o
 .ARM.attributes
                0x0000033b       0x2d ./Drivers/STM32F1xx_HAL_Driver/Src/stm32f1xx_hal_uart.o
 .ARM.attributes
                0x00000368       0x2d ./Drivers/STM32F1xx_HAL_Driver/Src/stm32f1xx_ll_usb.o
 .ARM.attributes
                0x00000395       0x2d ./Middlewares/ST/STM32_USB_Device_Library/Class/CDC/Src/usbd_cdc.o
 .ARM.attributes
                0x000003c2       0x2d ./Middlewares/ST/STM32_USB_Device_Library/Core/Src/usbd_core.o
 .ARM.attributes
                0x000003ef       0x2d ./Middlewares/ST/STM32_USB_Device_Library/Core/Src/usbd_ctlreq.o
 .ARM.attributes
                0x0000041c       0x2d ./Middlewares/ST/STM32_USB_Device_Library/Core/Src/usbd_ioreq.o
 .ARM.attributes
                0x00000449       0x2d ./USB_DEVICE/App/usb_device.o
 .ARM.attributes
                0x00000476       0x2d ./USB_DEVICE/App/usbd_cdc_if.o
 .ARM.attributes
                0x000004a3       0x2d ./USB_DEVICE/App/usbd_desc.o
 .ARM.attributes
                0x000004d0       0x2d ./USB_DEVICE/Target/usbd_conf.o
 .ARM.attributes
                0x000004fd       0x2d D:/Programs/STM32CubeIDE_1.13.1/STM32CubeIDE/plugins/com.st.stm32cube.ide.mcu.externaltools.gnu-tools-for-stm32.12.3.rel1.win32_1.0.100.202403111256/tools/bin/../lib/gcc/arm-none-eabi/12.3.1/../../../../arm-none-eabi/lib/thumb/v7-m/nofp\libc_nano.a(libc_a-memset.o)
 .ARM.attributes
                0x0000052a       0x2d D:/Programs/STM32CubeIDE_1.13.1/STM32CubeIDE/plugins/com.st.stm32cube.ide.mcu.externaltools.gnu-tools-for-stm32.12.3.rel1.win32_1.0.100.202403111256/tools/bin/../lib/gcc/arm-none-eabi/12.3.1/../../../../arm-none-eabi/lib/thumb/v7-m/nofp\libc_nano.a(libc_a-init.o)
 .ARM.attributes
                0x00000557       0x17 D:/Programs/STM32CubeIDE_1.13.1/STM32CubeIDE/plugins/com.st.stm32cube.ide.mcu.externaltools.gnu-tools-for-stm32.12.3.rel1.win32_1.0.100.202403111256/tools/bin/../lib/gcc/arm-none-eabi/12.3.1/../../../../arm-none-eabi/lib/thumb/v7-m/nofp\libc_nano.a(libc_a-strlen.o)
 .ARM.attributes
                0x0000056e       0x1d D:/Programs/STM32CubeIDE_1.13.1/STM32CubeIDE/plugins/com.st.stm32cube.ide.mcu.externaltools.gnu-tools-for-stm32.12.3.rel1.win32_1.0.100.202403111256/tools/bin/../lib/gcc/arm-none-eabi/12.3.1/thumb/v7-m/nofp/crtn.o
OUTPUT(1-BluePill.elf elf32-littlearm)
LOAD linker stubs
LOAD D:/Programs/STM32CubeIDE_1.13.1/STM32CubeIDE/plugins/com.st.stm32cube.ide.mcu.externaltools.gnu-tools-for-stm32.12.3.rel1.win32_1.0.100.202403111256/tools/bin/../lib/gcc/arm-none-eabi/12.3.1/../../../../arm-none-eabi/lib/thumb/v7-m/nofp\libc.a
LOAD D:/Programs/STM32CubeIDE_1.13.1/STM32CubeIDE/plugins/com.st.stm32cube.ide.mcu.externaltools.gnu-tools-for-stm32.12.3.rel1.win32_1.0.100.202403111256/tools/bin/../lib/gcc/arm-none-eabi/12.3.1/../../../../arm-none-eabi/lib/thumb/v7-m/nofp\libm.a
LOAD D:/Programs/STM32CubeIDE_1.13.1/STM32CubeIDE/plugins/com.st.stm32cube.ide.mcu.externaltools.gnu-tools-for-stm32.12.3.rel1.win32_1.0.100.202403111256/tools/bin/../lib/gcc/arm-none-eabi/12.3.1/thumb/v7-m/nofp\libgcc.a

.comment        0x00000000       0x43
 .comment       0x00000000       0x43 ./Core/Src/main.o
                                 0x44 (size before relaxing)
 .comment       0x00000043       0x44 ./Core/Src/stm32f1xx_hal_msp.o
 .comment       0x00000043       0x44 ./Core/Src/stm32f1xx_it.o
 .comment       0x00000043       0x44 ./Core/Src/system_stm32f1xx.o
 .comment       0x00000043       0x44 ./Drivers/STM32F1xx_HAL_Driver/Src/stm32f1xx_hal.o
 .comment       0x00000043       0x44 ./Drivers/STM32F1xx_HAL_Driver/Src/stm32f1xx_hal_adc.o
 .comment       0x00000043       0x44 ./Drivers/STM32F1xx_HAL_Driver/Src/stm32f1xx_hal_cortex.o
 .comment       0x00000043       0x44 ./Drivers/STM32F1xx_HAL_Driver/Src/stm32f1xx_hal_dma.o
 .comment       0x00000043       0x44 ./Drivers/STM32F1xx_HAL_Driver/Src/stm32f1xx_hal_gpio.o
 .comment       0x00000043       0x44 ./Drivers/STM32F1xx_HAL_Driver/Src/stm32f1xx_hal_i2c.o
 .comment       0x00000043       0x44 ./Drivers/STM32F1xx_HAL_Driver/Src/stm32f1xx_hal_pcd.o
 .comment       0x00000043       0x44 ./Drivers/STM32F1xx_HAL_Driver/Src/stm32f1xx_hal_pcd_ex.o
 .comment       0x00000043       0x44 ./Drivers/STM32F1xx_HAL_Driver/Src/stm32f1xx_hal_rcc.o
 .comment       0x00000043       0x44 ./Drivers/STM32F1xx_HAL_Driver/Src/stm32f1xx_hal_rcc_ex.o
 .comment       0x00000043       0x44 ./Drivers/STM32F1xx_HAL_Driver/Src/stm32f1xx_hal_tim.o
 .comment       0x00000043       0x44 ./Drivers/STM32F1xx_HAL_Driver/Src/stm32f1xx_hal_tim_ex.o
 .comment       0x00000043       0x44 ./Drivers/STM32F1xx_HAL_Driver/Src/stm32f1xx_hal_uart.o
 .comment       0x00000043       0x44 ./Drivers/STM32F1xx_HAL_Driver/Src/stm32f1xx_ll_usb.o
 .comment       0x00000043       0x44 ./Middlewares/ST/STM32_USB_Device_Library/Class/CDC/Src/usbd_cdc.o
 .comment       0x00000043       0x44 ./Middlewares/ST/STM32_USB_Device_Library/Core/Src/usbd_core.o
 .comment       0x00000043       0x44 ./Middlewares/ST/STM32_USB_Device_Library/Core/Src/usbd_ctlreq.o
 .comment       0x00000043       0x44 ./Middlewares/ST/STM32_USB_Device_Library/Core/Src/usbd_ioreq.o
 .comment       0x00000043       0x44 ./USB_DEVICE/App/usb_device.o
 .comment       0x00000043       0x44 ./USB_DEVICE/App/usbd_cdc_if.o
 .comment       0x00000043       0x44 ./USB_DEVICE/App/usbd_desc.o
 .comment       0x00000043       0x44 ./USB_DEVICE/Target/usbd_conf.o

.debug_frame    0x00000000       0x4c
 .debug_frame   0x00000000       0x20 D:/Programs/STM32CubeIDE_1.13.1/STM32CubeIDE/plugins/com.st.stm32cube.ide.mcu.externaltools.gnu-tools-for-stm32.12.3.rel1.win32_1.0.100.202403111256/tools/bin/../lib/gcc/arm-none-eabi/12.3.1/../../../../arm-none-eabi/lib/thumb/v7-m/nofp\libc_nano.a(libc_a-memset.o)
 .debug_frame   0x00000020       0x2c D:/Programs/STM32CubeIDE_1.13.1/STM32CubeIDE/plugins/com.st.stm32cube.ide.mcu.externaltools.gnu-tools-for-stm32.12.3.rel1.win32_1.0.100.202403111256/tools/bin/../lib/gcc/arm-none-eabi/12.3.1/../../../../arm-none-eabi/lib/thumb/v7-m/nofp\libc_nano.a(libc_a-init.o)
